
> Configure project :app
WARNING: The option setting 'android.disallowKotlinSourceSets=false' is experimental.
The current default is 'true'.

> Task :app:preBuild UP-TO-DATE
> Task :app:preDebugBuild UP-TO-DATE
> Task :app:mergeDebugNativeDebugMetadata NO-SOURCE
> Task :app:generateDebugBuildConfig UP-TO-DATE
> Task :app:generateDebugResources UP-TO-DATE
> Task :app:processDebugGoogleServices UP-TO-DATE
> Task :app:packageDebugResources UP-TO-DATE
> Task :app:processDebugNavigationResources UP-TO-DATE
> Task :app:parseDebugLocalResources UP-TO-DATE
> Task :app:generateDebugRFile UP-TO-DATE
> Task :app:kspDebugKotlin UP-TO-DATE
> Task :app:javaPreCompileDebug UP-TO-DATE
> Task :app:generateDebugAssets UP-TO-DATE
> Task :app:mergeDebugAssets UP-TO-DATE
> Task :app:compressDebugAssets UP-TO-DATE
> Task :app:checkDebugDuplicateClasses UP-TO-DATE
> Task :app:desugarDebugFileDependencies UP-TO-DATE
> Task :app:mergeExtDexDebug UP-TO-DATE
> Task :app:mergeLibDexDebug UP-TO-DATE
> Task :app:checkDebugAarMetadata UP-TO-DATE
> Task :app:compileDebugNavigationResources UP-TO-DATE
> Task :app:mapDebugSourceSetPaths UP-TO-DATE
> Task :app:mergeDebugResources UP-TO-DATE
> Task :app:createDebugCompatibleScreenManifests UP-TO-DATE
> Task :app:extractDeepLinksDebug UP-TO-DATE
> Task :app:processDebugMainManifest UP-TO-DATE
> Task :app:processDebugManifest UP-TO-DATE
> Task :app:processDebugManifestForPackage UP-TO-DATE
> Task :app:processDebugResources UP-TO-DATE
> Task :app:mergeDebugJniLibFolders UP-TO-DATE
> Task :app:mergeDebugNativeLibs UP-TO-DATE
> Task :app:stripDebugDebugSymbols UP-TO-DATE
> Task :app:validateSigningDebug UP-TO-DATE
> Task :app:writeDebugAppMetadata UP-TO-DATE
> Task :app:writeDebugSigningConfigVersions UP-TO-DATE

> Task :app:compileDebugKotlin
./gradlew : e: file:///C:/Us
ers/sm273/AndroidStudioProje
cts/ChatApp/app/src/main/jav
a/com/example/chatapp/data/r
epository/AuthRepository.kt:
220:6 Syntax error: 
Expecting member 
declaration.
At line:1 char:63
+ ... tudio\jbr"; ./gradlew 
assembleDebug 
--console=plain > 
build_output.tx ...
+                 ~~~~~~~~~~
~~~~~~~~~~~~~~~~~~~~~~~~~~~~
~~~~~~~~~~~~~~~~~~~
    + CategoryInfo          
    : NotSpecified: (e: fi  
  le:///C:/U...er declara   
 tion.:String) [], Remot    
eException
    + FullyQualifiedErrorId 
    : NativeCommandError
 
e: file:///C:/Users/sm273/An
droidStudioProjects/ChatApp/
app/src/main/java/com/exampl
e/chatapp/data/repository/Au
thRepository.kt:220:8 
Syntax error: Expecting 
member declaration.
e: file:///C:/Users/sm273/An
droidStudioProjects/ChatApp/
app/src/main/java/com/exampl
e/chatapp/data/repository/Au
thRepository.kt:220:11 
Syntax error: Expecting 
member declaration.
e: file:///C:/Users/sm273/An
droidStudioProjects/ChatApp/
app/src/main/java/com/exampl
e/chatapp/data/repository/Au
thRepository.kt:220:13 
Syntax error: Expecting 
member declaration.
e: file:///C:/Users/sm273/An
droidStudioProjects/ChatApp/
app/src/main/java/com/exampl
e/chatapp/data/repository/Au
thRepository.kt:220:18 
Syntax error: Expecting 
member declaration.
e: file:///C:/Users/sm273/An
droidStudioProjects/ChatApp/
app/src/main/java/com/exampl
e/chatapp/data/repository/Au
thRepository.kt:220:28 
Syntax error: Expecting 
member declaration.
e: file:///C:/Users/sm273/An
droidStudioProjects/ChatApp/
app/src/main/java/com/exampl
e/chatapp/data/repository/Au
thRepository.kt:220:30 
Syntax error: Expecting 
member declaration.
e: file:///C:/Users/sm273/An
droidStudioProjects/ChatApp/
app/src/main/java/com/exampl
e/chatapp/data/repository/Au
thRepository.kt:220:36 
Syntax error: Expecting 
member declaration.
e: file:///C:/Users/sm273/An
droidStudioProjects/ChatApp/
app/src/main/java/com/exampl
e/chatapp/data/repository/Au
thRepository.kt:220:49 
Syntax error: Expecting 
member declaration.
e: file:///C:/Users/sm273/An
droidStudioProjects/ChatApp/
app/src/main/java/com/exampl
e/chatapp/data/repository/Au
thRepository.kt:220:55 
Syntax error: Expecting 
member declaration.
e: file:///C:/Users/sm273/An
droidStudioProjects/ChatApp/
app/src/main/java/com/exampl
e/chatapp/data/repository/Au
thRepository.kt:220:58 
Syntax error: Expecting 
member declaration.
e: file:///C:/Users/sm273/An
droidStudioProjects/ChatApp/
app/src/main/java/com/exampl
e/chatapp/data/repository/Au
thRepository.kt:220:63 
Syntax error: Expecting 
member declaration.
e: file:///C:/Users/sm273/An
droidStudioProjects/ChatApp/
app/src/main/java/com/exampl
e/chatapp/data/repository/Au
thRepository.kt:220:65 
Syntax error: Expecting 
member declaration.
e: file:///C:/Users/sm273/An
droidStudioProjects/ChatApp/
app/src/main/java/com/exampl
e/chatapp/data/repository/Au
thRepository.kt:220:69 
Syntax error: Expecting 
member declaration.
e: file:///C:/Users/sm273/An
droidStudioProjects/ChatApp/
app/src/main/java/com/exampl
e/chatapp/data/repository/Au
thRepository.kt:220:75 
Syntax error: Expecting 
member declaration.
e: file:///C:/Users/sm273/An
droidStudioProjects/ChatApp/
app/src/main/java/com/exampl
e/chatapp/data/repository/Au
thRepository.kt:220:83 
Syntax error: Expecting 
member declaration.
e: file:///C:/Users/sm273/An
droidStudioProjects/ChatApp/
app/src/main/java/com/exampl
e/chatapp/data/repository/Au
thRepository.kt:220:89 
Syntax error: Expecting 
member declaration.
e: file:///C:/Users/sm273/An
droidStudioProjects/ChatApp/
app/src/main/java/com/exampl
e/chatapp/data/repository/Au
thRepository.kt:220:99 
Syntax error: Expecting 
member declaration.
e: file:///C:/Users/sm273/An
droidStudioProjects/ChatApp/
app/src/main/java/com/exampl
e/chatapp/data/repository/Au
thRepository.kt:220:103 
Syntax error: Expecting 
member declaration.
e: file:///C:/Users/sm273/An
droidStudioProjects/ChatApp/
app/src/main/java/com/exampl
e/chatapp/data/repository/Au
thRepository.kt:220:108 
Syntax error: Expecting 
member declaration.
e: file:///C:/Users/sm273/An
droidStudioProjects/ChatApp/
app/src/main/java/com/exampl
e/chatapp/data/repository/Au
thRepository.kt:221:6 
Syntax error: Expecting 
member declaration.
e: file:///C:/Users/sm273/An
droidStudioProjects/ChatApp/
app/src/main/java/com/exampl
e/chatapp/data/repository/Au
thRepository.kt:221:8 
Syntax error: Expecting 
member declaration.
e: file:///C:/Users/sm273/An
droidStudioProjects/ChatApp/
app/src/main/java/com/exampl
e/chatapp/data/repository/Au
thRepository.kt:221:13 
Syntax error: Expecting 
member declaration.
e: file:///C:/Users/sm273/An
droidStudioProjects/ChatApp/
app/src/main/java/com/exampl
e/chatapp/data/repository/Au
thRepository.kt:221:18 
Syntax error: Expecting 
member declaration.
e: file:///C:/Users/sm273/An
droidStudioProjects/ChatApp/
app/src/main/java/com/exampl
e/chatapp/data/repository/Au
thRepository.kt:221:22 
Syntax error: Expecting 
member declaration.
e: file:///C:/Users/sm273/An
droidStudioProjects/ChatApp/
app/src/main/java/com/exampl
e/chatapp/data/repository/Au
thRepository.kt:221:25 
Syntax error: Expecting 
member declaration.
e: file:///C:/Users/sm273/An
droidStudioProjects/ChatApp/
app/src/main/java/com/exampl
e/chatapp/data/repository/Au
thRepository.kt:221:34 
Syntax error: Expecting 
member declaration.
e: file:///C:/Users/sm273/An
droidStudioProjects/ChatApp/
app/src/main/java/com/exampl
e/chatapp/data/repository/Au
thRepository.kt:221:38 
Syntax error: Expecting 
member declaration.
e: file:///C:/Users/sm273/An
droidStudioProjects/ChatApp/
app/src/main/java/com/exampl
e/chatapp/data/repository/Au
thRepository.kt:221:43 
Syntax error: Expecting 
member declaration.
e: file:///C:/Users/sm273/An
droidStudioProjects/ChatApp/
app/src/main/java/com/exampl
e/chatapp/data/repository/Au
thRepository.kt:221:48 
Syntax error: Expecting 
member declaration.
e: file:///C:/Users/sm273/An
droidStudioProjects/ChatApp/
app/src/main/java/com/exampl
e/chatapp/data/repository/Au
thRepository.kt:221:50 
Syntax error: Expecting 
member declaration.
e: file:///C:/Users/sm273/An
droidStudioProjects/ChatApp/
app/src/main/java/com/exampl
e/chatapp/data/repository/Au
thRepository.kt:221:53 
Syntax error: Expecting 
member declaration.
e: file:///C:/Users/sm273/An
droidStudioProjects/ChatApp/
app/src/main/java/com/exampl
e/chatapp/data/repository/Au
thRepository.kt:221:60 
Syntax error: Expecting 
member declaration.
e: file:///C:/Users/sm273/An
droidStudioProjects/ChatApp/
app/src/main/java/com/exampl
e/chatapp/data/repository/Au
thRepository.kt:221:72 
Syntax error: Expecting 
member declaration.
e: file:///C:/Users/sm273/An
droidStudioProjects/ChatApp/
app/src/main/java/com/exampl
e/chatapp/data/repository/Au
thRepository.kt:222:6 
Syntax error: Expecting 
member declaration.
e: file:///C:/Users/sm273/An
droidStudioProjects/ChatApp/
app/src/main/java/com/exampl
e/chatapp/data/repository/Au
thRepository.kt:222:8 
Syntax error: Expecting 
member declaration.
e: file:///C:/Users/sm273/An
droidStudioProjects/ChatApp/
app/src/main/java/com/exampl
e/chatapp/data/repository/Au
thRepository.kt:222:11 
Syntax error: Expecting 
member declaration.
e: file:///C:/Users/sm273/An
droidStudioProjects/ChatApp/
app/src/main/java/com/exampl
e/chatapp/data/repository/Au
thRepository.kt:222:17 
Syntax error: Expecting 
member declaration.
e: file:///C:/Users/sm273/An
droidStudioProjects/ChatApp/
app/src/main/java/com/exampl
e/chatapp/data/repository/Au
thRepository.kt:222:27 
Syntax error: Expecting 
member declaration.
e: file:///C:/Users/sm273/An
droidStudioProjects/ChatApp/
app/src/main/java/com/exampl
e/chatapp/data/repository/Au
thRepository.kt:222:30 
Syntax error: Expecting 
member declaration.
e: file:///C:/Users/sm273/An
droidStudioProjects/ChatApp/
app/src/main/java/com/exampl
e/chatapp/data/repository/Au
thRepository.kt:222:40 
Syntax error: Expecting 
member declaration.
e: file:///C:/Users/sm273/An
droidStudioProjects/ChatApp/
app/src/main/java/com/exampl
e/chatapp/data/repository/Au
thRepository.kt:222:42 
Syntax error: Expecting 
member declaration.
e: file:///C:/Users/sm273/An
droidStudioProjects/ChatApp/
app/src/main/java/com/exampl
e/chatapp/data/repository/Au
thRepository.kt:222:47 
Syntax error: Expecting 
member declaration.
e: file:///C:/Users/sm273/An
droidStudioProjects/ChatApp/
app/src/main/java/com/exampl
e/chatapp/data/repository/Au
thRepository.kt:222:51 
Syntax error: Expecting 
member declaration.
e: file:///C:/Users/sm273/An
droidStudioProjects/ChatApp/
app/src/main/java/com/exampl
e/chatapp/data/repository/Au
thRepository.kt:222:55 
Syntax error: Expecting 
member declaration.
e: file:///C:/Users/sm273/An
droidStudioProjects/ChatApp/
app/src/main/java/com/exampl
e/chatapp/data/repository/Au
thRepository.kt:222:56 
Syntax error: Expecting 
member declaration.
e: file:///C:/Users/sm273/An
droidStudioProjects/ChatApp/
app/src/main/java/com/exampl
e/chatapp/data/repository/Au
thRepository.kt:222:61 
Syntax error: Expecting 
member declaration.
e: file:///C:/Users/sm273/An
droidStudioProjects/ChatApp/
app/src/main/java/com/exampl
e/chatapp/data/repository/Au
thRepository.kt:222:68 
Syntax error: Expecting 
member declaration.
e: file:///C:/Users/sm273/An
droidStudioProjects/ChatApp/
app/src/main/java/com/exampl
e/chatapp/data/repository/Au
thRepository.kt:222:78 
Syntax error: Expecting 
member declaration.
e: file:///C:/Users/sm273/An
droidStudioProjects/ChatApp/
app/src/main/java/com/exampl
e/chatapp/data/repository/Au
thRepository.kt:222:80 
Syntax error: Expecting 
member declaration.
e: file:///C:/Users/sm273/An
droidStudioProjects/ChatApp/
app/src/main/java/com/exampl
e/chatapp/data/repository/Au
thRepository.kt:222:84 
Syntax error: Expecting 
member declaration.
e: file:///C:/Users/sm273/An
droidStudioProjects/ChatApp/
app/src/main/java/com/exampl
e/chatapp/data/repository/Au
thRepository.kt:222:89 
Syntax error: Expecting 
member declaration.
e: file:///C:/Users/sm273/An
droidStudioProjects/ChatApp/
app/src/main/java/com/exampl
e/chatapp/data/repository/Au
thRepository.kt:222:91 
Syntax error: Expecting 
member declaration.
e: file:///C:/Users/sm273/An
droidStudioProjects/ChatApp/
app/src/main/java/com/exampl
e/chatapp/data/repository/Au
thRepository.kt:222:92 
Syntax error: Expecting 
member declaration.
e: file:///C:/Users/sm273/An
droidStudioProjects/ChatApp/
app/src/main/java/com/exampl
e/chatapp/data/repository/Au
thRepository.kt:222:101 
Syntax error: Expecting 
member declaration.
e: file:///C:/Users/sm273/An
droidStudioProjects/ChatApp/
app/src/main/java/com/exampl
e/chatapp/data/repository/Au
thRepository.kt:222:107 
Syntax error: Expecting 
member declaration.
e: file:///C:/Users/sm273/An
droidStudioProjects/ChatApp/
app/src/main/java/com/exampl
e/chatapp/data/repository/Au
thRepository.kt:222:111 
Syntax error: Expecting 
member declaration.
e: file:///C:/Users/sm273/An
droidStudioProjects/ChatApp/
app/src/main/java/com/exampl
e/chatapp/data/repository/Au
thRepository.kt:223:6 
Syntax error: Expecting 
member declaration.
e: file:///C:/Users/sm273/An
droidStudioProjects/ChatApp/
app/src/main/java/com/exampl
e/chatapp/data/repository/Au
thRepository.kt:223:7 
Syntax error: Expecting 
member declaration.

> Task :app:compileDebugKotlin FAILED

FAILURE: Build failed with 
an exception.

* What went wrong:
Execution failed for task 
':app:compileDebugKotlin'.
> A failure occurred while 
executing org.jetbrains.kotl
in.compilerRunner.GradleComp
ilerRunnerWithWorkers$Gradle
KotlinCompilerWorkAction
   > Compilation error. See 
log for more details

* Try:
> Run with --stacktrace 
option to get the stack 
trace.
> Run with --info or 
--debug option to get more 
log output.
> Run with --scan to 
generate a Build Scan 
(Powered by Develocity).
> Get more help at 
https://help.gradle.org.

BUILD FAILED in 12s
32 actionable tasks: 1 executed, 31 up-to-date
