03-09 01:23:52.362   919   929 I artd    : GetBestInfo: odex next to the dex file (/data/app/~~yEW5pWbYu2w5n5JzdwoGcg==/com.google.android.gms-gFlHq_U2kQ3iP-7gMcMp7w==/oat/x86_64/split_DynamiteModulesC_installtime.odex) is kOatUpToDate with filter 'speed' executable 'false'
03-09 01:23:52.364   919   929 I artd    : GetBestInfo: odex next to the dex file (/data/app/~~yEW5pWbYu2w5n5JzdwoGcg==/com.google.android.gms-gFlHq_U2kQ3iP-7gMcMp7w==/oat/x86_64/split_GoogleCertificates_installtime.odex) is kOatUpToDate with filter 'speed' executable 'false'
03-09 01:23:52.366   919   929 I artd    : GetBestInfo: odex next to the dex file (/data/app/~~yEW5pWbYu2w5n5JzdwoGcg==/com.google.android.gms-gFlHq_U2kQ3iP-7gMcMp7w==/oat/x86_64/split_MapsDynamite_installtime.odex) is kOatUpToDate with filter 'speed' executable 'false'
03-09 01:23:52.368   919   929 I artd    : GetBestInfo: odex next to the dex file (/data/app/~~yEW5pWbYu2w5n5JzdwoGcg==/com.google.android.gms-gFlHq_U2kQ3iP-7gMcMp7w==/oat/x86_64/split_MeasurementDynamite_installtime.odex) is kOatUpToDate with filter 'speed' executable 'false'
03-09 01:23:52.370   919   929 I artd    : GetBestInfo: odex next to the dex file (/data/app/~~yEW5pWbYu2w5n5JzdwoGcg==/com.google.android.gms-gFlHq_U2kQ3iP-7gMcMp7w==/oat/x86_64/split_all_locale_splits.odex) is kOatUpToDate with filter 'speed' executable 'false'
03-09 01:23:52.372   919   929 I artd    : GetBestInfo: /data/app/~~yEW5pWbYu2w5n5JzdwoGcg==/com.google.android.gms-gFlHq_U2kQ3iP-7gMcMp7w==/split_maps_core_dynamite_ondemand.apk has no usable artifacts
03-09 01:23:52.373   919   929 W artd    : Could not get dex checksums for location /data/app/~~Da373jqV-LH-m_TB9UU-LQ==/com.google.android.gms-vL_Ca1iNV8hMiPmeZ_b9Xg==/base.apk, fd=-1
03-09 01:23:52.375   919   929 I artd    : GetBestInfo: /data/user_de/0/com.google.android.gms/app_chimera/m/00000009/dl-VisionOcr.optional_250834100000.apk has no usable artifacts
03-09 01:23:52.375   919   929 I artd    : GetBestInfo: /data/user_de/0/com.google.android.gms/app_chimera/m/00000001/CronetDynamite.apk has no usable artifacts
03-09 01:23:52.376   919   929 W artd    : Could not get dex checksums for location /data/app/~~Da373jqV-LH-m_TB9UU-LQ==/com.google.android.gms-vL_Ca1iNV8hMiPmeZ_b9Xg==/base.apk, fd=-1
03-09 01:23:52.377   919   929 W artd    : Could not get dex checksums for location /data/app/~~Da373jqV-LH-m_TB9UU-LQ==/com.google.android.gms-vL_Ca1iNV8hMiPmeZ_b9Xg==/base.apk, fd=-1
03-09 01:23:52.378   919   929 I artd    : GetBestInfo: /data/user_de/0/com.google.android.gms/app_chimera/m/00000002/DynamiteLoader.apk has no usable artifacts
03-09 01:23:52.379   919   929 W artd    : Could not get dex checksums for location /data/app/~~Da373jqV-LH-m_TB9UU-LQ==/com.google.android.gms-vL_Ca1iNV8hMiPmeZ_b9Xg==/base.apk, fd=-1
03-09 01:23:52.380   919   929 W artd    : Could not get dex checksums for location /data/app/~~Da373jqV-LH-m_TB9UU-LQ==/com.google.android.gms-vL_Ca1iNV8hMiPmeZ_b9Xg==/base.apk, fd=-1
03-09 01:23:52.382   919   929 I artd    : GetBestInfo: /data/user_de/0/com.google.android.gms/app_chimera/m/00000005/GoogleCertificates.apk has no usable artifacts
03-09 01:23:52.382   919   929 W artd    : Could not get dex checksums for location /data/app/~~Da373jqV-LH-m_TB9UU-LQ==/com.google.android.gms-vL_Ca1iNV8hMiPmeZ_b9Xg==/base.apk, fd=-1
03-09 01:23:52.383   919   929 W artd    : Could not get dex checksums for location /data/app/~~Da373jqV-LH-m_TB9UU-LQ==/com.google.android.gms-vL_Ca1iNV8hMiPmeZ_b9Xg==/base.apk, fd=-1
03-09 01:23:52.384   919   929 W artd    : Could not get dex checksums for location /data/app/~~Da373jqV-LH-m_TB9UU-LQ==/com.google.android.gms-vL_Ca1iNV8hMiPmeZ_b9Xg==/base.apk, fd=-1
03-09 01:23:52.385   919   929 W artd    : Could not get dex checksums for location /data/app/~~Da373jqV-LH-m_TB9UU-LQ==/com.google.android.gms-vL_Ca1iNV8hMiPmeZ_b9Xg==/base.apk, fd=-1
03-09 01:23:52.386   919   929 W artd    : Could not get dex checksums for location /data/app/~~Da373jqV-LH-m_TB9UU-LQ==/com.google.android.gms-vL_Ca1iNV8hMiPmeZ_b9Xg==/base.apk, fd=-1
03-09 01:23:52.387   919   929 W artd    : Could not get dex checksums for location /data/app/~~Da373jqV-LH-m_TB9UU-LQ==/com.google.android.gms-vL_Ca1iNV8hMiPmeZ_b9Xg==/base.apk, fd=-1
03-09 01:23:52.389   919   929 I artd    : GetBestInfo: /data/user_de/0/com.google.android.gms/app_chimera/m/00000008/dl-MlkitOcrCommon.optional_250834100800.apk has no usable artifacts
03-09 01:23:52.390   919   929 W artd    : Could not get dex checksums for location /data/app/~~6kpW9_tVLFGX9XOf0H-Vgw==/com.android.vending-SvkSTJdxogsE4a8ru2WUhw==/base.apk, fd=-1
03-09 01:23:53.962  1508  1818 D SatelliteController: iisInCarrierRoamingNbIotNtn: satellite is disabled
03-09 01:23:53.962   716  2925 W IPCThreadState: Sending oneway calls to frozen process.
03-09 01:23:54.770   804  9431 I AlarmManager: setExactAndAllowWhileIdle [name: GCM_HB_ALARM type: 2 triggerAtMillis: 91572632]
03-09 01:23:54.787   804  9431 W WakeLock: GCM_HB_ALARM release without a matched acquire! [CONTEXT service_id=259 ]
03-09 01:23:54.806   804  9431 W WakeLock: GCM_HB_ALARM release without a matched acquire! [CONTEXT service_id=259 ]
03-09 01:23:54.806   804  9431 W WakeLock: GCM_HB_ALARM counter does not exist
03-09 01:23:54.858   804  8823 I TrafficStats: tagSocketFd(-1, 1031, -1) failed with errno-9
03-09 01:23:55.103   804  9431 I AlarmManager: setExactAndAllowWhileIdle [name: GCM_HB_ALARM type: 2 triggerAtMillis: 91812966]
03-09 01:23:55.245   804  9431 I AlarmManager: setExactAndAllowWhileIdle [name: GCM_HB_ALARM type: 2 triggerAtMillis: 91813108]
03-09 01:23:55.259   804  9431 I AlarmManager: setExactAndAllowWhileIdle [name: GCM_HB_ALARM type: 2 triggerAtMillis: 91813122]
03-09 01:23:55.777   804   804 D BoundBrokerSvc: onRebind: Intent { act=com.google.android.gms.libs.gmscorelogger.service.START dat=chimera-action:/... xflg=0x4 cmp=com.google.android.gms/.chimera.PersistentDirectBootAwareApiService }
03-09 01:24:02.222  9438  9438 W dumpsys : Thread Pool max thread count is 0. Cannot cache binder as linkToDeath cannot be implemented. serviceName: package
03-09 01:24:02.410   716   740 I system_server: Background concurrent mark compact GC freed 25MB AllocSpace bytes, 13(260KB) LOS objects, 40% free, 35MB/59MB, paused 5.796ms,5.466ms total 181.229ms
03-09 01:24:02.417   919   929 I artd    : GetBestInfo: odex next to the dex file (/data/app/~~yEW5pWbYu2w5n5JzdwoGcg==/com.google.android.gms-gFlHq_U2kQ3iP-7gMcMp7w==/oat/x86_64/base.odex) is kOatUpToDate with filter 'speed-profile' executable 'false'
03-09 01:24:02.420   919   929 I artd    : GetBestInfo: odex next to the dex file (/data/app/~~yEW5pWbYu2w5n5JzdwoGcg==/com.google.android.gms-gFlHq_U2kQ3iP-7gMcMp7w==/oat/x86_64/split_AdsDynamite_installtime.odex) is kOatUpToDate with filter 'speed' executable 'false'
03-09 01:24:02.422   919   929 I artd    : GetBestInfo: odex next to the dex file (/data/app/~~yEW5pWbYu2w5n5JzdwoGcg==/com.google.android.gms-gFlHq_U2kQ3iP-7gMcMp7w==/oat/x86_64/split_CronetDynamite_installtime.odex) is kOatUpToDate with filter 'speed-profile' executable 'false'
03-09 01:24:02.424   919   929 I artd    : GetBestInfo: odex next to the dex file (/data/app/~~yEW5pWbYu2w5n5JzdwoGcg==/com.google.android.gms-gFlHq_U2kQ3iP-7gMcMp7w==/oat/x86_64/split_DynamiteLoader_installtime.odex) is kOatUpToDate with filter 'speed' executable 'false'
03-09 01:24:02.426   919   929 I artd    : GetBestInfo: odex next to the dex file (/data/app/~~yEW5pWbYu2w5n5JzdwoGcg==/com.google.android.gms-gFlHq_U2kQ3iP-7gMcMp7w==/oat/x86_64/split_DynamiteModulesA_installtime.odex) is kOatUpToDate with filter 'speed' executable 'false'
03-09 01:24:02.429   919   929 I artd    : GetBestInfo: odex next to the dex file (/data/app/~~yEW5pWbYu2w5n5JzdwoGcg==/com.google.android.gms-gFlHq_U2kQ3iP-7gMcMp7w==/oat/x86_64/split_DynamiteModulesC_installtime.odex) is kOatUpToDate with filter 'speed' executable 'false'
03-09 01:24:02.431   919   929 I artd    : GetBestInfo: odex next to the dex file (/data/app/~~yEW5pWbYu2w5n5JzdwoGcg==/com.google.android.gms-gFlHq_U2kQ3iP-7gMcMp7w==/oat/x86_64/split_GoogleCertificates_installtime.odex) is kOatUpToDate with filter 'speed' executable 'false'
03-09 01:24:02.433   919   929 I artd    : GetBestInfo: odex next to the dex file (/data/app/~~yEW5pWbYu2w5n5JzdwoGcg==/com.google.android.gms-gFlHq_U2kQ3iP-7gMcMp7w==/oat/x86_64/split_MapsDynamite_installtime.odex) is kOatUpToDate with filter 'speed' executable 'false'
03-09 01:24:02.436   919   929 I artd    : GetBestInfo: odex next to the dex file (/data/app/~~yEW5pWbYu2w5n5JzdwoGcg==/com.google.android.gms-gFlHq_U2kQ3iP-7gMcMp7w==/oat/x86_64/split_MeasurementDynamite_installtime.odex) is kOatUpToDate with filter 'speed' executable 'false'
03-09 01:24:02.438   919   929 I artd    : GetBestInfo: odex next to the dex file (/data/app/~~yEW5pWbYu2w5n5JzdwoGcg==/com.google.android.gms-gFlHq_U2kQ3iP-7gMcMp7w==/oat/x86_64/split_all_locale_splits.odex) is kOatUpToDate with filter 'speed' executable 'false'
03-09 01:24:02.439   919   929 I artd    : GetBestInfo: /data/app/~~yEW5pWbYu2w5n5JzdwoGcg==/com.google.android.gms-gFlHq_U2kQ3iP-7gMcMp7w==/split_maps_core_dynamite_ondemand.apk has no usable artifacts
03-09 01:24:02.440   919   929 W artd    : Could not get dex checksums for location /data/app/~~Da373jqV-LH-m_TB9UU-LQ==/com.google.android.gms-vL_Ca1iNV8hMiPmeZ_b9Xg==/base.apk, fd=-1
03-09 01:24:02.443   919   929 I artd    : GetBestInfo: /data/user_de/0/com.google.android.gms/app_chimera/m/00000009/dl-VisionOcr.optional_250834100000.apk has no usable artifacts
03-09 01:24:02.444   919   929 I artd    : GetBestInfo: /data/user_de/0/com.google.android.gms/app_chimera/m/00000001/CronetDynamite.apk has no usable artifacts
03-09 01:24:02.444   919   929 W artd    : Could not get dex checksums for location /data/app/~~Da373jqV-LH-m_TB9UU-LQ==/com.google.android.gms-vL_Ca1iNV8hMiPmeZ_b9Xg==/base.apk, fd=-1
03-09 01:24:02.445   919   929 W artd    : Could not get dex checksums for location /data/app/~~Da373jqV-LH-m_TB9UU-LQ==/com.google.android.gms-vL_Ca1iNV8hMiPmeZ_b9Xg==/base.apk, fd=-1
03-09 01:24:02.446   919   929 I artd    : GetBestInfo: /data/user_de/0/com.google.android.gms/app_chimera/m/00000002/DynamiteLoader.apk has no usable artifacts
03-09 01:24:02.447   919   929 W artd    : Could not get dex checksums for location /data/app/~~Da373jqV-LH-m_TB9UU-LQ==/com.google.android.gms-vL_Ca1iNV8hMiPmeZ_b9Xg==/base.apk, fd=-1
03-09 01:24:02.448   919   929 W artd    : Could not get dex checksums for location /data/app/~~Da373jqV-LH-m_TB9UU-LQ==/com.google.android.gms-vL_Ca1iNV8hMiPmeZ_b9Xg==/base.apk, fd=-1
03-09 01:24:02.449   919   929 I artd    : GetBestInfo: /data/user_de/0/com.google.android.gms/app_chimera/m/00000005/GoogleCertificates.apk has no usable artifacts
03-09 01:24:02.450   919   929 W artd    : Could not get dex checksums for location /data/app/~~Da373jqV-LH-m_TB9UU-LQ==/com.google.android.gms-vL_Ca1iNV8hMiPmeZ_b9Xg==/base.apk, fd=-1
03-09 01:24:02.451   919   929 W artd    : Could not get dex checksums for location /data/app/~~Da373jqV-LH-m_TB9UU-LQ==/com.google.android.gms-vL_Ca1iNV8hMiPmeZ_b9Xg==/base.apk, fd=-1
03-09 01:24:02.452   919   929 W artd    : Could not get dex checksums for location /data/app/~~Da373jqV-LH-m_TB9UU-LQ==/com.google.android.gms-vL_Ca1iNV8hMiPmeZ_b9Xg==/base.apk, fd=-1
03-09 01:24:02.453   919   929 W artd    : Could not get dex checksums for location /data/app/~~Da373jqV-LH-m_TB9UU-LQ==/com.google.android.gms-vL_Ca1iNV8hMiPmeZ_b9Xg==/base.apk, fd=-1
03-09 01:24:02.454   919   929 W artd    : Could not get dex checksums for location /data/app/~~Da373jqV-LH-m_TB9UU-LQ==/com.google.android.gms-vL_Ca1iNV8hMiPmeZ_b9Xg==/base.apk, fd=-1
03-09 01:24:02.456   919   929 W artd    : Could not get dex checksums for location /data/app/~~Da373jqV-LH-m_TB9UU-LQ==/com.google.android.gms-vL_Ca1iNV8hMiPmeZ_b9Xg==/base.apk, fd=-1
03-09 01:24:02.458   919   929 I artd    : GetBestInfo: /data/user_de/0/com.google.android.gms/app_chimera/m/00000008/dl-MlkitOcrCommon.optional_250834100800.apk has no usable artifacts
03-09 01:24:02.459   919   929 W artd    : Could not get dex checksums for location /data/app/~~6kpW9_tVLFGX9XOf0H-Vgw==/com.android.vending-SvkSTJdxogsE4a8ru2WUhw==/base.apk, fd=-1
03-09 01:24:03.973  1508  1818 D SatelliteController: iisInCarrierRoamingNbIotNtn: satellite is disabled
03-09 01:24:03.974   716  2925 W IPCThreadState: Sending oneway calls to frozen process.
03-09 01:24:10.798   804   804 D BoundBrokerSvc: onUnbind: Intent { act=com.google.android.gms.libs.gmscorelogger.service.START dat=chimera-action:/... xflg=0x4 cmp=com.google.android.gms/.chimera.PersistentDirectBootAwareApiService }
03-09 01:24:12.255  9441  9441 W dumpsys : Thread Pool max thread count is 0. Cannot cache binder as linkToDeath cannot be implemented. serviceName: package
03-09 01:24:12.416   919   929 I artd    : GetBestInfo: odex next to the dex file (/data/app/~~yEW5pWbYu2w5n5JzdwoGcg==/com.google.android.gms-gFlHq_U2kQ3iP-7gMcMp7w==/oat/x86_64/base.odex) is kOatUpToDate with filter 'speed-profile' executable 'false'
03-09 01:24:12.420   919   929 I artd    : GetBestInfo: odex next to the dex file (/data/app/~~yEW5pWbYu2w5n5JzdwoGcg==/com.google.android.gms-gFlHq_U2kQ3iP-7gMcMp7w==/oat/x86_64/split_AdsDynamite_installtime.odex) is kOatUpToDate with filter 'speed' executable 'false'
03-09 01:24:12.422   919   929 I artd    : GetBestInfo: odex next to the dex file (/data/app/~~yEW5pWbYu2w5n5JzdwoGcg==/com.google.android.gms-gFlHq_U2kQ3iP-7gMcMp7w==/oat/x86_64/split_CronetDynamite_installtime.odex) is kOatUpToDate with filter 'speed-profile' executable 'false'
03-09 01:24:12.424   919   929 I artd    : GetBestInfo: odex next to the dex file (/data/app/~~yEW5pWbYu2w5n5JzdwoGcg==/com.google.android.gms-gFlHq_U2kQ3iP-7gMcMp7w==/oat/x86_64/split_DynamiteLoader_installtime.odex) is kOatUpToDate with filter 'speed' executable 'false'
03-09 01:24:12.426   919   929 I artd    : GetBestInfo: odex next to the dex file (/data/app/~~yEW5pWbYu2w5n5JzdwoGcg==/com.google.android.gms-gFlHq_U2kQ3iP-7gMcMp7w==/oat/x86_64/split_DynamiteModulesA_installtime.odex) is kOatUpToDate with filter 'speed' executable 'false'
03-09 01:24:12.429   919   929 I artd    : GetBestInfo: odex next to the dex file (/data/app/~~yEW5pWbYu2w5n5JzdwoGcg==/com.google.android.gms-gFlHq_U2kQ3iP-7gMcMp7w==/oat/x86_64/split_DynamiteModulesC_installtime.odex) is kOatUpToDate with filter 'speed' executable 'false'
03-09 01:24:12.431   919   929 I artd    : GetBestInfo: odex next to the dex file (/data/app/~~yEW5pWbYu2w5n5JzdwoGcg==/com.google.android.gms-gFlHq_U2kQ3iP-7gMcMp7w==/oat/x86_64/split_GoogleCertificates_installtime.odex) is kOatUpToDate with filter 'speed' executable 'false'
03-09 01:24:12.433   919   929 I artd    : GetBestInfo: odex next to the dex file (/data/app/~~yEW5pWbYu2w5n5JzdwoGcg==/com.google.android.gms-gFlHq_U2kQ3iP-7gMcMp7w==/oat/x86_64/split_MapsDynamite_installtime.odex) is kOatUpToDate with filter 'speed' executable 'false'
03-09 01:24:12.435   919   929 I artd    : GetBestInfo: odex next to the dex file (/data/app/~~yEW5pWbYu2w5n5JzdwoGcg==/com.google.android.gms-gFlHq_U2kQ3iP-7gMcMp7w==/oat/x86_64/split_MeasurementDynamite_installtime.odex) is kOatUpToDate with filter 'speed' executable 'false'
03-09 01:24:12.437   919   929 I artd    : GetBestInfo: odex next to the dex file (/data/app/~~yEW5pWbYu2w5n5JzdwoGcg==/com.google.android.gms-gFlHq_U2kQ3iP-7gMcMp7w==/oat/x86_64/split_all_locale_splits.odex) is kOatUpToDate with filter 'speed' executable 'false'
03-09 01:24:12.439   919   929 I artd    : GetBestInfo: /data/app/~~yEW5pWbYu2w5n5JzdwoGcg==/com.google.android.gms-gFlHq_U2kQ3iP-7gMcMp7w==/split_maps_core_dynamite_ondemand.apk has no usable artifacts
03-09 01:24:12.439   919   929 W artd    : Could not get dex checksums for location /data/app/~~Da373jqV-LH-m_TB9UU-LQ==/com.google.android.gms-vL_Ca1iNV8hMiPmeZ_b9Xg==/base.apk, fd=-1
03-09 01:24:12.442   919   929 I artd    : GetBestInfo: /data/user_de/0/com.google.android.gms/app_chimera/m/00000009/dl-VisionOcr.optional_250834100000.apk has no usable artifacts
03-09 01:24:12.443   919   929 I artd    : GetBestInfo: /data/user_de/0/com.google.android.gms/app_chimera/m/00000001/CronetDynamite.apk has no usable artifacts
03-09 01:24:12.444   919   929 W artd    : Could not get dex checksums for location /data/app/~~Da373jqV-LH-m_TB9UU-LQ==/com.google.android.gms-vL_Ca1iNV8hMiPmeZ_b9Xg==/base.apk, fd=-1
03-09 01:24:12.445   919   929 W artd    : Could not get dex checksums for location /data/app/~~Da373jqV-LH-m_TB9UU-LQ==/com.google.android.gms-vL_Ca1iNV8hMiPmeZ_b9Xg==/base.apk, fd=-1
03-09 01:24:12.446   919   929 I artd    : GetBestInfo: /data/user_de/0/com.google.android.gms/app_chimera/m/00000002/DynamiteLoader.apk has no usable artifacts
03-09 01:24:12.446   919   929 W artd    : Could not get dex checksums for location /data/app/~~Da373jqV-LH-m_TB9UU-LQ==/com.google.android.gms-vL_Ca1iNV8hMiPmeZ_b9Xg==/base.apk, fd=-1
03-09 01:24:12.447   919   929 W artd    : Could not get dex checksums for location /data/app/~~Da373jqV-LH-m_TB9UU-LQ==/com.google.android.gms-vL_Ca1iNV8hMiPmeZ_b9Xg==/base.apk, fd=-1
03-09 01:24:12.448   919   929 I artd    : GetBestInfo: /data/user_de/0/com.google.android.gms/app_chimera/m/00000005/GoogleCertificates.apk has no usable artifacts
03-09 01:24:12.449   919   929 W artd    : Could not get dex checksums for location /data/app/~~Da373jqV-LH-m_TB9UU-LQ==/com.google.android.gms-vL_Ca1iNV8hMiPmeZ_b9Xg==/base.apk, fd=-1
03-09 01:24:12.449   919   929 W artd    : Could not get dex checksums for location /data/app/~~Da373jqV-LH-m_TB9UU-LQ==/com.google.android.gms-vL_Ca1iNV8hMiPmeZ_b9Xg==/base.apk, fd=-1
03-09 01:24:12.450   919   929 W artd    : Could not get dex checksums for location /data/app/~~Da373jqV-LH-m_TB9UU-LQ==/com.google.android.gms-vL_Ca1iNV8hMiPmeZ_b9Xg==/base.apk, fd=-1
03-09 01:24:12.451   919   929 W artd    : Could not get dex checksums for location /data/app/~~Da373jqV-LH-m_TB9UU-LQ==/com.google.android.gms-vL_Ca1iNV8hMiPmeZ_b9Xg==/base.apk, fd=-1
03-09 01:24:12.452   919   929 W artd    : Could not get dex checksums for location /data/app/~~Da373jqV-LH-m_TB9UU-LQ==/com.google.android.gms-vL_Ca1iNV8hMiPmeZ_b9Xg==/base.apk, fd=-1
03-09 01:24:12.453   919   929 W artd    : Could not get dex checksums for location /data/app/~~Da373jqV-LH-m_TB9UU-LQ==/com.google.android.gms-vL_Ca1iNV8hMiPmeZ_b9Xg==/base.apk, fd=-1
03-09 01:24:12.455   919   929 I artd    : GetBestInfo: /data/user_de/0/com.google.android.gms/app_chimera/m/00000008/dl-MlkitOcrCommon.optional_250834100800.apk has no usable artifacts
03-09 01:24:12.455   919   929 W artd    : Could not get dex checksums for location /data/app/~~6kpW9_tVLFGX9XOf0H-Vgw==/com.android.vending-SvkSTJdxogsE4a8ru2WUhw==/base.apk, fd=-1
03-09 01:24:13.986  1508  1818 D SatelliteController: iisInCarrierRoamingNbIotNtn: satellite is disabled
03-09 01:24:13.987   716  2925 W IPCThreadState: Sending oneway calls to frozen process.
03-09 01:24:19.830   716   758 D ActivityManager: sync unfroze 1312 com.google.android.googlequicksearchbox:search for 3
03-09 01:24:19.836   716   758 D ActivityManager: sync unfroze 4933 com.google.android.googlequicksearchbox:googleapp for 10
03-09 01:24:19.918  1312  1312 I cmph    : (REDACTED) #onReceive: %s
03-09 01:24:20.201  1312  1387 I cnjm    : #entry Received background refresh worker run
03-09 01:24:20.221  1312  1386 I cmws    : #entry Starting PCP background refresh worker...
03-09 01:24:20.281  1312  1387 I cmqc    : (REDACTED) remove request for trigger key: %s, isClientInitiated: %s
03-09 01:24:20.293  1312  1391 I dqbj    : Building Device Properties.
03-09 01:24:20.295  1312  1387 I cmsc    : (REDACTED) #remove: subTriggerId=%s
03-09 01:24:20.307  1312  1387 I ebsp    : #getHotwordModelConfig
03-09 01:24:20.307  1312  1387 I cofv    : (REDACTED) MDD.getFileGroup(%s)
03-09 01:24:20.320   557 15888 W APM::HwModule: getDeviceDescriptor: could not find HW module for device  (AUDIO_DEVICE_OUT_WIRED_HEADSET, 00000004) address 
03-09 01:24:20.326   557 15888 W APM::HwModule: getDeviceDescriptor: could not find HW module for device  (AUDIO_DEVICE_OUT_WIRED_HEADPHONE, 00000008) address 
03-09 01:24:20.327  1312  1385 I cofv    : (REDACTED) Loading %s from MDD with name=%s version=%d BuildId= %d
03-09 01:24:20.328   557 15888 W APM::HwModule: getDeviceDescriptor: could not find HW module for device  (AUDIO_DEVICE_OUT_USB_HEADSET, 04000000) address 
03-09 01:24:20.336  1312  1387 I cofv    : (REDACTED) [SRM] [Hotword] get hotword model config success, %d locales.
03-09 01:24:20.336  1312  1387 I cofv    : (REDACTED) MDD.EmbeddedAssetManifestPopulator.refreshFileGroups(%s)
03-09 01:24:20.365  1312  1386 I cofv    : (REDACTED) MDD.getFileGroup(%s)
03-09 01:24:20.367  1312  1363 I cofv    : (REDACTED) Loading %s from MDD with name=%s version=%d BuildId= %d
03-09 01:24:20.367  1312  1386 I cofv    : (REDACTED) [SRM] [Hotword] get hotword model config success, %d locales.
03-09 01:24:20.367  1312  1386 W ebsp    : (REDACTED) Embedded config %d is more recent than server config %d, return embedded one.
03-09 01:24:20.367  1312  1386 I ebsp    : (REDACTED) Returning hotword config from Mobserve with build %d and keys: %s
03-09 01:24:20.374  1312  9445 W ebzu    : Hotword settings PDS is not populated - defaulting to DECLINED.
03-09 01:24:20.418  1312  1386 I aodf    : OptInSetting is UNKNOWN or UNRECOGNIZED [CONTEXT ratelimit_period="10 SECONDS" ]
03-09 01:24:20.419  1312  1386 I ajoh    : Device not matched [CONTEXT ratelimit_period="10 SECONDS" ]
03-09 01:24:20.419  1312  1386 I begr    : (REDACTED) getInitialSimplifiedOobeViaDeeplinkUser: %b
03-09 01:24:20.420  1312  1386 I aodf    : (REDACTED) isDeeplinkEnabled %s, isInitialSimplifiedOobeViaDeeplinkUser %s
03-09 01:24:20.420  1312  1386 I aodf    : #getOobeStatus: BeforeOobe [CONTEXT ratelimit_period="10 SECONDS" ]
03-09 01:24:20.423  1312  1386 I begr    : (REDACTED) getInitialSimplifiedOobeViaDeeplinkUser: %b
03-09 01:24:20.423  1312  1386 I aodf    : (REDACTED) isDeeplinkEnabled %s, isInitialSimplifiedOobeViaDeeplinkUser %s
03-09 01:24:20.424  1312  1386 I djzf    : (REDACTED) isAppDefaultAssistant setting: %s
03-09 01:24:20.424  1312  1386 I djzf    : (REDACTED) isAppDefaultAssistant defaultComponentName: %s
03-09 01:24:20.431  1312  1386 I cnhy    : Using default weather temperature preference
03-09 01:24:20.787  1312  4989 I cn_CronetUrlRequestContext: destroyNativeStreamLocked org.chromium.net.impl.CronetBidirectionalStream@60aa3f4
03-09 01:24:20.868  1312  1387 I cmqc    : (REDACTED) remove request for trigger key: %s, isClientInitiated: %s
03-09 01:24:20.881  1312  1386 I cmsc    : (REDACTED) #maybeCreateTimeTrigger: time trigger= %s with start time=%d, stop time=%d in seconds.
03-09 01:24:20.914  1312  1386 I cmqc    : (REDACTED) remove request for trigger key: %s, isClientInitiated: %s
03-09 01:24:20.926  1312  1387 I cmsc    : (REDACTED) #remove: subTriggerId=%s
03-09 01:24:20.942  1312  1387 I cmsc    : (REDACTED) #maybeCreateTimeTrigger: time trigger= %s with start time=%d, stop time=%d in seconds.
03-09 01:24:22.264  9451  9451 W dumpsys : Thread Pool max thread count is 0. Cannot cache binder as linkToDeath cannot be implemented. serviceName: package
03-09 01:24:22.411   919   929 I artd    : GetBestInfo: odex next to the dex file (/data/app/~~yEW5pWbYu2w5n5JzdwoGcg==/com.google.android.gms-gFlHq_U2kQ3iP-7gMcMp7w==/oat/x86_64/base.odex) is kOatUpToDate with filter 'speed-profile' executable 'false'
03-09 01:24:22.414   919   929 I artd    : GetBestInfo: odex next to the dex file (/data/app/~~yEW5pWbYu2w5n5JzdwoGcg==/com.google.android.gms-gFlHq_U2kQ3iP-7gMcMp7w==/oat/x86_64/split_AdsDynamite_installtime.odex) is kOatUpToDate with filter 'speed' executable 'false'
03-09 01:24:22.418   919   929 I artd    : GetBestInfo: odex next to the dex file (/data/app/~~yEW5pWbYu2w5n5JzdwoGcg==/com.google.android.gms-gFlHq_U2kQ3iP-7gMcMp7w==/oat/x86_64/split_CronetDynamite_installtime.odex) is kOatUpToDate with filter 'speed-profile' executable 'false'
03-09 01:24:22.420   919   929 I artd    : GetBestInfo: odex next to the dex file (/data/app/~~yEW5pWbYu2w5n5JzdwoGcg==/com.google.android.gms-gFlHq_U2kQ3iP-7gMcMp7w==/oat/x86_64/split_DynamiteLoader_installtime.odex) is kOatUpToDate with filter 'speed' executable 'false'
03-09 01:24:22.422   919   929 I artd    : GetBestInfo: odex next to the dex file (/data/app/~~yEW5pWbYu2w5n5JzdwoGcg==/com.google.android.gms-gFlHq_U2kQ3iP-7gMcMp7w==/oat/x86_64/split_DynamiteModulesA_installtime.odex) is kOatUpToDate with filter 'speed' executable 'false'
03-09 01:24:22.425   919   929 I artd    : GetBestInfo: odex next to the dex file (/data/app/~~yEW5pWbYu2w5n5JzdwoGcg==/com.google.android.gms-gFlHq_U2kQ3iP-7gMcMp7w==/oat/x86_64/split_DynamiteModulesC_installtime.odex) is kOatUpToDate with filter 'speed' executable 'false'
03-09 01:24:22.427   919   929 I artd    : GetBestInfo: odex next to the dex file (/data/app/~~yEW5pWbYu2w5n5JzdwoGcg==/com.google.android.gms-gFlHq_U2kQ3iP-7gMcMp7w==/oat/x86_64/split_GoogleCertificates_installtime.odex) is kOatUpToDate with filter 'speed' executable 'false'
03-09 01:24:22.430   919   929 I artd    : GetBestInfo: odex next to the dex file (/data/app/~~yEW5pWbYu2w5n5JzdwoGcg==/com.google.android.gms-gFlHq_U2kQ3iP-7gMcMp7w==/oat/x86_64/split_MapsDynamite_installtime.odex) is kOatUpToDate with filter 'speed' executable 'false'
03-09 01:24:22.432   919   929 I artd    : GetBestInfo: odex next to the dex file (/data/app/~~yEW5pWbYu2w5n5JzdwoGcg==/com.google.android.gms-gFlHq_U2kQ3iP-7gMcMp7w==/oat/x86_64/split_MeasurementDynamite_installtime.odex) is kOatUpToDate with filter 'speed' executable 'false'
03-09 01:24:22.434   919   929 I artd    : GetBestInfo: odex next to the dex file (/data/app/~~yEW5pWbYu2w5n5JzdwoGcg==/com.google.android.gms-gFlHq_U2kQ3iP-7gMcMp7w==/oat/x86_64/split_all_locale_splits.odex) is kOatUpToDate with filter 'speed' executable 'false'
03-09 01:24:22.436   919   929 I artd    : GetBestInfo: /data/app/~~yEW5pWbYu2w5n5JzdwoGcg==/com.google.android.gms-gFlHq_U2kQ3iP-7gMcMp7w==/split_maps_core_dynamite_ondemand.apk has no usable artifacts
03-09 01:24:22.437   919   929 W artd    : Could not get dex checksums for location /data/app/~~Da373jqV-LH-m_TB9UU-LQ==/com.google.android.gms-vL_Ca1iNV8hMiPmeZ_b9Xg==/base.apk, fd=-1
03-09 01:24:22.439   919   929 I artd    : GetBestInfo: /data/user_de/0/com.google.android.gms/app_chimera/m/00000009/dl-VisionOcr.optional_250834100000.apk has no usable artifacts
03-09 01:24:22.440   919   929 I artd    : GetBestInfo: /data/user_de/0/com.google.android.gms/app_chimera/m/00000001/CronetDynamite.apk has no usable artifacts
03-09 01:24:22.441   919   929 W artd    : Could not get dex checksums for location /data/app/~~Da373jqV-LH-m_TB9UU-LQ==/com.google.android.gms-vL_Ca1iNV8hMiPmeZ_b9Xg==/base.apk, fd=-1
03-09 01:24:22.442   919   929 W artd    : Could not get dex checksums for location /data/app/~~Da373jqV-LH-m_TB9UU-LQ==/com.google.android.gms-vL_Ca1iNV8hMiPmeZ_b9Xg==/base.apk, fd=-1
03-09 01:24:22.443   919   929 I artd    : GetBestInfo: /data/user_de/0/com.google.android.gms/app_chimera/m/00000002/DynamiteLoader.apk has no usable artifacts
03-09 01:24:22.444   919   929 W artd    : Could not get dex checksums for location /data/app/~~Da373jqV-LH-m_TB9UU-LQ==/com.google.android.gms-vL_Ca1iNV8hMiPmeZ_b9Xg==/base.apk, fd=-1
03-09 01:24:22.445   919   929 W artd    : Could not get dex checksums for location /data/app/~~Da373jqV-LH-m_TB9UU-LQ==/com.google.android.gms-vL_Ca1iNV8hMiPmeZ_b9Xg==/base.apk, fd=-1
03-09 01:24:22.446   919   929 I artd    : GetBestInfo: /data/user_de/0/com.google.android.gms/app_chimera/m/00000005/GoogleCertificates.apk has no usable artifacts
03-09 01:24:22.446   919   929 W artd    : Could not get dex checksums for location /data/app/~~Da373jqV-LH-m_TB9UU-LQ==/com.google.android.gms-vL_Ca1iNV8hMiPmeZ_b9Xg==/base.apk, fd=-1
03-09 01:24:22.448   919   929 W artd    : Could not get dex checksums for location /data/app/~~Da373jqV-LH-m_TB9UU-LQ==/com.google.android.gms-vL_Ca1iNV8hMiPmeZ_b9Xg==/base.apk, fd=-1
03-09 01:24:22.449   919   929 W artd    : Could not get dex checksums for location /data/app/~~Da373jqV-LH-m_TB9UU-LQ==/com.google.android.gms-vL_Ca1iNV8hMiPmeZ_b9Xg==/base.apk, fd=-1
03-09 01:24:22.450   919   929 W artd    : Could not get dex checksums for location /data/app/~~Da373jqV-LH-m_TB9UU-LQ==/com.google.android.gms-vL_Ca1iNV8hMiPmeZ_b9Xg==/base.apk, fd=-1
03-09 01:24:22.452   919   929 W artd    : Could not get dex checksums for location /data/app/~~Da373jqV-LH-m_TB9UU-LQ==/com.google.android.gms-vL_Ca1iNV8hMiPmeZ_b9Xg==/base.apk, fd=-1
03-09 01:24:22.453   919   929 W artd    : Could not get dex checksums for location /data/app/~~Da373jqV-LH-m_TB9UU-LQ==/com.google.android.gms-vL_Ca1iNV8hMiPmeZ_b9Xg==/base.apk, fd=-1
03-09 01:24:22.457   919   929 I artd    : GetBestInfo: /data/user_de/0/com.google.android.gms/app_chimera/m/00000008/dl-MlkitOcrCommon.optional_250834100800.apk has no usable artifacts
03-09 01:24:22.458   919   929 W artd    : Could not get dex checksums for location /data/app/~~6kpW9_tVLFGX9XOf0H-Vgw==/com.android.vending-SvkSTJdxogsE4a8ru2WUhw==/base.apk, fd=-1
03-09 01:24:24.003  1508  1818 D SatelliteController: iisInCarrierRoamingNbIotNtn: satellite is disabled
03-09 01:24:24.003   716  2329 W IPCThreadState: Sending oneway calls to frozen process.
03-09 01:24:32.306  9454  9454 W dumpsys : Thread Pool max thread count is 0. Cannot cache binder as linkToDeath cannot be implemented. serviceName: package
03-09 01:24:32.464  1649  9404 I adbd    : host-9: connection terminated: write failed
03-09 01:24:32.467  1649  1649 I adbd    : BlockingConnectionAdapter(host-9): stopping
03-09 01:24:32.468  1649  9403 I adbd    : host-9: read failed: Success
03-09 01:24:32.469   716  2329 W FastPrintWriter: Write failure
03-09 01:24:32.469   716  2329 W FastPrintWriter: java.io.IOException: write failed: EPIPE (Broken pipe)
03-09 01:24:32.469   716  2329 W FastPrintWriter: 	at libcore.io.IoBridge.write(IoBridge.java:651)
03-09 01:24:32.469   716  2329 W FastPrintWriter: 	at java.io.FileOutputStream.write(FileOutputStream.java:436)
03-09 01:24:32.469   716  2329 W FastPrintWriter: 	at com.android.internal.util.FastPrintWriter.flushBytesLocked(FastPrintWriter.java:355)
03-09 01:24:32.469   716  2329 W FastPrintWriter: 	at com.android.internal.util.FastPrintWriter.flushLocked(FastPrintWriter.java:378)
03-09 01:24:32.469   716  2329 W FastPrintWriter: 	at com.android.internal.util.FastPrintWriter.appendLocked(FastPrintWriter.java:323)
03-09 01:24:32.469   716  2329 W FastPrintWriter: 	at com.android.internal.util.FastPrintWriter.print(FastPrintWriter.java:500)
03-09 01:24:32.469   716  2329 W FastPrintWriter: 	at java.io.PrintWriter.println(PrintWriter.java:822)
03-09 01:24:32.469   716  2329 W FastPrintWriter: 	at android.util.PrintWriterPrinter.println(PrintWriterPrinter.java:39)
03-09 01:24:32.469   716  2329 W FastPrintWriter: 	at android.content.IntentFilter.dump(IntentFilter.java:2822)
03-09 01:24:32.469   716  2329 W FastPrintWriter: 	at com.android.server.IntentResolver.dumpMap(IntentResolver.java:251)
03-09 01:24:32.469   716  2329 W FastPrintWriter: 	at com.android.server.IntentResolver.dump(IntentResolver.java:305)
03-09 01:24:32.469   716  2329 W FastPrintWriter: 	at com.android.server.pm.resolution.ComponentResolverBase.dumpServiceResolvers(ComponentResolverBase.java:349)
03-09 01:24:32.469   716  2329 W FastPrintWriter: 	at com.android.server.pm.DumpHelper.doDump(DumpHelper.java:422)
03-09 01:24:32.469   716  2329 W FastPrintWriter: 	at com.android.server.pm.PackageManagerService$IPackageManagerImpl.dump(PackageManagerService.java:6720)
03-09 01:24:32.469   716  2329 W FastPrintWriter: 	at android.os.Binder.doDump(Binder.java:1072)
03-09 01:24:32.469   716  2329 W FastPrintWriter: 	at android.os.Binder.dump(Binder.java:1062)
03-09 01:24:32.469   716  2329 W FastPrintWriter: 	at android.os.Binder.onTransact(Binder.java:932)
03-09 01:24:32.469   716  2329 W FastPrintWriter: 	at android.content.pm.IPackageManager$Stub.onTransact(IPackageManager.java:4729)
03-09 01:24:32.469   716  2329 W FastPrintWriter: 	at com.android.server.pm.PackageManagerService$IPackageManagerImpl.onTransact(PackageManagerService.java:6668)
03-09 01:24:32.469   716  2329 W FastPrintWriter: 	at android.os.Binder.execTransactInternal(Binder.java:1426)
03-09 01:24:32.469   716  2329 W FastPrintWriter: 	at android.os.Binder.execTransact(Binder.java:1365)
03-09 01:24:32.469   716  2329 W FastPrintWriter: Caused by: android.system.ErrnoException: write failed: EPIPE (Broken pipe)
03-09 01:24:32.469   716  2329 W FastPrintWriter: 	at libcore.io.Linux.writeBytes(Native Method)
03-09 01:24:32.469   716  2329 W FastPrintWriter: 	at libcore.io.Linux.write(Linux.java:336)
03-09 01:24:32.469   716  2329 W FastPrintWriter: 	at libcore.io.ForwardingOs.write(ForwardingOs.java:948)
03-09 01:24:32.469   716  2329 W FastPrintWriter: 	at libcore.io.BlockGuardOs.write(BlockGuardOs.java:448)
03-09 01:24:32.469   716  2329 W FastPrintWriter: 	at libcore.io.IoBridge.write(IoBridge.java:646)
03-09 01:24:32.469   716  2329 W FastPrintWriter: 	... 20 more
03-09 01:24:32.471  1649  1649 I adbd    : BlockingConnectionAdapter(host-9): stopped
03-09 01:24:32.471  1649  1649 I adbd    : BlockingConnectionAdapter(host-9): destructing
03-09 01:24:32.471  1649  1649 I adbd    : BlockingConnectionAdapter(host-9): already stopped
03-09 01:24:32.516   919   929 I artd    : GetBestInfo: odex next to the dex file (/data/app/~~yEW5pWbYu2w5n5JzdwoGcg==/com.google.android.gms-gFlHq_U2kQ3iP-7gMcMp7w==/oat/x86_64/base.odex) is kOatUpToDate with filter 'speed-profile' executable 'false'
03-09 01:24:32.520   919   929 I artd    : GetBestInfo: odex next to the dex file (/data/app/~~yEW5pWbYu2w5n5JzdwoGcg==/com.google.android.gms-gFlHq_U2kQ3iP-7gMcMp7w==/oat/x86_64/split_AdsDynamite_installtime.odex) is kOatUpToDate with filter 'speed' executable 'false'
03-09 01:24:32.523   919   929 I artd    : GetBestInfo: odex next to the dex file (/data/app/~~yEW5pWbYu2w5n5JzdwoGcg==/com.google.android.gms-gFlHq_U2kQ3iP-7gMcMp7w==/oat/x86_64/split_CronetDynamite_installtime.odex) is kOatUpToDate with filter 'speed-profile' executable 'false'
03-09 01:24:32.527   919   929 I artd    : GetBestInfo: odex next to the dex file (/data/app/~~yEW5pWbYu2w5n5JzdwoGcg==/com.google.android.gms-gFlHq_U2kQ3iP-7gMcMp7w==/oat/x86_64/split_DynamiteLoader_installtime.odex) is kOatUpToDate with filter 'speed' executable 'false'
03-09 01:24:32.531   919   929 I artd    : GetBestInfo: odex next to the dex file (/data/app/~~yEW5pWbYu2w5n5JzdwoGcg==/com.google.android.gms-gFlHq_U2kQ3iP-7gMcMp7w==/oat/x86_64/split_DynamiteModulesA_installtime.odex) is kOatUpToDate with filter 'speed' executable 'false'
03-09 01:24:32.535   919   929 I artd    : GetBestInfo: odex next to the dex file (/data/app/~~yEW5pWbYu2w5n5JzdwoGcg==/com.google.android.gms-gFlHq_U2kQ3iP-7gMcMp7w==/oat/x86_64/split_DynamiteModulesC_installtime.odex) is kOatUpToDate with filter 'speed' executable 'false'
03-09 01:24:32.538   919   929 I artd    : GetBestInfo: odex next to the dex file (/data/app/~~yEW5pWbYu2w5n5JzdwoGcg==/com.google.android.gms-gFlHq_U2kQ3iP-7gMcMp7w==/oat/x86_64/split_GoogleCertificates_installtime.odex) is kOatUpToDate with filter 'speed' executable 'false'
03-09 01:24:32.542   919   929 I artd    : GetBestInfo: odex next to the dex file (/data/app/~~yEW5pWbYu2w5n5JzdwoGcg==/com.google.android.gms-gFlHq_U2kQ3iP-7gMcMp7w==/oat/x86_64/split_MapsDynamite_installtime.odex) is kOatUpToDate with filter 'speed' executable 'false'
03-09 01:24:32.549   919   929 I artd    : GetBestInfo: odex next to the dex file (/data/app/~~yEW5pWbYu2w5n5JzdwoGcg==/com.google.android.gms-gFlHq_U2kQ3iP-7gMcMp7w==/oat/x86_64/split_MeasurementDynamite_installtime.odex) is kOatUpToDate with filter 'speed' executable 'false'
03-09 01:24:32.552   919   929 I artd    : GetBestInfo: odex next to the dex file (/data/app/~~yEW5pWbYu2w5n5JzdwoGcg==/com.google.android.gms-gFlHq_U2kQ3iP-7gMcMp7w==/oat/x86_64/split_all_locale_splits.odex) is kOatUpToDate with filter 'speed' executable 'false'
03-09 01:24:32.556   919   929 I artd    : GetBestInfo: /data/app/~~yEW5pWbYu2w5n5JzdwoGcg==/com.google.android.gms-gFlHq_U2kQ3iP-7gMcMp7w==/split_maps_core_dynamite_ondemand.apk has no usable artifacts
03-09 01:24:32.557   919   929 W artd    : Could not get dex checksums for location /data/app/~~Da373jqV-LH-m_TB9UU-LQ==/com.google.android.gms-vL_Ca1iNV8hMiPmeZ_b9Xg==/base.apk, fd=-1
03-09 01:24:32.561   919   929 I artd    : GetBestInfo: /data/user_de/0/com.google.android.gms/app_chimera/m/00000009/dl-VisionOcr.optional_250834100000.apk has no usable artifacts
03-09 01:24:32.562   919   929 I artd    : GetBestInfo: /data/user_de/0/com.google.android.gms/app_chimera/m/00000001/CronetDynamite.apk has no usable artifacts
03-09 01:24:32.563   919   929 W artd    : Could not get dex checksums for location /data/app/~~Da373jqV-LH-m_TB9UU-LQ==/com.google.android.gms-vL_Ca1iNV8hMiPmeZ_b9Xg==/base.apk, fd=-1
03-09 01:24:32.565   919   929 W artd    : Could not get dex checksums for location /data/app/~~Da373jqV-LH-m_TB9UU-LQ==/com.google.android.gms-vL_Ca1iNV8hMiPmeZ_b9Xg==/base.apk, fd=-1
03-09 01:24:32.567   919   929 I artd    : GetBestInfo: /data/user_de/0/com.google.android.gms/app_chimera/m/00000002/DynamiteLoader.apk has no usable artifacts
03-09 01:24:32.568   919   929 W artd    : Could not get dex checksums for location /data/app/~~Da373jqV-LH-m_TB9UU-LQ==/com.google.android.gms-vL_Ca1iNV8hMiPmeZ_b9Xg==/base.apk, fd=-1
03-09 01:24:32.570   919   929 W artd    : Could not get dex checksums for location /data/app/~~Da373jqV-LH-m_TB9UU-LQ==/com.google.android.gms-vL_Ca1iNV8hMiPmeZ_b9Xg==/base.apk, fd=-1
03-09 01:24:32.572   919   929 I artd    : GetBestInfo: /data/user_de/0/com.google.android.gms/app_chimera/m/00000005/GoogleCertificates.apk has no usable artifacts
03-09 01:24:32.573   919   929 W artd    : Could not get dex checksums for location /data/app/~~Da373jqV-LH-m_TB9UU-LQ==/com.google.android.gms-vL_Ca1iNV8hMiPmeZ_b9Xg==/base.apk, fd=-1
03-09 01:24:32.575   919   929 W artd    : Could not get dex checksums for location /data/app/~~Da373jqV-LH-m_TB9UU-LQ==/com.google.android.gms-vL_Ca1iNV8hMiPmeZ_b9Xg==/base.apk, fd=-1
03-09 01:24:32.576   919   929 W artd    : Could not get dex checksums for location /data/app/~~Da373jqV-LH-m_TB9UU-LQ==/com.google.android.gms-vL_Ca1iNV8hMiPmeZ_b9Xg==/base.apk, fd=-1
03-09 01:24:32.578   919   929 W artd    : Could not get dex checksums for location /data/app/~~Da373jqV-LH-m_TB9UU-LQ==/com.google.android.gms-vL_Ca1iNV8hMiPmeZ_b9Xg==/base.apk, fd=-1
03-09 01:24:32.581   919   929 W artd    : Could not get dex checksums for location /data/app/~~Da373jqV-LH-m_TB9UU-LQ==/com.google.android.gms-vL_Ca1iNV8hMiPmeZ_b9Xg==/base.apk, fd=-1
03-09 01:24:32.583   919   929 W artd    : Could not get dex checksums for location /data/app/~~Da373jqV-LH-m_TB9UU-LQ==/com.google.android.gms-vL_Ca1iNV8hMiPmeZ_b9Xg==/base.apk, fd=-1
03-09 01:24:32.586   919   929 I artd    : GetBestInfo: /data/user_de/0/com.google.android.gms/app_chimera/m/00000008/dl-MlkitOcrCommon.optional_250834100800.apk has no usable artifacts
03-09 01:24:32.587   919   929 W artd    : Could not get dex checksums for location /data/app/~~6kpW9_tVLFGX9XOf0H-Vgw==/com.android.vending-SvkSTJdxogsE4a8ru2WUhw==/base.apk, fd=-1
03-09 01:24:33.080  1649  9457 I adbd    : host-17: read thread spawning
03-09 01:24:33.081  1649  9458 I adbd    : host-17: write thread spawning
03-09 01:24:33.106  1649  1649 I adbd    : adbd_auth: loading keys from /data/misc/adb/adb_keys
03-09 01:24:34.008  1508  1818 D SatelliteController: iisInCarrierRoamingNbIotNtn: satellite is disabled
03-09 01:24:34.010   716  2329 W IPCThreadState: Sending oneway calls to frozen process.
03-09 01:24:39.860   716   881 D ActivityManager: freezing 1312 com.google.android.googlequicksearchbox:search
03-09 01:24:39.862   716   881 D ActivityManager: freezing 4933 com.google.android.googlequicksearchbox:googleapp
03-09 01:24:42.366  9479  9479 W dumpsys : Thread Pool max thread count is 0. Cannot cache binder as linkToDeath cannot be implemented. serviceName: package
03-09 01:24:42.695   919   929 I artd    : GetBestInfo: odex next to the dex file (/data/app/~~yEW5pWbYu2w5n5JzdwoGcg==/com.google.android.gms-gFlHq_U2kQ3iP-7gMcMp7w==/oat/x86_64/base.odex) is kOatUpToDate with filter 'speed-profile' executable 'false'
03-09 01:24:42.701   919   929 I artd    : GetBestInfo: odex next to the dex file (/data/app/~~yEW5pWbYu2w5n5JzdwoGcg==/com.google.android.gms-gFlHq_U2kQ3iP-7gMcMp7w==/oat/x86_64/split_AdsDynamite_installtime.odex) is kOatUpToDate with filter 'speed' executable 'false'
03-09 01:24:42.707   919   929 I artd    : GetBestInfo: odex next to the dex file (/data/app/~~yEW5pWbYu2w5n5JzdwoGcg==/com.google.android.gms-gFlHq_U2kQ3iP-7gMcMp7w==/oat/x86_64/split_CronetDynamite_installtime.odex) is kOatUpToDate with filter 'speed-profile' executable 'false'
03-09 01:24:42.712   919   929 I artd    : GetBestInfo: odex next to the dex file (/data/app/~~yEW5pWbYu2w5n5JzdwoGcg==/com.google.android.gms-gFlHq_U2kQ3iP-7gMcMp7w==/oat/x86_64/split_DynamiteLoader_installtime.odex) is kOatUpToDate with filter 'speed' executable 'false'
03-09 01:24:42.717   919   929 I artd    : GetBestInfo: odex next to the dex file (/data/app/~~yEW5pWbYu2w5n5JzdwoGcg==/com.google.android.gms-gFlHq_U2kQ3iP-7gMcMp7w==/oat/x86_64/split_DynamiteModulesA_installtime.odex) is kOatUpToDate with filter 'speed' executable 'false'
03-09 01:24:42.724   919   929 I artd    : GetBestInfo: odex next to the dex file (/data/app/~~yEW5pWbYu2w5n5JzdwoGcg==/com.google.android.gms-gFlHq_U2kQ3iP-7gMcMp7w==/oat/x86_64/split_DynamiteModulesC_installtime.odex) is kOatUpToDate with filter 'speed' executable 'false'
03-09 01:24:42.730   919   929 I artd    : GetBestInfo: odex next to the dex file (/data/app/~~yEW5pWbYu2w5n5JzdwoGcg==/com.google.android.gms-gFlHq_U2kQ3iP-7gMcMp7w==/oat/x86_64/split_GoogleCertificates_installtime.odex) is kOatUpToDate with filter 'speed' executable 'false'
03-09 01:24:42.735   919   929 I artd    : GetBestInfo: odex next to the dex file (/data/app/~~yEW5pWbYu2w5n5JzdwoGcg==/com.google.android.gms-gFlHq_U2kQ3iP-7gMcMp7w==/oat/x86_64/split_MapsDynamite_installtime.odex) is kOatUpToDate with filter 'speed' executable 'false'
03-09 01:24:42.740   919   929 I artd    : GetBestInfo: odex next to the dex file (/data/app/~~yEW5pWbYu2w5n5JzdwoGcg==/com.google.android.gms-gFlHq_U2kQ3iP-7gMcMp7w==/oat/x86_64/split_MeasurementDynamite_installtime.odex) is kOatUpToDate with filter 'speed' executable 'false'
03-09 01:24:42.744   919   929 I artd    : GetBestInfo: odex next to the dex file (/data/app/~~yEW5pWbYu2w5n5JzdwoGcg==/com.google.android.gms-gFlHq_U2kQ3iP-7gMcMp7w==/oat/x86_64/split_all_locale_splits.odex) is kOatUpToDate with filter 'speed' executable 'false'
03-09 01:24:42.748   919   929 I artd    : GetBestInfo: /data/app/~~yEW5pWbYu2w5n5JzdwoGcg==/com.google.android.gms-gFlHq_U2kQ3iP-7gMcMp7w==/split_maps_core_dynamite_ondemand.apk has no usable artifacts
03-09 01:24:42.750   919   929 W artd    : Could not get dex checksums for location /data/app/~~Da373jqV-LH-m_TB9UU-LQ==/com.google.android.gms-vL_Ca1iNV8hMiPmeZ_b9Xg==/base.apk, fd=-1
03-09 01:24:42.755   919   929 I artd    : GetBestInfo: /data/user_de/0/com.google.android.gms/app_chimera/m/00000009/dl-VisionOcr.optional_250834100000.apk has no usable artifacts
03-09 01:24:42.756   919   929 I artd    : GetBestInfo: /data/user_de/0/com.google.android.gms/app_chimera/m/00000001/CronetDynamite.apk has no usable artifacts
03-09 01:24:42.757   919   929 W artd    : Could not get dex checksums for location /data/app/~~Da373jqV-LH-m_TB9UU-LQ==/com.google.android.gms-vL_Ca1iNV8hMiPmeZ_b9Xg==/base.apk, fd=-1
03-09 01:24:42.759   919   929 W artd    : Could not get dex checksums for location /data/app/~~Da373jqV-LH-m_TB9UU-LQ==/com.google.android.gms-vL_Ca1iNV8hMiPmeZ_b9Xg==/base.apk, fd=-1
03-09 01:24:42.761   919   929 I artd    : GetBestInfo: /data/user_de/0/com.google.android.gms/app_chimera/m/00000002/DynamiteLoader.apk has no usable artifacts
03-09 01:24:42.762   919   929 W artd    : Could not get dex checksums for location /data/app/~~Da373jqV-LH-m_TB9UU-LQ==/com.google.android.gms-vL_Ca1iNV8hMiPmeZ_b9Xg==/base.apk, fd=-1
03-09 01:24:42.765   919   929 W artd    : Could not get dex checksums for location /data/app/~~Da373jqV-LH-m_TB9UU-LQ==/com.google.android.gms-vL_Ca1iNV8hMiPmeZ_b9Xg==/base.apk, fd=-1
03-09 01:24:42.767   919   929 I artd    : GetBestInfo: /data/user_de/0/com.google.android.gms/app_chimera/m/00000005/GoogleCertificates.apk has no usable artifacts
03-09 01:24:42.769   919   929 W artd    : Could not get dex checksums for location /data/app/~~Da373jqV-LH-m_TB9UU-LQ==/com.google.android.gms-vL_Ca1iNV8hMiPmeZ_b9Xg==/base.apk, fd=-1
03-09 01:24:42.771   919   929 W artd    : Could not get dex checksums for location /data/app/~~Da373jqV-LH-m_TB9UU-LQ==/com.google.android.gms-vL_Ca1iNV8hMiPmeZ_b9Xg==/base.apk, fd=-1
03-09 01:24:42.773   919   929 W artd    : Could not get dex checksums for location /data/app/~~Da373jqV-LH-m_TB9UU-LQ==/com.google.android.gms-vL_Ca1iNV8hMiPmeZ_b9Xg==/base.apk, fd=-1
03-09 01:24:42.775   919   929 W artd    : Could not get dex checksums for location /data/app/~~Da373jqV-LH-m_TB9UU-LQ==/com.google.android.gms-vL_Ca1iNV8hMiPmeZ_b9Xg==/base.apk, fd=-1
03-09 01:24:42.776   919   929 W artd    : Could not get dex checksums for location /data/app/~~Da373jqV-LH-m_TB9UU-LQ==/com.google.android.gms-vL_Ca1iNV8hMiPmeZ_b9Xg==/base.apk, fd=-1
03-09 01:24:42.778   919   929 W artd    : Could not get dex checksums for location /data/app/~~Da373jqV-LH-m_TB9UU-LQ==/com.google.android.gms-vL_Ca1iNV8hMiPmeZ_b9Xg==/base.apk, fd=-1
03-09 01:24:42.785   919   929 I artd    : GetBestInfo: /data/user_de/0/com.google.android.gms/app_chimera/m/00000008/dl-MlkitOcrCommon.optional_250834100800.apk has no usable artifacts
03-09 01:24:42.786   919   929 W artd    : Could not get dex checksums for location /data/app/~~6kpW9_tVLFGX9XOf0H-Vgw==/com.android.vending-SvkSTJdxogsE4a8ru2WUhw==/base.apk, fd=-1
03-09 01:24:44.020  1508  1818 D SatelliteController: iisInCarrierRoamingNbIotNtn: satellite is disabled
03-09 01:24:44.020   716  2329 W IPCThreadState: Sending oneway calls to frozen process.
03-09 01:24:49.230  1444  1603 D ApfFilter: (wlan0): Adding RA fe80::2 -> ff02::1 1800s fec0::/64 86400s/14400s 
03-09 01:24:50.467   804  9483 I .gms.persistent: Explicit concurrent mark compact GC freed 2905KB AllocSpace bytes, 1(128KB) LOS objects, 24% free, 14MB/19MB, paused 4.548ms,18.812ms total 194.158ms
03-09 01:24:52.312  9484  9484 W dumpsys : Thread Pool max thread count is 0. Cannot cache binder as linkToDeath cannot be implemented. serviceName: package
03-09 01:24:52.624   919   929 I artd    : GetBestInfo: odex next to the dex file (/data/app/~~yEW5pWbYu2w5n5JzdwoGcg==/com.google.android.gms-gFlHq_U2kQ3iP-7gMcMp7w==/oat/x86_64/base.odex) is kOatUpToDate with filter 'speed-profile' executable 'false'
03-09 01:24:52.630   919   929 I artd    : GetBestInfo: odex next to the dex file (/data/app/~~yEW5pWbYu2w5n5JzdwoGcg==/com.google.android.gms-gFlHq_U2kQ3iP-7gMcMp7w==/oat/x86_64/split_AdsDynamite_installtime.odex) is kOatUpToDate with filter 'speed' executable 'false'
03-09 01:24:52.635   919   929 I artd    : GetBestInfo: odex next to the dex file (/data/app/~~yEW5pWbYu2w5n5JzdwoGcg==/com.google.android.gms-gFlHq_U2kQ3iP-7gMcMp7w==/oat/x86_64/split_CronetDynamite_installtime.odex) is kOatUpToDate with filter 'speed-profile' executable 'false'
03-09 01:24:52.639   919   929 I artd    : GetBestInfo: odex next to the dex file (/data/app/~~yEW5pWbYu2w5n5JzdwoGcg==/com.google.android.gms-gFlHq_U2kQ3iP-7gMcMp7w==/oat/x86_64/split_DynamiteLoader_installtime.odex) is kOatUpToDate with filter 'speed' executable 'false'
03-09 01:24:52.643   919   929 I artd    : GetBestInfo: odex next to the dex file (/data/app/~~yEW5pWbYu2w5n5JzdwoGcg==/com.google.android.gms-gFlHq_U2kQ3iP-7gMcMp7w==/oat/x86_64/split_DynamiteModulesA_installtime.odex) is kOatUpToDate with filter 'speed' executable 'false'
03-09 01:24:52.646   919   929 I artd    : GetBestInfo: odex next to the dex file (/data/app/~~yEW5pWbYu2w5n5JzdwoGcg==/com.google.android.gms-gFlHq_U2kQ3iP-7gMcMp7w==/oat/x86_64/split_DynamiteModulesC_installtime.odex) is kOatUpToDate with filter 'speed' executable 'false'
03-09 01:24:52.652   919   929 I artd    : GetBestInfo: odex next to the dex file (/data/app/~~yEW5pWbYu2w5n5JzdwoGcg==/com.google.android.gms-gFlHq_U2kQ3iP-7gMcMp7w==/oat/x86_64/split_GoogleCertificates_installtime.odex) is kOatUpToDate with filter 'speed' executable 'false'
03-09 01:24:52.655   919   929 I artd    : GetBestInfo: odex next to the dex file (/data/app/~~yEW5pWbYu2w5n5JzdwoGcg==/com.google.android.gms-gFlHq_U2kQ3iP-7gMcMp7w==/oat/x86_64/split_MapsDynamite_installtime.odex) is kOatUpToDate with filter 'speed' executable 'false'
03-09 01:24:52.659   919   929 I artd    : GetBestInfo: odex next to the dex file (/data/app/~~yEW5pWbYu2w5n5JzdwoGcg==/com.google.android.gms-gFlHq_U2kQ3iP-7gMcMp7w==/oat/x86_64/split_MeasurementDynamite_installtime.odex) is kOatUpToDate with filter 'speed' executable 'false'
03-09 01:24:52.665   919   929 I artd    : GetBestInfo: odex next to the dex file (/data/app/~~yEW5pWbYu2w5n5JzdwoGcg==/com.google.android.gms-gFlHq_U2kQ3iP-7gMcMp7w==/oat/x86_64/split_all_locale_splits.odex) is kOatUpToDate with filter 'speed' executable 'false'
