03-09 01:58:50.985  4355  4390 V ListServiceUtils: getListValueByName module:control package:audioBoostEnable cost 0us return 0
03-09 01:58:50.985  4355  4390 D AudioRecordExtImpl: checkBoostPermission, audioBoostEnable is disabled
03-09 01:58:51.006  4355  4390 V ListServiceUtils: getListValueByName module:control package:audioBoostEnable cost 1us return 0
03-09 01:58:51.006  4355  4390 D AudioRecordExtImpl: checkBoostPermission, audioBoostEnable is disabled
03-09 01:58:51.024  4355  4390 V ListServiceUtils: getListValueByName module:control package:audioBoostEnable cost 0us return 0
03-09 01:58:51.025  4355  4390 D AudioRecordExtImpl: checkBoostPermission, audioBoostEnable is disabled
03-09 01:58:51.044  4355  4390 V ListServiceUtils: getListValueByName module:control package:audioBoostEnable cost 0us return 0
03-09 01:58:51.044  4355  4390 D AudioRecordExtImpl: checkBoostPermission, audioBoostEnable is disabled
03-09 01:58:51.065  4355  4390 V ListServiceUtils: getListValueByName module:control package:audioBoostEnable cost 0us return 0
03-09 01:58:51.065  4355  4390 D AudioRecordExtImpl: checkBoostPermission, audioBoostEnable is disabled
03-09 01:58:51.084  4355  4390 V ListServiceUtils: getListValueByName module:control package:audioBoostEnable cost 1us return 0
03-09 01:58:51.084  4355  4390 D AudioRecordExtImpl: checkBoostPermission, audioBoostEnable is disabled
03-09 01:58:51.091  2568  2860 D CommonScenarios-113-10251: transportLayerQosChange TransportLayerData{link_index=34, uid=10251, uplink_srtt=0, uplink_packets=0, uplink_retrans_packets=0, uplink_retrans_rate=0, downlink_srtt=52, downlink_packets=0, downlink_retrans_packets=0, downlink_retrans_rate=0, downlink_rate=0, uplink_udp_packets=0, downlink_udp_packets=0, uplink_tcp_rate=0, uplink_udp_rate=0, downlink_tcp_rate=0, downlink_udp_rate=0}
03-09 01:58:51.091  2568  2860 D CommonScenarios-113-10251: ActiveState process message 2
03-09 01:58:51.091  2568  2860 D CommonScenarios-113-10251: ActiveState EVENT_NETWORK_KPI_CHANGE
03-09 01:58:51.091  2568  2860 D CommonScenarios-113-10251: transport layer data is invalid
03-09 01:58:51.091  2568  2860 D CommonScenarios-113-10251: ActiveState EVENT_NETWORK_KPI_CHANGE score is invalid
03-09 01:58:51.105  4355  4390 V ListServiceUtils: getListValueByName module:control package:audioBoostEnable cost 0us return 0
03-09 01:58:51.106  4355  4390 D AudioRecordExtImpl: checkBoostPermission, audioBoostEnable is disabled
03-09 01:58:51.125  4355  4390 V ListServiceUtils: getListValueByName module:control package:audioBoostEnable cost 1us return 0
03-09 01:58:51.125  4355  4390 D AudioRecordExtImpl: checkBoostPermission, audioBoostEnable is disabled
03-09 01:58:51.145  4355  4390 V ListServiceUtils: getListValueByName module:control package:audioBoostEnable cost 0us return 0
03-09 01:58:51.145  4355  4390 D AudioRecordExtImpl: checkBoostPermission, audioBoostEnable is disabled
03-09 01:58:51.166  4355  4390 V ListServiceUtils: getListValueByName module:control package:audioBoostEnable cost 0us return 0
03-09 01:58:51.166  4355  4390 D AudioRecordExtImpl: checkBoostPermission, audioBoostEnable is disabled
03-09 01:58:51.185  4355  4390 V ListServiceUtils: getListValueByName module:control package:audioBoostEnable cost 0us return 0
03-09 01:58:51.186  4355  4390 D AudioRecordExtImpl: checkBoostPermission, audioBoostEnable is disabled
03-09 01:58:51.205  4355  4390 V ListServiceUtils: getListValueByName module:control package:audioBoostEnable cost 0us return 0
03-09 01:58:51.205  4355  4390 D AudioRecordExtImpl: checkBoostPermission, audioBoostEnable is disabled
03-09 01:58:51.226  4355  4390 V ListServiceUtils: getListValueByName module:control package:audioBoostEnable cost 1us return 0
03-09 01:58:51.226  4355  4390 D AudioRecordExtImpl: checkBoostPermission, audioBoostEnable is disabled
03-09 01:58:51.245  4355  4390 V ListServiceUtils: getListValueByName module:control package:audioBoostEnable cost 1us return 0
03-09 01:58:51.245  4355  4390 D AudioRecordExtImpl: checkBoostPermission, audioBoostEnable is disabled
03-09 01:58:51.266  4355  4390 V ListServiceUtils: getListValueByName module:control package:audioBoostEnable cost 0us return 0
03-09 01:58:51.266  4355  4390 D AudioRecordExtImpl: checkBoostPermission, audioBoostEnable is disabled
03-09 01:58:51.285  4355  4390 V ListServiceUtils: getListValueByName module:control package:audioBoostEnable cost 1us return 0
03-09 01:58:51.285  4355  4390 D AudioRecordExtImpl: checkBoostPermission, audioBoostEnable is disabled
03-09 01:58:51.306  4355  4390 V ListServiceUtils: getListValueByName module:control package:audioBoostEnable cost 0us return 0
03-09 01:58:51.306  4355  4390 D AudioRecordExtImpl: checkBoostPermission, audioBoostEnable is disabled
03-09 01:58:51.325  4355  4390 V ListServiceUtils: getListValueByName module:control package:audioBoostEnable cost 0us return 0
03-09 01:58:51.326  4355  4390 D AudioRecordExtImpl: checkBoostPermission, audioBoostEnable is disabled
03-09 01:58:51.346  4355  4390 V ListServiceUtils: getListValueByName module:control package:audioBoostEnable cost 1us return 0
03-09 01:58:51.346  4355  4390 D AudioRecordExtImpl: checkBoostPermission, audioBoostEnable is disabled
03-09 01:58:51.366  4355  4390 V ListServiceUtils: getListValueByName module:control package:audioBoostEnable cost 1us return 0
03-09 01:58:51.366  4355  4390 D AudioRecordExtImpl: checkBoostPermission, audioBoostEnable is disabled
03-09 01:58:51.385  4355  4390 V ListServiceUtils: getListValueByName module:control package:audioBoostEnable cost 0us return 0
03-09 01:58:51.385  4355  4390 D AudioRecordExtImpl: checkBoostPermission, audioBoostEnable is disabled
03-09 01:58:51.405  4355  4390 V ListServiceUtils: getListValueByName module:control package:audioBoostEnable cost 0us return 0
03-09 01:58:51.405  4355  4390 D AudioRecordExtImpl: checkBoostPermission, audioBoostEnable is disabled
03-09 01:58:51.424  4355  4390 V ListServiceUtils: getListValueByName module:control package:audioBoostEnable cost 1us return 0
03-09 01:58:51.424  4355  4390 D AudioRecordExtImpl: checkBoostPermission, audioBoostEnable is disabled
03-09 01:58:51.445  4355  4390 V ListServiceUtils: getListValueByName module:control package:audioBoostEnable cost 0us return 0
03-09 01:58:51.445  4355  4390 D AudioRecordExtImpl: checkBoostPermission, audioBoostEnable is disabled
03-09 01:58:51.465  4355  4390 V ListServiceUtils: getListValueByName module:control package:audioBoostEnable cost 0us return 0
03-09 01:58:51.465  4355  4390 D AudioRecordExtImpl: checkBoostPermission, audioBoostEnable is disabled
03-09 01:58:51.485  4355  4390 V ListServiceUtils: getListValueByName module:control package:audioBoostEnable cost 0us return 0
03-09 01:58:51.485  4355  4390 D AudioRecordExtImpl: checkBoostPermission, audioBoostEnable is disabled
03-09 01:58:51.490   963  1016 D vendor.oplus.hardware.charger-V3-service: read content:,363,-2740,3960,3949,-463,500,2800,39,39,1,4,440,4918,39,1,0,1,1,0,0,4435,0,0,0,0,0,0,0,-2740,0,1,1,0,0
03-09 01:58:51.490   963  1016 D vendor.oplus.hardware.charger-V3-service: , ret_value:104
03-09 01:58:51.490   963  1016 D vendor.oplus.hardware.charger-V3-service: gmtime: 2026-03-09-01-58-51
03-09 01:58:51.504  4355  4390 V ListServiceUtils: getListValueByName module:control package:audioBoostEnable cost 0us return 0
03-09 01:58:51.504  4355  4390 D AudioRecordExtImpl: checkBoostPermission, audioBoostEnable is disabled
03-09 01:58:51.517  1047  1047 I BufferQueueProducer: [com.whatsapp/com.whatsapp.Conversation#2302](this:0xb400007abfb838f8,id:-1,api:0,p:-1,c:1047) queueBuffer: fps=2.01 dur=1491.68 max=504.29 min=493.23
03-09 01:58:51.526  4355  4390 V ListServiceUtils: getListValueByName module:control package:audioBoostEnable cost 0us return 0
03-09 01:58:51.526  4355  4390 D AudioRecordExtImpl: checkBoostPermission, audioBoostEnable is disabled
03-09 01:58:51.544  4355  4390 V ListServiceUtils: getListValueByName module:control package:audioBoostEnable cost 0us return 0
03-09 01:58:51.544  4355  4390 D AudioRecordExtImpl: checkBoostPermission, audioBoostEnable is disabled
03-09 01:58:51.564  4355  4390 V ListServiceUtils: getListValueByName module:control package:audioBoostEnable cost 0us return 0
03-09 01:58:51.564  4355  4390 D AudioRecordExtImpl: checkBoostPermission, audioBoostEnable is disabled
03-09 01:58:51.585  4355  4390 V ListServiceUtils: getListValueByName module:control package:audioBoostEnable cost 1us return 0
03-09 01:58:51.585  4355  4390 D AudioRecordExtImpl: checkBoostPermission, audioBoostEnable is disabled
03-09 01:58:51.591  1388  1388 D AALLightSensor: oldLux=59 [SA:59 LA:56] newLux=59 (oriLux: 60)
03-09 01:58:51.606  4355  4390 V ListServiceUtils: getListValueByName module:control package:audioBoostEnable cost 0us return 0
03-09 01:58:51.606  4355  4390 D AudioRecordExtImpl: checkBoostPermission, audioBoostEnable is disabled
03-09 01:58:51.625  4355  4390 V ListServiceUtils: getListValueByName module:control package:audioBoostEnable cost 1us return 0
03-09 01:58:51.625  4355  4390 D AudioRecordExtImpl: checkBoostPermission, audioBoostEnable is disabled
03-09 01:58:51.645  4355  4390 V ListServiceUtils: getListValueByName module:control package:audioBoostEnable cost 0us return 0
03-09 01:58:51.645  4355  4390 D AudioRecordExtImpl: checkBoostPermission, audioBoostEnable is disabled
03-09 01:58:51.666  4355  4390 V ListServiceUtils: getListValueByName module:control package:audioBoostEnable cost 1us return 0
03-09 01:58:51.666  4355  4390 D AudioRecordExtImpl: checkBoostPermission, audioBoostEnable is disabled
03-09 01:58:51.686  4355  4390 V ListServiceUtils: getListValueByName module:control package:audioBoostEnable cost 1us return 0
03-09 01:58:51.686  4355  4390 D AudioRecordExtImpl: checkBoostPermission, audioBoostEnable is disabled
03-09 01:58:51.705  4355  4390 V ListServiceUtils: getListValueByName module:control package:audioBoostEnable cost 0us return 0
03-09 01:58:51.705  4355  4390 D AudioRecordExtImpl: checkBoostPermission, audioBoostEnable is disabled
03-09 01:58:51.725  4355  4390 V ListServiceUtils: getListValueByName module:control package:audioBoostEnable cost 0us return 0
03-09 01:58:51.725  4355  4390 D AudioRecordExtImpl: checkBoostPermission, audioBoostEnable is disabled
03-09 01:58:51.745  4355  4390 V ListServiceUtils: getListValueByName module:control package:audioBoostEnable cost 1us return 0
03-09 01:58:51.745  4355  4390 D AudioRecordExtImpl: checkBoostPermission, audioBoostEnable is disabled
03-09 01:58:51.766  4355  4390 V ListServiceUtils: getListValueByName module:control package:audioBoostEnable cost 0us return 0
03-09 01:58:51.766  4355  4390 D AudioRecordExtImpl: checkBoostPermission, audioBoostEnable is disabled
03-09 01:58:51.786  4355  4390 V ListServiceUtils: getListValueByName module:control package:audioBoostEnable cost 1us return 0
03-09 01:58:51.786  4355  4390 D AudioRecordExtImpl: checkBoostPermission, audioBoostEnable is disabled
03-09 01:58:51.805  4355  4390 V ListServiceUtils: getListValueByName module:control package:audioBoostEnable cost 0us return 0
03-09 01:58:51.805  4355  4390 D AudioRecordExtImpl: checkBoostPermission, audioBoostEnable is disabled
03-09 01:58:51.826  4355  4390 V ListServiceUtils: getListValueByName module:control package:audioBoostEnable cost 0us return 0
03-09 01:58:51.826  4355  4390 D AudioRecordExtImpl: checkBoostPermission, audioBoostEnable is disabled
03-09 01:58:51.846  4355  4390 V ListServiceUtils: getListValueByName module:control package:audioBoostEnable cost 0us return 0
03-09 01:58:51.846  4355  4390 D AudioRecordExtImpl: checkBoostPermission, audioBoostEnable is disabled
03-09 01:58:51.864  4355  4390 V ListServiceUtils: getListValueByName module:control package:audioBoostEnable cost 1us return 0
03-09 01:58:51.864  4355  4390 D AudioRecordExtImpl: checkBoostPermission, audioBoostEnable is disabled
03-09 01:58:51.885  4355  4390 V ListServiceUtils: getListValueByName module:control package:audioBoostEnable cost 1us return 0
03-09 01:58:51.885  4355  4390 D AudioRecordExtImpl: checkBoostPermission, audioBoostEnable is disabled
03-09 01:58:51.906  4355  4390 V ListServiceUtils: getListValueByName module:control package:audioBoostEnable cost 1us return 0
03-09 01:58:51.906  4355  4390 D AudioRecordExtImpl: checkBoostPermission, audioBoostEnable is disabled
03-09 01:58:51.925  4355  4390 V ListServiceUtils: getListValueByName module:control package:audioBoostEnable cost 0us return 0
03-09 01:58:51.925  4355  4390 D AudioRecordExtImpl: checkBoostPermission, audioBoostEnable is disabled
03-09 01:58:51.946  4355  4390 V ListServiceUtils: getListValueByName module:control package:audioBoostEnable cost 0us return 0
03-09 01:58:51.946  4355  4390 D AudioRecordExtImpl: checkBoostPermission, audioBoostEnable is disabled
03-09 01:58:51.964  4355  4390 V ListServiceUtils: getListValueByName module:control package:audioBoostEnable cost 0us return 0
03-09 01:58:51.965  4355  4390 D AudioRecordExtImpl: checkBoostPermission, audioBoostEnable is disabled
03-09 01:58:51.986  4355  4390 V ListServiceUtils: getListValueByName module:control package:audioBoostEnable cost 1us return 0
03-09 01:58:51.986  4355  4390 D AudioRecordExtImpl: checkBoostPermission, audioBoostEnable is disabled
03-09 01:58:52.005  4355  4390 V ListServiceUtils: getListValueByName module:control package:audioBoostEnable cost 0us return 0
03-09 01:58:52.005  4355  4390 D AudioRecordExtImpl: checkBoostPermission, audioBoostEnable is disabled
03-09 01:58:52.024  4355  4390 V ListServiceUtils: getListValueByName module:control package:audioBoostEnable cost 0us return 0
03-09 01:58:52.025  4355  4390 D AudioRecordExtImpl: checkBoostPermission, audioBoostEnable is disabled
03-09 01:58:52.044  4355  4390 V ListServiceUtils: getListValueByName module:control package:audioBoostEnable cost 0us return 0
03-09 01:58:52.044  4355  4390 D AudioRecordExtImpl: checkBoostPermission, audioBoostEnable is disabled
03-09 01:58:52.064  4355  4390 V ListServiceUtils: getListValueByName module:control package:audioBoostEnable cost 0us return 0
03-09 01:58:52.064  4355  4390 D AudioRecordExtImpl: checkBoostPermission, audioBoostEnable is disabled
03-09 01:58:52.084  4355  4390 V ListServiceUtils: getListValueByName module:control package:audioBoostEnable cost 0us return 0
03-09 01:58:52.085  4355  4390 D AudioRecordExtImpl: checkBoostPermission, audioBoostEnable is disabled
03-09 01:58:52.105  4355  4390 V ListServiceUtils: getListValueByName module:control package:audioBoostEnable cost 0us return 0
03-09 01:58:52.105  4355  4390 D AudioRecordExtImpl: checkBoostPermission, audioBoostEnable is disabled
03-09 01:58:52.114  2568  2860 D CommonScenarios-113-10251: transportLayerQosChange TransportLayerData{link_index=34, uid=10251, uplink_srtt=0, uplink_packets=0, uplink_retrans_packets=0, uplink_retrans_rate=0, downlink_srtt=52, downlink_packets=0, downlink_retrans_packets=0, downlink_retrans_rate=0, downlink_rate=0, uplink_udp_packets=0, downlink_udp_packets=0, uplink_tcp_rate=0, uplink_udp_rate=0, downlink_tcp_rate=0, downlink_udp_rate=0}
03-09 01:58:52.115  2568  2860 D CommonScenarios-113-10251: ActiveState process message 2
03-09 01:58:52.115  2568  2860 D CommonScenarios-113-10251: ActiveState EVENT_NETWORK_KPI_CHANGE
03-09 01:58:52.115  2568  2860 D CommonScenarios-113-10251: transport layer data is invalid
03-09 01:58:52.115  2568  2860 D CommonScenarios-113-10251: ActiveState EVENT_NETWORK_KPI_CHANGE score is invalid
03-09 01:58:52.124  4355  4390 V ListServiceUtils: getListValueByName module:control package:audioBoostEnable cost 1us return 0
03-09 01:58:52.124  4355  4390 D AudioRecordExtImpl: checkBoostPermission, audioBoostEnable is disabled
03-09 01:58:52.145  4355  4390 V ListServiceUtils: getListValueByName module:control package:audioBoostEnable cost 0us return 0
03-09 01:58:52.145  4355  4390 D AudioRecordExtImpl: checkBoostPermission, audioBoostEnable is disabled
03-09 01:58:52.165  4355  4390 V ListServiceUtils: getListValueByName module:control package:audioBoostEnable cost 1us return 0
03-09 01:58:52.165  4355  4390 D AudioRecordExtImpl: checkBoostPermission, audioBoostEnable is disabled
03-09 01:58:52.184  4355  4390 V ListServiceUtils: getListValueByName module:control package:audioBoostEnable cost 0us return 0
03-09 01:58:52.184  4355  4390 D AudioRecordExtImpl: checkBoostPermission, audioBoostEnable is disabled
03-09 01:58:52.205  4355  4390 V ListServiceUtils: getListValueByName module:control package:audioBoostEnable cost 0us return 0
03-09 01:58:52.205  4355  4390 D AudioRecordExtImpl: checkBoostPermission, audioBoostEnable is disabled
03-09 01:58:52.226  4355  4390 V ListServiceUtils: getListValueByName module:control package:audioBoostEnable cost 0us return 0
03-09 01:58:52.226  4355  4390 D AudioRecordExtImpl: checkBoostPermission, audioBoostEnable is disabled
03-09 01:58:52.244  4355  4390 V ListServiceUtils: getListValueByName module:control package:audioBoostEnable cost 1us return 0
03-09 01:58:52.244  4355  4390 D AudioRecordExtImpl: checkBoostPermission, audioBoostEnable is disabled
03-09 01:58:52.266  4355  4390 V ListServiceUtils: getListValueByName module:control package:audioBoostEnable cost 1us return 0
03-09 01:58:52.266  4355  4390 D AudioRecordExtImpl: checkBoostPermission, audioBoostEnable is disabled
03-09 01:58:52.285  4355  4390 V ListServiceUtils: getListValueByName module:control package:audioBoostEnable cost 1us return 0
03-09 01:58:52.285  4355  4390 D AudioRecordExtImpl: checkBoostPermission, audioBoostEnable is disabled
03-09 01:58:52.306  4355  4390 V ListServiceUtils: getListValueByName module:control package:audioBoostEnable cost 0us return 0
03-09 01:58:52.306  4355  4390 D AudioRecordExtImpl: checkBoostPermission, audioBoostEnable is disabled
03-09 01:58:52.325  4355  4390 V ListServiceUtils: getListValueByName module:control package:audioBoostEnable cost 0us return 0
03-09 01:58:52.325  4355  4390 D AudioRecordExtImpl: checkBoostPermission, audioBoostEnable is disabled
03-09 01:58:52.345  4355  4390 V ListServiceUtils: getListValueByName module:control package:audioBoostEnable cost 1us return 0
03-09 01:58:52.345  4355  4390 D AudioRecordExtImpl: checkBoostPermission, audioBoostEnable is disabled
03-09 01:58:52.364  4355  4390 V ListServiceUtils: getListValueByName module:control package:audioBoostEnable cost 1us return 0
03-09 01:58:52.365  4355  4390 D AudioRecordExtImpl: checkBoostPermission, audioBoostEnable is disabled
03-09 01:58:52.385  4355  4390 V ListServiceUtils: getListValueByName module:control package:audioBoostEnable cost 0us return 0
03-09 01:58:52.385  4355  4390 D AudioRecordExtImpl: checkBoostPermission, audioBoostEnable is disabled
03-09 01:58:52.406  4355  4390 V ListServiceUtils: getListValueByName module:control package:audioBoostEnable cost 1us return 0
03-09 01:58:52.406  4355  4390 D AudioRecordExtImpl: checkBoostPermission, audioBoostEnable is disabled
03-09 01:58:52.426  4355  4390 V ListServiceUtils: getListValueByName module:control package:audioBoostEnable cost 0us return 0
03-09 01:58:52.426  4355  4390 D AudioRecordExtImpl: checkBoostPermission, audioBoostEnable is disabled
03-09 01:58:52.445  4355  4390 V ListServiceUtils: getListValueByName module:control package:audioBoostEnable cost 1us return 0
03-09 01:58:52.445  4355  4390 D AudioRecordExtImpl: checkBoostPermission, audioBoostEnable is disabled
03-09 01:58:52.465  4355  4390 V ListServiceUtils: getListValueByName module:control package:audioBoostEnable cost 0us return 0
03-09 01:58:52.465  4355  4390 D AudioRecordExtImpl: checkBoostPermission, audioBoostEnable is disabled
03-09 01:58:52.485  4355  4390 V ListServiceUtils: getListValueByName module:control package:audioBoostEnable cost 1us return 0
03-09 01:58:52.485  4355  4390 D AudioRecordExtImpl: checkBoostPermission, audioBoostEnable is disabled
03-09 01:58:52.505  4355  4390 V ListServiceUtils: getListValueByName module:control package:audioBoostEnable cost 0us return 0
03-09 01:58:52.505  4355  4390 D AudioRecordExtImpl: checkBoostPermission, audioBoostEnable is disabled
03-09 01:58:52.525  4355  4390 V ListServiceUtils: getListValueByName module:control package:audioBoostEnable cost 0us return 0
03-09 01:58:52.525  4355  4390 D AudioRecordExtImpl: checkBoostPermission, audioBoostEnable is disabled
03-09 01:58:52.528  1047  1047 I BufferQueueProducer: [com.whatsapp/com.whatsapp.Conversation#2302](this:0xb400007abfb838f8,id:-1,api:0,p:-1,c:1047) queueBuffer: fps=1.98 dur=1010.91 max=510.88 min=500.03
03-09 01:58:52.545  4355  4390 V ListServiceUtils: getListValueByName module:control package:audioBoostEnable cost 1us return 0
03-09 01:58:52.545  4355  4390 D AudioRecordExtImpl: checkBoostPermission, audioBoostEnable is disabled
03-09 01:58:52.564  4355  4390 V ListServiceUtils: getListValueByName module:control package:audioBoostEnable cost 1us return 0
03-09 01:58:52.564  4355  4390 D AudioRecordExtImpl: checkBoostPermission, audioBoostEnable is disabled
03-09 01:58:52.565  1373  1373 I thermal_repeater: [recvMdThermalInfo] ret=24, strLen=127,  4, 43, -50, 0, 32767, 0
03-09 01:58:52.584  4355  4390 V ListServiceUtils: getListValueByName module:control package:audioBoostEnable cost 1us return 0
03-09 01:58:52.585  4355  4390 D AudioRecordExtImpl: checkBoostPermission, audioBoostEnable is disabled
03-09 01:58:52.600  4355  4390 V ListServiceUtils: getListValueByName module:control package:audioBoostEnable cost 0us return 0
03-09 01:58:52.600  4355  4390 D AudioRecordExtImpl: checkBoostPermission, audioBoostEnable is disabled
03-09 01:58:52.620  4355  4390 V ListServiceUtils: getListValueByName module:control package:audioBoostEnable cost 0us return 0
03-09 01:58:52.620  4355  4390 D AudioRecordExtImpl: checkBoostPermission, audioBoostEnable is disabled
03-09 01:58:52.642  4355  4390 V ListServiceUtils: getListValueByName module:control package:audioBoostEnable cost 0us return 0
03-09 01:58:52.642  4355  4390 D AudioRecordExtImpl: checkBoostPermission, audioBoostEnable is disabled
03-09 01:58:52.662  4355  4390 V ListServiceUtils: getListValueByName module:control package:audioBoostEnable cost 0us return 0
03-09 01:58:52.662  4355  4390 D AudioRecordExtImpl: checkBoostPermission, audioBoostEnable is disabled
03-09 01:58:52.684  4355  4390 V ListServiceUtils: getListValueByName module:control package:audioBoostEnable cost 1us return 0
03-09 01:58:52.684  4355  4390 D AudioRecordExtImpl: checkBoostPermission, audioBoostEnable is disabled
03-09 01:58:52.704  4355  4390 V ListServiceUtils: getListValueByName module:control package:audioBoostEnable cost 0us return 0
03-09 01:58:52.704  4355  4390 D AudioRecordExtImpl: checkBoostPermission, audioBoostEnable is disabled
03-09 01:58:52.725  4355  4390 V ListServiceUtils: getListValueByName module:control package:audioBoostEnable cost 0us return 0
03-09 01:58:52.725  4355  4390 D AudioRecordExtImpl: checkBoostPermission, audioBoostEnable is disabled
03-09 01:58:52.746  4355  4390 V ListServiceUtils: getListValueByName module:control package:audioBoostEnable cost 1us return 0
03-09 01:58:52.746  4355  4390 D AudioRecordExtImpl: checkBoostPermission, audioBoostEnable is disabled
03-09 01:58:52.764  4355  4390 V ListServiceUtils: getListValueByName module:control package:audioBoostEnable cost 0us return 0
03-09 01:58:52.765  4355  4390 D AudioRecordExtImpl: checkBoostPermission, audioBoostEnable is disabled
03-09 01:58:52.785  4355  4390 V ListServiceUtils: getListValueByName module:control package:audioBoostEnable cost 0us return 0
03-09 01:58:52.785  4355  4390 D AudioRecordExtImpl: checkBoostPermission, audioBoostEnable is disabled
03-09 01:58:52.805  4355  4390 V ListServiceUtils: getListValueByName module:control package:audioBoostEnable cost 0us return 0
03-09 01:58:52.805  4355  4390 D AudioRecordExtImpl: checkBoostPermission, audioBoostEnable is disabled
03-09 01:58:52.825  4355  4390 V ListServiceUtils: getListValueByName module:control package:audioBoostEnable cost 0us return 0
03-09 01:58:52.825  4355  4390 D AudioRecordExtImpl: checkBoostPermission, audioBoostEnable is disabled
03-09 01:58:52.845  4355  4390 V ListServiceUtils: getListValueByName module:control package:audioBoostEnable cost 0us return 0
03-09 01:58:52.845  4355  4390 D AudioRecordExtImpl: checkBoostPermission, audioBoostEnable is disabled
03-09 01:58:52.865  4355  4390 V ListServiceUtils: getListValueByName module:control package:audioBoostEnable cost 1us return 0
03-09 01:58:52.865  4355  4390 D AudioRecordExtImpl: checkBoostPermission, audioBoostEnable is disabled
03-09 01:58:52.886  4355  4390 V ListServiceUtils: getListValueByName module:control package:audioBoostEnable cost 1us return 0
03-09 01:58:52.886  4355  4390 D AudioRecordExtImpl: checkBoostPermission, audioBoostEnable is disabled
03-09 01:58:52.906  4355  4390 V ListServiceUtils: getListValueByName module:control package:audioBoostEnable cost 1us return 0
03-09 01:58:52.906  4355  4390 D AudioRecordExtImpl: checkBoostPermission, audioBoostEnable is disabled
03-09 01:58:52.924  4355  4390 V ListServiceUtils: getListValueByName module:control package:audioBoostEnable cost 1us return 0
03-09 01:58:52.924  4355  4390 D AudioRecordExtImpl: checkBoostPermission, audioBoostEnable is disabled
03-09 01:58:52.946  4355  4390 V ListServiceUtils: getListValueByName module:control package:audioBoostEnable cost 0us return 0
03-09 01:58:52.946  4355  4390 D AudioRecordExtImpl: checkBoostPermission, audioBoostEnable is disabled
03-09 01:58:52.966  4355  4390 V ListServiceUtils: getListValueByName module:control package:audioBoostEnable cost 1us return 0
03-09 01:58:52.966  4355  4390 D AudioRecordExtImpl: checkBoostPermission, audioBoostEnable is disabled
03-09 01:58:52.986  4355  4390 V ListServiceUtils: getListValueByName module:control package:audioBoostEnable cost 1us return 0
03-09 01:58:52.986  4355  4390 D AudioRecordExtImpl: checkBoostPermission, audioBoostEnable is disabled
03-09 01:58:53.004  4355  4390 V ListServiceUtils: getListValueByName module:control package:audioBoostEnable cost 1us return 0
03-09 01:58:53.005  4355  4390 D AudioRecordExtImpl: checkBoostPermission, audioBoostEnable is disabled
03-09 01:58:53.025  4355  4390 V ListServiceUtils: getListValueByName module:control package:audioBoostEnable cost 0us return 0
03-09 01:58:53.025  4355  4390 D AudioRecordExtImpl: checkBoostPermission, audioBoostEnable is disabled
03-09 01:58:53.045  4355  4390 V ListServiceUtils: getListValueByName module:control package:audioBoostEnable cost 0us return 0
03-09 01:58:53.045  4355  4390 D AudioRecordExtImpl: checkBoostPermission, audioBoostEnable is disabled
03-09 01:58:53.065  4355  4390 V ListServiceUtils: getListValueByName module:control package:audioBoostEnable cost 1us return 0
03-09 01:58:53.065  4355  4390 D AudioRecordExtImpl: checkBoostPermission, audioBoostEnable is disabled
03-09 01:58:53.070  1047  1047 I BufferQueueProducer: [StatusBar#80](this:0xb400007ad1b5b8f8,id:-1,api:0,p:-1,c:1047) queueBuffer: fps=0.72 dur=2767.84 max=2213.93 min=553.91
03-09 01:58:53.085  4355  4390 V ListServiceUtils: getListValueByName module:control package:audioBoostEnable cost 0us return 0
03-09 01:58:53.085  4355  4390 D AudioRecordExtImpl: checkBoostPermission, audioBoostEnable is disabled
03-09 01:58:53.105  4355  4390 V ListServiceUtils: getListValueByName module:control package:audioBoostEnable cost 0us return 0
03-09 01:58:53.105  4355  4390 D AudioRecordExtImpl: checkBoostPermission, audioBoostEnable is disabled
03-09 01:58:53.125  4355  4390 V ListServiceUtils: getListValueByName module:control package:audioBoostEnable cost 0us return 0
03-09 01:58:53.125  4355  4390 D AudioRecordExtImpl: checkBoostPermission, audioBoostEnable is disabled
03-09 01:58:53.139  2568  2860 D CommonScenarios-113-10251: transportLayerQosChange TransportLayerData{link_index=34, uid=10251, uplink_srtt=0, uplink_packets=0, uplink_retrans_packets=0, uplink_retrans_rate=0, downlink_srtt=52, downlink_packets=0, downlink_retrans_packets=0, downlink_retrans_rate=0, downlink_rate=0, uplink_udp_packets=0, downlink_udp_packets=0, uplink_tcp_rate=0, uplink_udp_rate=0, downlink_tcp_rate=0, downlink_udp_rate=0}
03-09 01:58:53.139  2568  2860 D CommonScenarios-113-10251: ActiveState process message 2
03-09 01:58:53.139  2568  2860 D CommonScenarios-113-10251: ActiveState EVENT_NETWORK_KPI_CHANGE
03-09 01:58:53.139  2568  2860 D CommonScenarios-113-10251: transport layer data is invalid
03-09 01:58:53.139  2568  2860 D CommonScenarios-113-10251: ActiveState EVENT_NETWORK_KPI_CHANGE score is invalid
03-09 01:58:53.145  4355  4390 V ListServiceUtils: getListValueByName module:control package:audioBoostEnable cost 0us return 0
03-09 01:58:53.145  4355  4390 D AudioRecordExtImpl: checkBoostPermission, audioBoostEnable is disabled
03-09 01:58:53.164  4355  4390 V ListServiceUtils: getListValueByName module:control package:audioBoostEnable cost 0us return 0
03-09 01:58:53.165  4355  4390 D AudioRecordExtImpl: checkBoostPermission, audioBoostEnable is disabled
03-09 01:58:53.186  4355  4390 V ListServiceUtils: getListValueByName module:control package:audioBoostEnable cost 0us return 0
03-09 01:58:53.186  4355  4390 D AudioRecordExtImpl: checkBoostPermission, audioBoostEnable is disabled
03-09 01:58:53.205  4355  4390 V ListServiceUtils: getListValueByName module:control package:audioBoostEnable cost 1us return 0
03-09 01:58:53.205  4355  4390 D AudioRecordExtImpl: checkBoostPermission, audioBoostEnable is disabled
03-09 01:58:53.224  4355  4390 V ListServiceUtils: getListValueByName module:control package:audioBoostEnable cost 0us return 0
03-09 01:58:53.225  4355  4390 D AudioRecordExtImpl: checkBoostPermission, audioBoostEnable is disabled
03-09 01:58:53.246  4355  4390 V ListServiceUtils: getListValueByName module:control package:audioBoostEnable cost 1us return 0
03-09 01:58:53.246  4355  4390 D AudioRecordExtImpl: checkBoostPermission, audioBoostEnable is disabled
03-09 01:58:53.264  4355  4390 V ListServiceUtils: getListValueByName module:control package:audioBoostEnable cost 0us return 0
03-09 01:58:53.265  4355  4390 D AudioRecordExtImpl: checkBoostPermission, audioBoostEnable is disabled
03-09 01:58:53.285  4355  4390 V ListServiceUtils: getListValueByName module:control package:audioBoostEnable cost 0us return 0
03-09 01:58:53.285  4355  4390 D AudioRecordExtImpl: checkBoostPermission, audioBoostEnable is disabled
03-09 01:58:53.305  4355  4390 V ListServiceUtils: getListValueByName module:control package:audioBoostEnable cost 0us return 0
03-09 01:58:53.305  4355  4390 D AudioRecordExtImpl: checkBoostPermission, audioBoostEnable is disabled
03-09 01:58:53.325  4355  4390 V ListServiceUtils: getListValueByName module:control package:audioBoostEnable cost 0us return 0
03-09 01:58:53.325  4355  4390 D AudioRecordExtImpl: checkBoostPermission, audioBoostEnable is disabled
03-09 01:58:53.346  4355  4390 V ListServiceUtils: getListValueByName module:control package:audioBoostEnable cost 1us return 0
03-09 01:58:53.346  4355  4390 D AudioRecordExtImpl: checkBoostPermission, audioBoostEnable is disabled
03-09 01:58:53.358  3620  3774 I bt_shim_scanner: handle_remote_properties: handle_remote_properties Update device_type=0x3 addr_type=0x1
03-09 01:58:53.365  4355  4390 V ListServiceUtils: getListValueByName module:control package:audioBoostEnable cost 0us return 0
03-09 01:58:53.365  4355  4390 D AudioRecordExtImpl: checkBoostPermission, audioBoostEnable is disabled
03-09 01:58:53.380  3620  3774 I bt_shim_scanner: handle_remote_properties: handle_remote_properties Update device_type=0x3 addr_type=0x1
03-09 01:58:53.382  4355  4390 V ListServiceUtils: getListValueByName module:control package:audioBoostEnable cost 0us return 0
03-09 01:58:53.382  4355  4390 D AudioRecordExtImpl: checkBoostPermission, audioBoostEnable is disabled
03-09 01:58:53.395  1716  1716 D EnvelopeDetectorController: isEnvelopeAssistantEnabled isCancelNotification: true currentUserId: 0 userId: 0
03-09 01:58:53.405  4355  4390 V ListServiceUtils: getListValueByName module:control package:audioBoostEnable cost 1us return 0
03-09 01:58:53.405  4355  4390 D AudioRecordExtImpl: checkBoostPermission, audioBoostEnable is disabled
03-09 01:58:53.425  4355  4390 V ListServiceUtils: getListValueByName module:control package:audioBoostEnable cost 1us return 0
03-09 01:58:53.425  4355  4390 D AudioRecordExtImpl: checkBoostPermission, audioBoostEnable is disabled
03-09 01:58:53.444  4355  4390 V ListServiceUtils: getListValueByName module:control package:audioBoostEnable cost 1us return 0
03-09 01:58:53.445  4355  4390 D AudioRecordExtImpl: checkBoostPermission, audioBoostEnable is disabled
03-09 01:58:53.465  4355  4390 V ListServiceUtils: getListValueByName module:control package:audioBoostEnable cost 0us return 0
03-09 01:58:53.465  4355  4390 D AudioRecordExtImpl: checkBoostPermission, audioBoostEnable is disabled
03-09 01:58:53.484  4355  4390 V ListServiceUtils: getListValueByName module:control package:audioBoostEnable cost 0us return 0
03-09 01:58:53.485  4355  4390 D AudioRecordExtImpl: checkBoostPermission, audioBoostEnable is disabled
03-09 01:58:53.505  4355  4390 V ListServiceUtils: getListValueByName module:control package:audioBoostEnable cost 1us return 0
03-09 01:58:53.505  4355  4390 D AudioRecordExtImpl: checkBoostPermission, audioBoostEnable is disabled
03-09 01:58:53.526  4355  4390 V ListServiceUtils: getListValueByName module:control package:audioBoostEnable cost 0us return 0
03-09 01:58:53.526  4355  4390 D AudioRecordExtImpl: checkBoostPermission, audioBoostEnable is disabled
03-09 01:58:53.546  4355  4390 V ListServiceUtils: getListValueByName module:control package:audioBoostEnable cost 1us return 0
03-09 01:58:53.546  4355  4390 D AudioRecordExtImpl: checkBoostPermission, audioBoostEnable is disabled
03-09 01:58:53.565  4355  4390 V ListServiceUtils: getListValueByName module:control package:audioBoostEnable cost 0us return 0
03-09 01:58:53.565  4355  4390 D AudioRecordExtImpl: checkBoostPermission, audioBoostEnable is disabled
03-09 01:58:53.584  4355  4390 V ListServiceUtils: getListValueByName module:control package:audioBoostEnable cost 1us return 0
03-09 01:58:53.585  4355  4390 D AudioRecordExtImpl: checkBoostPermission, audioBoostEnable is disabled
03-09 01:58:53.605  4355  4390 V ListServiceUtils: getListValueByName module:control package:audioBoostEnable cost 0us return 0
03-09 01:58:53.605  4355  4390 D AudioRecordExtImpl: checkBoostPermission, audioBoostEnable is disabled
03-09 01:58:53.625  4355  4390 V ListServiceUtils: getListValueByName module:control package:audioBoostEnable cost 0us return 0
03-09 01:58:53.625  4355  4390 D AudioRecordExtImpl: checkBoostPermission, audioBoostEnable is disabled
03-09 01:58:53.645  4355  4390 V ListServiceUtils: getListValueByName module:control package:audioBoostEnable cost 1us return 0
03-09 01:58:53.645  4355  4390 D AudioRecordExtImpl: checkBoostPermission, audioBoostEnable is disabled
03-09 01:58:53.665  4355  4390 V ListServiceUtils: getListValueByName module:control package:audioBoostEnable cost 0us return 0
03-09 01:58:53.665  4355  4390 D AudioRecordExtImpl: checkBoostPermission, audioBoostEnable is disabled
03-09 01:58:53.684  4355  4390 V ListServiceUtils: getListValueByName module:control package:audioBoostEnable cost 0us return 0
03-09 01:58:53.685  4355  4390 D AudioRecordExtImpl: checkBoostPermission, audioBoostEnable is disabled
03-09 01:58:53.704  4355  4390 V ListServiceUtils: getListValueByName module:control package:audioBoostEnable cost 1us return 0
03-09 01:58:53.705  4355  4390 D AudioRecordExtImpl: checkBoostPermission, audioBoostEnable is disabled
03-09 01:58:53.724  4355  4390 V ListServiceUtils: getListValueByName module:control package:audioBoostEnable cost 1us return 0
03-09 01:58:53.724  4355  4390 D AudioRecordExtImpl: checkBoostPermission, audioBoostEnable is disabled
03-09 01:58:53.743  4355  4390 V ListServiceUtils: getListValueByName module:control package:audioBoostEnable cost 1us return 0
03-09 01:58:53.743  4355  4390 D AudioRecordExtImpl: checkBoostPermission, audioBoostEnable is disabled
03-09 01:58:53.765  4355  4390 V ListServiceUtils: getListValueByName module:control package:audioBoostEnable cost 1us return 0
03-09 01:58:53.765  4355  4390 D AudioRecordExtImpl: checkBoostPermission, audioBoostEnable is disabled
03-09 01:58:53.784  4355  4390 V ListServiceUtils: getListValueByName module:control package:audioBoostEnable cost 0us return 0
03-09 01:58:53.785  4355  4390 D AudioRecordExtImpl: checkBoostPermission, audioBoostEnable is disabled
03-09 01:58:53.804  4355  4390 V ListServiceUtils: getListValueByName module:control package:audioBoostEnable cost 1us return 0
03-09 01:58:53.805  4355  4390 D AudioRecordExtImpl: checkBoostPermission, audioBoostEnable is disabled
03-09 01:58:53.825  4355  4390 V ListServiceUtils: getListValueByName module:control package:audioBoostEnable cost 0us return 0
03-09 01:58:53.825  4355  4390 D AudioRecordExtImpl: checkBoostPermission, audioBoostEnable is disabled
03-09 01:58:53.858   917  4395 W AudioALSACaptureDataProviderNormal: readThread, latency_in_s,0.000004,0.039663,0.000210, totalTime 0.039877 > logTimeout 0.022000 TIMEOUT!!
03-09 01:58:53.864  4355  4390 V ListServiceUtils: getListValueByName module:control package:audioBoostEnable cost 0us return 0
03-09 01:58:53.865  4355  4390 D AudioRecordExtImpl: checkBoostPermission, audioBoostEnable is disabled
03-09 01:58:53.868  4355  4390 V ListServiceUtils: getListValueByName module:control package:audioBoostEnable cost 1us return 0
03-09 01:58:53.868  4355  4390 D AudioRecordExtImpl: checkBoostPermission, audioBoostEnable is disabled
03-09 01:58:53.884  4355  4390 V ListServiceUtils: getListValueByName module:control package:audioBoostEnable cost 0us return 0
03-09 01:58:53.885  4355  4390 D AudioRecordExtImpl: checkBoostPermission, audioBoostEnable is disabled
03-09 01:58:53.918   917  4395 W AudioALSACaptureDataProviderNormal: readThread, latency_in_s,0.000004,0.039734,0.000205, totalTime 0.039943 > logTimeout 0.022000 TIMEOUT!!
03-09 01:58:53.925  4355  4390 V ListServiceUtils: getListValueByName module:control package:audioBoostEnable cost 0us return 0
03-09 01:58:53.926  4355  4390 D AudioRecordExtImpl: checkBoostPermission, audioBoostEnable is disabled
03-09 01:58:53.929  4355  4390 V ListServiceUtils: getListValueByName module:control package:audioBoostEnable cost 0us return 0
03-09 01:58:53.929  4355  4390 D AudioRecordExtImpl: checkBoostPermission, audioBoostEnable is disabled
03-09 01:58:53.944  4355  4390 V ListServiceUtils: getListValueByName module:control package:audioBoostEnable cost 0us return 0
03-09 01:58:53.944  4355  4390 D AudioRecordExtImpl: checkBoostPermission, audioBoostEnable is disabled
03-09 01:58:53.965  4355  4390 V ListServiceUtils: getListValueByName module:control package:audioBoostEnable cost 0us return 0
03-09 01:58:53.965  4355  4390 D AudioRecordExtImpl: checkBoostPermission, audioBoostEnable is disabled
03-09 01:58:53.986  4355  4390 V ListServiceUtils: getListValueByName module:control package:audioBoostEnable cost 0us return 0
03-09 01:58:53.986  4355  4390 D AudioRecordExtImpl: checkBoostPermission, audioBoostEnable is disabled
03-09 01:58:54.005  4355  4390 V ListServiceUtils: getListValueByName module:control package:audioBoostEnable cost 0us return 0
03-09 01:58:54.005  4355  4390 D AudioRecordExtImpl: checkBoostPermission, audioBoostEnable is disabled
03-09 01:58:54.026  4355  4390 V ListServiceUtils: getListValueByName module:control package:audioBoostEnable cost 1us return 0
03-09 01:58:54.026  4355  4390 D AudioRecordExtImpl: checkBoostPermission, audioBoostEnable is disabled
03-09 01:58:54.027  1047  1047 I BufferQueueProducer: [com.whatsapp/com.whatsapp.Conversation#2302](this:0xb400007abfb838f8,id:-1,api:0,p:-1,c:1047) queueBuffer: fps=2.00 dur=1499.45 max=502.91 min=497.72
03-09 01:58:54.046  4355  4390 V ListServiceUtils: getListValueByName module:control package:audioBoostEnable cost 1us return 0
03-09 01:58:54.046  4355  4390 D AudioRecordExtImpl: checkBoostPermission, audioBoostEnable is disabled
03-09 01:58:54.065  4355  4390 V ListServiceUtils: getListValueByName module:control package:audioBoostEnable cost 0us return 0
03-09 01:58:54.065  4355  4390 D AudioRecordExtImpl: checkBoostPermission, audioBoostEnable is disabled
03-09 01:58:54.085  4355  4390 V ListServiceUtils: getListValueByName module:control package:audioBoostEnable cost 0us return 0
03-09 01:58:54.085  4355  4390 D AudioRecordExtImpl: checkBoostPermission, audioBoostEnable is disabled
03-09 01:58:54.104  4355  4390 V ListServiceUtils: getListValueByName module:control package:audioBoostEnable cost 0us return 0
03-09 01:58:54.104  4355  4390 D AudioRecordExtImpl: checkBoostPermission, audioBoostEnable is disabled
03-09 01:58:54.125  4355  4390 V ListServiceUtils: getListValueByName module:control package:audioBoostEnable cost 1us return 0
03-09 01:58:54.125  4355  4390 D AudioRecordExtImpl: checkBoostPermission, audioBoostEnable is disabled
03-09 01:58:54.146  4355  4390 V ListServiceUtils: getListValueByName module:control package:audioBoostEnable cost 0us return 0
03-09 01:58:54.146  4355  4390 D AudioRecordExtImpl: checkBoostPermission, audioBoostEnable is disabled
03-09 01:58:54.163  2568  2860 D CommonScenarios-113-10251: transportLayerQosChange TransportLayerData{link_index=34, uid=10251, uplink_srtt=0, uplink_packets=0, uplink_retrans_packets=0, uplink_retrans_rate=0, downlink_srtt=52, downlink_packets=0, downlink_retrans_packets=0, downlink_retrans_rate=0, downlink_rate=0, uplink_udp_packets=0, downlink_udp_packets=0, uplink_tcp_rate=0, uplink_udp_rate=0, downlink_tcp_rate=0, downlink_udp_rate=0}
03-09 01:58:54.163  2568  2860 D CommonScenarios-113-10251: ActiveState process message 2
03-09 01:58:54.163  2568  2860 D CommonScenarios-113-10251: ActiveState EVENT_NETWORK_KPI_CHANGE
03-09 01:58:54.163  2568  2860 D CommonScenarios-113-10251: transport layer data is invalid
03-09 01:58:54.164  2568  2860 D CommonScenarios-113-10251: ActiveState EVENT_NETWORK_KPI_CHANGE score is invalid
03-09 01:58:54.167  4355  4390 V ListServiceUtils: getListValueByName module:control package:audioBoostEnable cost 1us return 0
03-09 01:58:54.167  4355  4390 D AudioRecordExtImpl: checkBoostPermission, audioBoostEnable is disabled
03-09 01:58:54.184  4355  4390 V ListServiceUtils: getListValueByName module:control package:audioBoostEnable cost 0us return 0
03-09 01:58:54.185  4355  4390 D AudioRecordExtImpl: checkBoostPermission, audioBoostEnable is disabled
03-09 01:58:54.204  4355  4390 V ListServiceUtils: getListValueByName module:control package:audioBoostEnable cost 0us return 0
03-09 01:58:54.204  4355  4390 D AudioRecordExtImpl: checkBoostPermission, audioBoostEnable is disabled
03-09 01:58:54.226  4355  4390 V ListServiceUtils: getListValueByName module:control package:audioBoostEnable cost 1us return 0
03-09 01:58:54.226  4355  4390 D AudioRecordExtImpl: checkBoostPermission, audioBoostEnable is disabled
03-09 01:58:54.245  4355  4390 V ListServiceUtils: getListValueByName module:control package:audioBoostEnable cost 0us return 0
03-09 01:58:54.245  4355  4390 D AudioRecordExtImpl: checkBoostPermission, audioBoostEnable is disabled
03-09 01:58:54.263  4355  4390 V ListServiceUtils: getListValueByName module:control package:audioBoostEnable cost 1us return 0
03-09 01:58:54.263  4355  4390 D AudioRecordExtImpl: checkBoostPermission, audioBoostEnable is disabled
03-09 01:58:54.285  4355  4390 V ListServiceUtils: getListValueByName module:control package:audioBoostEnable cost 0us return 0
03-09 01:58:54.285  4355  4390 D AudioRecordExtImpl: checkBoostPermission, audioBoostEnable is disabled
03-09 01:58:54.305  4355  4390 V ListServiceUtils: getListValueByName module:control package:audioBoostEnable cost 0us return 0
03-09 01:58:54.305  4355  4390 D AudioRecordExtImpl: checkBoostPermission, audioBoostEnable is disabled
03-09 01:58:54.312  1047  1047 I BufferQueueProducer: [StatusBar#80](this:0xb400007ad1b5b8f8,id:-1,api:0,p:-1,c:1047) queueBuffer: fps=0.81 dur=1242.09 max=1242.09 min=1242.09
03-09 01:58:54.326  4355  4390 V ListServiceUtils: getListValueByName module:control package:audioBoostEnable cost 0us return 0
03-09 01:58:54.326  4355  4390 D AudioRecordExtImpl: checkBoostPermission, audioBoostEnable is disabled
03-09 01:58:54.344  4355  4390 V ListServiceUtils: getListValueByName module:control package:audioBoostEnable cost 0us return 0
03-09 01:58:54.345  4355  4390 D AudioRecordExtImpl: checkBoostPermission, audioBoostEnable is disabled
03-09 01:58:54.364  4355  4390 V ListServiceUtils: getListValueByName module:control package:audioBoostEnable cost 0us return 0
03-09 01:58:54.364  4355  4390 D AudioRecordExtImpl: checkBoostPermission, audioBoostEnable is disabled
03-09 01:58:54.384  4355  4390 V ListServiceUtils: getListValueByName module:control package:audioBoostEnable cost 0us return 0
03-09 01:58:54.385  4355  4390 D AudioRecordExtImpl: checkBoostPermission, audioBoostEnable is disabled
03-09 01:58:54.405  4355  4390 V ListServiceUtils: getListValueByName module:control package:audioBoostEnable cost 0us return 0
03-09 01:58:54.405  4355  4390 D AudioRecordExtImpl: checkBoostPermission, audioBoostEnable is disabled
03-09 01:58:54.425  4355  4390 V ListServiceUtils: getListValueByName module:control package:audioBoostEnable cost 1us return 0
03-09 01:58:54.425  4355  4390 D AudioRecordExtImpl: checkBoostPermission, audioBoostEnable is disabled
03-09 01:58:54.445  4355  4390 V ListServiceUtils: getListValueByName module:control package:audioBoostEnable cost 0us return 0
03-09 01:58:54.445  4355  4390 D AudioRecordExtImpl: checkBoostPermission, audioBoostEnable is disabled
03-09 01:58:54.466  4355  4390 V ListServiceUtils: getListValueByName module:control package:audioBoostEnable cost 1us return 0
03-09 01:58:54.466  4355  4390 D AudioRecordExtImpl: checkBoostPermission, audioBoostEnable is disabled
03-09 01:58:54.485  4355  4390 V ListServiceUtils: getListValueByName module:control package:audioBoostEnable cost 0us return 0
03-09 01:58:54.485  4355  4390 D AudioRecordExtImpl: checkBoostPermission, audioBoostEnable is disabled
03-09 01:58:54.504  4355  4390 V ListServiceUtils: getListValueByName module:control package:audioBoostEnable cost 0us return 0
03-09 01:58:54.504  4355  4390 D AudioRecordExtImpl: checkBoostPermission, audioBoostEnable is disabled
03-09 01:58:54.525  4355  4390 V ListServiceUtils: getListValueByName module:control package:audioBoostEnable cost 1us return 0
03-09 01:58:54.525  4355  4390 D AudioRecordExtImpl: checkBoostPermission, audioBoostEnable is disabled
03-09 01:58:54.545  4355  4390 V ListServiceUtils: getListValueByName module:control package:audioBoostEnable cost 0us return 0
03-09 01:58:54.545  4355  4390 D AudioRecordExtImpl: checkBoostPermission, audioBoostEnable is disabled
03-09 01:58:54.564  4355  4390 V ListServiceUtils: getListValueByName module:control package:audioBoostEnable cost 1us return 0
03-09 01:58:54.565  4355  4390 D AudioRecordExtImpl: checkBoostPermission, audioBoostEnable is disabled
03-09 01:58:54.585  4355  4390 V ListServiceUtils: getListValueByName module:control package:audioBoostEnable cost 0us return 0
03-09 01:58:54.585  4355  4390 D AudioRecordExtImpl: checkBoostPermission, audioBoostEnable is disabled
03-09 01:58:54.604  4355  4390 V ListServiceUtils: getListValueByName module:control package:audioBoostEnable cost 0us return 0
03-09 01:58:54.604  4355  4390 D AudioRecordExtImpl: checkBoostPermission, audioBoostEnable is disabled
03-09 01:58:54.624  4355  4390 V ListServiceUtils: getListValueByName module:control package:audioBoostEnable cost 0us return 0
03-09 01:58:54.624  4355  4390 D AudioRecordExtImpl: checkBoostPermission, audioBoostEnable is disabled
03-09 01:58:54.645  4355  4390 V ListServiceUtils: getListValueByName module:control package:audioBoostEnable cost 0us return 0
03-09 01:58:54.646  4355  4390 D AudioRecordExtImpl: checkBoostPermission, audioBoostEnable is disabled
03-09 01:58:54.664  4355  4390 V ListServiceUtils: getListValueByName module:control package:audioBoostEnable cost 0us return 0
03-09 01:58:54.665  4355  4390 D AudioRecordExtImpl: checkBoostPermission, audioBoostEnable is disabled
03-09 01:58:54.685  4355  4390 V ListServiceUtils: getListValueByName module:control package:audioBoostEnable cost 1us return 0
03-09 01:58:54.685  4355  4390 D AudioRecordExtImpl: checkBoostPermission, audioBoostEnable is disabled
03-09 01:58:54.705  4355  4390 V ListServiceUtils: getListValueByName module:control package:audioBoostEnable cost 0us return 0
03-09 01:58:54.705  4355  4390 D AudioRecordExtImpl: checkBoostPermission, audioBoostEnable is disabled
03-09 01:58:54.726  4355  4390 V ListServiceUtils: getListValueByName module:control package:audioBoostEnable cost 1us return 0
03-09 01:58:54.726  4355  4390 D AudioRecordExtImpl: checkBoostPermission, audioBoostEnable is disabled
03-09 01:58:54.745  4355  4390 V ListServiceUtils: getListValueByName module:control package:audioBoostEnable cost 0us return 0
03-09 01:58:54.745  4355  4390 D AudioRecordExtImpl: checkBoostPermission, audioBoostEnable is disabled
03-09 01:58:54.766  4355  4390 V ListServiceUtils: getListValueByName module:control package:audioBoostEnable cost 0us return 0
03-09 01:58:54.766  4355  4390 D AudioRecordExtImpl: checkBoostPermission, audioBoostEnable is disabled
03-09 01:58:54.785  4355  4390 V ListServiceUtils: getListValueByName module:control package:audioBoostEnable cost 0us return 0
03-09 01:58:54.785  4355  4390 D AudioRecordExtImpl: checkBoostPermission, audioBoostEnable is disabled
