--------- beginning of main
03-09 01:54:24.003   919  1177 W artd    : Could not get dex checksums for location /data/app/~~6kpW9_tVLFGX9XOf0H-Vgw==/com.android.vending-SvkSTJdxogsE4a8ru2WUhw==/base.apk, fd=-1
03-09 01:54:24.324  1508  1818 D SatelliteController: iisInCarrierRoamingNbIotNtn: satellite is disabled
03-09 01:54:24.326   716  2568 W IPCThreadState: Sending oneway calls to frozen process.
03-09 01:54:33.870 10684 10684 W dumpsys : Thread Pool max thread count is 0. Cannot cache binder as linkToDeath cannot be implemented. serviceName: package
03-09 01:54:33.941   919  1177 I artd    : GetBestInfo: odex next to the dex file (/data/app/~~yEW5pWbYu2w5n5JzdwoGcg==/com.google.android.gms-gFlHq_U2kQ3iP-7gMcMp7w==/oat/x86_64/base.odex) is kOatUpToDate with filter 'speed-profile' executable 'false'
03-09 01:54:33.942   919  1177 I artd    : GetBestInfo: odex next to the dex file (/data/app/~~yEW5pWbYu2w5n5JzdwoGcg==/com.google.android.gms-gFlHq_U2kQ3iP-7gMcMp7w==/oat/x86_64/split_AdsDynamite_installtime.odex) is kOatUpToDate with filter 'speed' executable 'false'
03-09 01:54:33.943   919  1177 I artd    : GetBestInfo: odex next to the dex file (/data/app/~~yEW5pWbYu2w5n5JzdwoGcg==/com.google.android.gms-gFlHq_U2kQ3iP-7gMcMp7w==/oat/x86_64/split_CronetDynamite_installtime.odex) is kOatUpToDate with filter 'speed-profile' executable 'false'
03-09 01:54:33.945   919  1177 I artd    : GetBestInfo: odex next to the dex file (/data/app/~~yEW5pWbYu2w5n5JzdwoGcg==/com.google.android.gms-gFlHq_U2kQ3iP-7gMcMp7w==/oat/x86_64/split_DynamiteLoader_installtime.odex) is kOatUpToDate with filter 'speed' executable 'false'
03-09 01:54:33.946   919  1177 I artd    : GetBestInfo: odex next to the dex file (/data/app/~~yEW5pWbYu2w5n5JzdwoGcg==/com.google.android.gms-gFlHq_U2kQ3iP-7gMcMp7w==/oat/x86_64/split_DynamiteModulesA_installtime.odex) is kOatUpToDate with filter 'speed' executable 'false'
03-09 01:54:33.947   919  1177 I artd    : GetBestInfo: odex next to the dex file (/data/app/~~yEW5pWbYu2w5n5JzdwoGcg==/com.google.android.gms-gFlHq_U2kQ3iP-7gMcMp7w==/oat/x86_64/split_DynamiteModulesC_installtime.odex) is kOatUpToDate with filter 'speed' executable 'false'
03-09 01:54:33.948   919  1177 I artd    : GetBestInfo: odex next to the dex file (/data/app/~~yEW5pWbYu2w5n5JzdwoGcg==/com.google.android.gms-gFlHq_U2kQ3iP-7gMcMp7w==/oat/x86_64/split_GoogleCertificates_installtime.odex) is kOatUpToDate with filter 'speed' executable 'false'
03-09 01:54:33.949   919  1177 I artd    : GetBestInfo: odex next to the dex file (/data/app/~~yEW5pWbYu2w5n5JzdwoGcg==/com.google.android.gms-gFlHq_U2kQ3iP-7gMcMp7w==/oat/x86_64/split_MapsDynamite_installtime.odex) is kOatUpToDate with filter 'speed' executable 'false'
03-09 01:54:33.951   919  1177 I artd    : GetBestInfo: odex next to the dex file (/data/app/~~yEW5pWbYu2w5n5JzdwoGcg==/com.google.android.gms-gFlHq_U2kQ3iP-7gMcMp7w==/oat/x86_64/split_MeasurementDynamite_installtime.odex) is kOatUpToDate with filter 'speed' executable 'false'
03-09 01:54:33.952   919  1177 I artd    : GetBestInfo: odex next to the dex file (/data/app/~~yEW5pWbYu2w5n5JzdwoGcg==/com.google.android.gms-gFlHq_U2kQ3iP-7gMcMp7w==/oat/x86_64/split_all_locale_splits.odex) is kOatUpToDate with filter 'speed' executable 'false'
03-09 01:54:33.953   919  1177 I artd    : GetBestInfo: /data/app/~~yEW5pWbYu2w5n5JzdwoGcg==/com.google.android.gms-gFlHq_U2kQ3iP-7gMcMp7w==/split_maps_core_dynamite_ondemand.apk has no usable artifacts
03-09 01:54:33.953   919  1177 W artd    : Could not get dex checksums for location /data/app/~~Da373jqV-LH-m_TB9UU-LQ==/com.google.android.gms-vL_Ca1iNV8hMiPmeZ_b9Xg==/base.apk, fd=-1
03-09 01:54:33.954   919  1177 I artd    : GetBestInfo: /data/user_de/0/com.google.android.gms/app_chimera/m/00000009/dl-VisionOcr.optional_250834100000.apk has no usable artifacts
03-09 01:54:33.955   919  1177 I artd    : GetBestInfo: /data/user_de/0/com.google.android.gms/app_chimera/m/00000001/CronetDynamite.apk has no usable artifacts
03-09 01:54:33.955   919  1177 W artd    : Could not get dex checksums for location /data/app/~~Da373jqV-LH-m_TB9UU-LQ==/com.google.android.gms-vL_Ca1iNV8hMiPmeZ_b9Xg==/base.apk, fd=-1
03-09 01:54:33.956   919  1177 W artd    : Could not get dex checksums for location /data/app/~~Da373jqV-LH-m_TB9UU-LQ==/com.google.android.gms-vL_Ca1iNV8hMiPmeZ_b9Xg==/base.apk, fd=-1
03-09 01:54:33.956   919  1177 I artd    : GetBestInfo: /data/user_de/0/com.google.android.gms/app_chimera/m/00000002/DynamiteLoader.apk has no usable artifacts
03-09 01:54:33.956   919  1177 W artd    : Could not get dex checksums for location /data/app/~~Da373jqV-LH-m_TB9UU-LQ==/com.google.android.gms-vL_Ca1iNV8hMiPmeZ_b9Xg==/base.apk, fd=-1
03-09 01:54:33.957   919  1177 W artd    : Could not get dex checksums for location /data/app/~~Da373jqV-LH-m_TB9UU-LQ==/com.google.android.gms-vL_Ca1iNV8hMiPmeZ_b9Xg==/base.apk, fd=-1
03-09 01:54:33.957   919  1177 I artd    : GetBestInfo: /data/user_de/0/com.google.android.gms/app_chimera/m/00000005/GoogleCertificates.apk has no usable artifacts
03-09 01:54:33.958   919  1177 W artd    : Could not get dex checksums for location /data/app/~~Da373jqV-LH-m_TB9UU-LQ==/com.google.android.gms-vL_Ca1iNV8hMiPmeZ_b9Xg==/base.apk, fd=-1
03-09 01:54:33.958   919  1177 W artd    : Could not get dex checksums for location /data/app/~~Da373jqV-LH-m_TB9UU-LQ==/com.google.android.gms-vL_Ca1iNV8hMiPmeZ_b9Xg==/base.apk, fd=-1
03-09 01:54:33.959   919  1177 W artd    : Could not get dex checksums for location /data/app/~~Da373jqV-LH-m_TB9UU-LQ==/com.google.android.gms-vL_Ca1iNV8hMiPmeZ_b9Xg==/base.apk, fd=-1
03-09 01:54:33.959   919  1177 W artd    : Could not get dex checksums for location /data/app/~~Da373jqV-LH-m_TB9UU-LQ==/com.google.android.gms-vL_Ca1iNV8hMiPmeZ_b9Xg==/base.apk, fd=-1
03-09 01:54:33.960   919  1177 W artd    : Could not get dex checksums for location /data/app/~~Da373jqV-LH-m_TB9UU-LQ==/com.google.android.gms-vL_Ca1iNV8hMiPmeZ_b9Xg==/base.apk, fd=-1
03-09 01:54:33.960   919  1177 W artd    : Could not get dex checksums for location /data/app/~~Da373jqV-LH-m_TB9UU-LQ==/com.google.android.gms-vL_Ca1iNV8hMiPmeZ_b9Xg==/base.apk, fd=-1
03-09 01:54:33.961   919  1177 I artd    : GetBestInfo: /data/user_de/0/com.google.android.gms/app_chimera/m/00000008/dl-MlkitOcrCommon.optional_250834100800.apk has no usable artifacts
03-09 01:54:33.962   919  1177 W artd    : Could not get dex checksums for location /data/app/~~6kpW9_tVLFGX9XOf0H-Vgw==/com.android.vending-SvkSTJdxogsE4a8ru2WUhw==/base.apk, fd=-1
03-09 01:54:34.323  1508  1818 D SatelliteController: iisInCarrierRoamingNbIotNtn: satellite is disabled
03-09 01:54:34.324   716  1292 W IPCThreadState: Sending oneway calls to frozen process.
03-09 01:54:43.843 10687 10687 W dumpsys : Thread Pool max thread count is 0. Cannot cache binder as linkToDeath cannot be implemented. serviceName: package
03-09 01:54:43.954   919  1177 I artd    : GetBestInfo: odex next to the dex file (/data/app/~~yEW5pWbYu2w5n5JzdwoGcg==/com.google.android.gms-gFlHq_U2kQ3iP-7gMcMp7w==/oat/x86_64/base.odex) is kOatUpToDate with filter 'speed-profile' executable 'false'
03-09 01:54:43.957   919  1177 I artd    : GetBestInfo: odex next to the dex file (/data/app/~~yEW5pWbYu2w5n5JzdwoGcg==/com.google.android.gms-gFlHq_U2kQ3iP-7gMcMp7w==/oat/x86_64/split_AdsDynamite_installtime.odex) is kOatUpToDate with filter 'speed' executable 'false'
03-09 01:54:43.958   919  1177 I artd    : GetBestInfo: odex next to the dex file (/data/app/~~yEW5pWbYu2w5n5JzdwoGcg==/com.google.android.gms-gFlHq_U2kQ3iP-7gMcMp7w==/oat/x86_64/split_CronetDynamite_installtime.odex) is kOatUpToDate with filter 'speed-profile' executable 'false'
03-09 01:54:43.960   919  1177 I artd    : GetBestInfo: odex next to the dex file (/data/app/~~yEW5pWbYu2w5n5JzdwoGcg==/com.google.android.gms-gFlHq_U2kQ3iP-7gMcMp7w==/oat/x86_64/split_DynamiteLoader_installtime.odex) is kOatUpToDate with filter 'speed' executable 'false'
03-09 01:54:43.961   919  1177 I artd    : GetBestInfo: odex next to the dex file (/data/app/~~yEW5pWbYu2w5n5JzdwoGcg==/com.google.android.gms-gFlHq_U2kQ3iP-7gMcMp7w==/oat/x86_64/split_DynamiteModulesA_installtime.odex) is kOatUpToDate with filter 'speed' executable 'false'
03-09 01:54:43.963   919  1177 I artd    : GetBestInfo: odex next to the dex file (/data/app/~~yEW5pWbYu2w5n5JzdwoGcg==/com.google.android.gms-gFlHq_U2kQ3iP-7gMcMp7w==/oat/x86_64/split_DynamiteModulesC_installtime.odex) is kOatUpToDate with filter 'speed' executable 'false'
03-09 01:54:43.965   919  1177 I artd    : GetBestInfo: odex next to the dex file (/data/app/~~yEW5pWbYu2w5n5JzdwoGcg==/com.google.android.gms-gFlHq_U2kQ3iP-7gMcMp7w==/oat/x86_64/split_GoogleCertificates_installtime.odex) is kOatUpToDate with filter 'speed' executable 'false'
03-09 01:54:43.966   919  1177 I artd    : GetBestInfo: odex next to the dex file (/data/app/~~yEW5pWbYu2w5n5JzdwoGcg==/com.google.android.gms-gFlHq_U2kQ3iP-7gMcMp7w==/oat/x86_64/split_MapsDynamite_installtime.odex) is kOatUpToDate with filter 'speed' executable 'false'
03-09 01:54:43.968   919  1177 I artd    : GetBestInfo: odex next to the dex file (/data/app/~~yEW5pWbYu2w5n5JzdwoGcg==/com.google.android.gms-gFlHq_U2kQ3iP-7gMcMp7w==/oat/x86_64/split_MeasurementDynamite_installtime.odex) is kOatUpToDate with filter 'speed' executable 'false'
03-09 01:54:43.969   919  1177 I artd    : GetBestInfo: odex next to the dex file (/data/app/~~yEW5pWbYu2w5n5JzdwoGcg==/com.google.android.gms-gFlHq_U2kQ3iP-7gMcMp7w==/oat/x86_64/split_all_locale_splits.odex) is kOatUpToDate with filter 'speed' executable 'false'
03-09 01:54:43.969   919  1177 I artd    : GetBestInfo: /data/app/~~yEW5pWbYu2w5n5JzdwoGcg==/com.google.android.gms-gFlHq_U2kQ3iP-7gMcMp7w==/split_maps_core_dynamite_ondemand.apk has no usable artifacts
03-09 01:54:43.970   919  1177 W artd    : Could not get dex checksums for location /data/app/~~Da373jqV-LH-m_TB9UU-LQ==/com.google.android.gms-vL_Ca1iNV8hMiPmeZ_b9Xg==/base.apk, fd=-1
03-09 01:54:43.972   919  1177 I artd    : GetBestInfo: /data/user_de/0/com.google.android.gms/app_chimera/m/00000009/dl-VisionOcr.optional_250834100000.apk has no usable artifacts
03-09 01:54:43.972   919  1177 I artd    : GetBestInfo: /data/user_de/0/com.google.android.gms/app_chimera/m/00000001/CronetDynamite.apk has no usable artifacts
03-09 01:54:43.973   919  1177 W artd    : Could not get dex checksums for location /data/app/~~Da373jqV-LH-m_TB9UU-LQ==/com.google.android.gms-vL_Ca1iNV8hMiPmeZ_b9Xg==/base.apk, fd=-1
03-09 01:54:43.973   919  1177 W artd    : Could not get dex checksums for location /data/app/~~Da373jqV-LH-m_TB9UU-LQ==/com.google.android.gms-vL_Ca1iNV8hMiPmeZ_b9Xg==/base.apk, fd=-1
03-09 01:54:43.974   919  1177 I artd    : GetBestInfo: /data/user_de/0/com.google.android.gms/app_chimera/m/00000002/DynamiteLoader.apk has no usable artifacts
03-09 01:54:43.975   919  1177 W artd    : Could not get dex checksums for location /data/app/~~Da373jqV-LH-m_TB9UU-LQ==/com.google.android.gms-vL_Ca1iNV8hMiPmeZ_b9Xg==/base.apk, fd=-1
03-09 01:54:43.976   919  1177 W artd    : Could not get dex checksums for location /data/app/~~Da373jqV-LH-m_TB9UU-LQ==/com.google.android.gms-vL_Ca1iNV8hMiPmeZ_b9Xg==/base.apk, fd=-1
03-09 01:54:43.976   919  1177 I artd    : GetBestInfo: /data/user_de/0/com.google.android.gms/app_chimera/m/00000005/GoogleCertificates.apk has no usable artifacts
03-09 01:54:43.977   919  1177 W artd    : Could not get dex checksums for location /data/app/~~Da373jqV-LH-m_TB9UU-LQ==/com.google.android.gms-vL_Ca1iNV8hMiPmeZ_b9Xg==/base.apk, fd=-1
03-09 01:54:43.977   919  1177 W artd    : Could not get dex checksums for location /data/app/~~Da373jqV-LH-m_TB9UU-LQ==/com.google.android.gms-vL_Ca1iNV8hMiPmeZ_b9Xg==/base.apk, fd=-1
03-09 01:54:43.978   919  1177 W artd    : Could not get dex checksums for location /data/app/~~Da373jqV-LH-m_TB9UU-LQ==/com.google.android.gms-vL_Ca1iNV8hMiPmeZ_b9Xg==/base.apk, fd=-1
03-09 01:54:43.978   919  1177 W artd    : Could not get dex checksums for location /data/app/~~Da373jqV-LH-m_TB9UU-LQ==/com.google.android.gms-vL_Ca1iNV8hMiPmeZ_b9Xg==/base.apk, fd=-1
03-09 01:54:43.978   919  1177 W artd    : Could not get dex checksums for location /data/app/~~Da373jqV-LH-m_TB9UU-LQ==/com.google.android.gms-vL_Ca1iNV8hMiPmeZ_b9Xg==/base.apk, fd=-1
03-09 01:54:43.979   919  1177 W artd    : Could not get dex checksums for location /data/app/~~Da373jqV-LH-m_TB9UU-LQ==/com.google.android.gms-vL_Ca1iNV8hMiPmeZ_b9Xg==/base.apk, fd=-1
03-09 01:54:43.980   919  1177 I artd    : GetBestInfo: /data/user_de/0/com.google.android.gms/app_chimera/m/00000008/dl-MlkitOcrCommon.optional_250834100800.apk has no usable artifacts
03-09 01:54:43.980   919  1177 W artd    : Could not get dex checksums for location /data/app/~~6kpW9_tVLFGX9XOf0H-Vgw==/com.android.vending-SvkSTJdxogsE4a8ru2WUhw==/base.apk, fd=-1
03-09 01:54:44.324  1508  1818 D SatelliteController: iisInCarrierRoamingNbIotNtn: satellite is disabled
03-09 01:54:44.324   716  1292 W IPCThreadState: Sending oneway calls to frozen process.
03-09 01:54:45.211 32203 32203 I AccessoryInputModeManager: AccessoryInputModeManager.onModeStarted():324 Accessory input mode started: PK
03-09 01:54:45.215 32203 32203 I WidgetViewShowingPositionHandler: WidgetViewShowingPositionHandler.updateAvailableArea():199 update available area Rect(21, 84 - 1059, 2333)
03-09 01:54:45.216 32203 32203 I HardKeyTracker: HardKeyTracker.registerKeySequence():178 Register key sequence omh{labelResId=2132020519, callback=cts@fb0d649, lastModifier=2, keyCodes=[32], actions=[0]}
03-09 01:54:45.216 32203 32203 I HardKeyTracker: HardKeyTracker.registerKeySequence():178 Register key sequence omh{labelResId=2132020519, callback=cts@50bab4e, lastModifier=0, keyCodes=[319], actions=[0]}
03-09 01:54:45.218 32203 32203 I Delight5Decoder: Delight5DecoderWrapper.setKeyboardLayout():552 setKeyboardLayout()
03-09 01:54:45.219 32203 32203 W TooltipLifecycleManager: TooltipLifecycleManager.dismissTooltips():153 Tooltip with id SUGGESTION_VIEW_EDU_MINI_DIALOG not found in tooltipManager.
03-09 01:54:45.300 32203 32203 W TooltipLifecycleManager: TooltipLifecycleManager.dismissTooltips():153 Tooltip with id SUGGESTION_VIEW_EDU_MINI_DIALOG not found in tooltipManager.
03-09 01:54:45.317 32203 32203 W TooltipLifecycleManager: TooltipLifecycleManager.dismissTooltips():153 Tooltip with id SUGGESTION_VIEW_EDU_MINI_DIALOG not found in tooltipManager.
03-09 01:54:45.324 32203 32203 W InputContextProxy: InputContextProxy.applyClientDiffInternal():933 Ignore [FetchSuggestions] diff due to stale request: 1394<1396, inputStateId=671, lastInputStateId=672
03-09 01:54:45.376 32203 32203 W TooltipLifecycleManager: TooltipLifecycleManager.dismissTooltips():153 Tooltip with id SUGGESTION_VIEW_EDU_MINI_DIALOG not found in tooltipManager.
03-09 01:54:45.560 32203 32203 W TooltipLifecycleManager: TooltipLifecycleManager.dismissTooltips():153 Tooltip with id SUGGESTION_VIEW_EDU_MINI_DIALOG not found in tooltipManager.
03-09 01:54:45.582 32203 32203 W TooltipLifecycleManager: TooltipLifecycleManager.dismissTooltips():153 Tooltip with id SUGGESTION_VIEW_EDU_MINI_DIALOG not found in tooltipManager.
03-09 01:54:45.613 32203 32203 W TooltipLifecycleManager: TooltipLifecycleManager.dismissTooltips():153 Tooltip with id SUGGESTION_VIEW_EDU_MINI_DIALOG not found in tooltipManager.
03-09 01:54:45.649 32203 32203 W TooltipLifecycleManager: TooltipLifecycleManager.dismissTooltips():153 Tooltip with id SUGGESTION_VIEW_EDU_MINI_DIALOG not found in tooltipManager.
03-09 01:54:45.767 32203 32203 W TooltipLifecycleManager: TooltipLifecycleManager.dismissTooltips():153 Tooltip with id SUGGESTION_VIEW_EDU_MINI_DIALOG not found in tooltipManager.
03-09 01:54:45.769 32203 32203 I KeyboardViewController: KeyboardViewController.onKeyboardViewDetached():1401 the keyboard view accessory WIDGET com.google.android.libraries.inputmethod.companionwidget.widget.WidgetSoftKeyboardView{4aa55d2 G.E...C.. ......ID 0,0-148,553 aid=389} is detaching is not the one saved com.google.android.libraries.inputmethod.companionwidget.widget.WidgetSoftKeyboardView{518b6a3 V.E...C.. ........ 0,0-148,146 aid=158}
03-09 01:54:45.778 32203 32203 W TooltipLifecycleManager: TooltipLifecycleManager.dismissTooltips():153 Tooltip with id SUGGESTION_VIEW_EDU_MINI_DIALOG not found in tooltipManager.
03-09 01:54:45.853 32203 32203 W TooltipLifecycleManager: TooltipLifecycleManager.dismissTooltips():153 Tooltip with id SUGGESTION_VIEW_EDU_MINI_DIALOG not found in tooltipManager.
03-09 01:54:45.947 32203 32203 W TooltipLifecycleManager: TooltipLifecycleManager.dismissTooltips():153 Tooltip with id SUGGESTION_VIEW_EDU_MINI_DIALOG not found in tooltipManager.
03-09 01:54:45.997 32203 32203 W TooltipLifecycleManager: TooltipLifecycleManager.dismissTooltips():153 Tooltip with id SUGGESTION_VIEW_EDU_MINI_DIALOG not found in tooltipManager.
03-09 01:54:47.471   716   900 I ImeTracker: com.example.chatapp:bbf089d9: onRequestShow at ORIGIN_SERVER reason ATTACH_NEW_INPUT fromUser false
03-09 01:54:47.472 32203 32203 I GoogleInputMethodService: GoogleInputMethodService.onStartInput():1384 onStartInput(EditorInfo{EditorInfo{packageName=com.example.chatapp, inputType=28001, inputTypeString=Normal[MultiLine|AutoCorrect], enableLearning=true, autoCorrection=true, autoComplete=true, imeOptions=42000000, privateImeOptions=null, actionName=UNSPECIFIED, actionLabel=null, initialSelStart=0, initialSelEnd=0, initialCapsMode=0, label=null, fieldId=-1, fieldName=null, extras=Bundle[mParcelledData.dataSize=404], hintText=null, hintLocales=[]}}, true)
03-09 01:54:47.472 32203 32203 W SessionManager: SessionManager.beginSession():53 Try to begin an already begun session [INPUT_SESSION], end it first
03-09 01:54:47.472 32203 32203 W SessionManager: SessionManager.endSession():96 Child session [INPUT_VIEW_SESSION] is not ended while ending session [{INPUT_SESSION=1773001376290, INPUT_VIEW_SESSION=1773001376295, IME_SESSION=1773001376347, TRAINING_CACHE_SESSION=1773001376348}], ending it now.
03-09 01:54:47.472 32203 32203 W SessionManager: SessionManager.endSession():96 Child session [IME_SESSION] is not ended while ending session [{INPUT_SESSION=1773001376290, INPUT_VIEW_SESSION=1773001376295, IME_SESSION=1773001376347, TRAINING_CACHE_SESSION=1773001376348}], ending it now.
03-09 01:54:47.473 32203 32203 I AndroidIME: LatinIMEBase.updateInputViewCoverNavigation():314 Update input view padding, extendsTouchBelowSpace=true, bottom inset=63
03-09 01:54:47.475 32203 32203 I Module  : DeviceLockedStatusModuleProvider$Module.updateDeviceLockedStatus():103 repeatCheckTimes = 1, locked = false
03-09 01:54:47.477 32203 32203 I GoogleInputMethodService: GoogleInputMethodService.onStartInputView():1472 onStartInputView(EditorInfo{EditorInfo{packageName=com.example.chatapp, inputType=28001, inputTypeString=Normal[MultiLine|AutoCorrect], enableLearning=true, autoCorrection=true, autoComplete=true, imeOptions=42000000, privateImeOptions=null, actionName=UNSPECIFIED, actionLabel=null, initialSelStart=0, initialSelEnd=0, initialCapsMode=0, label=null, fieldId=-1, fieldName=null, extras=Bundle[{android.support.text.emoji.emojiCompat_metadataVersion=10, androidx.core.view.inputmethod.EditorInfoCompat.STYLUS_HANDWRITING_ENABLED=true, android.support.text.emoji.emojiCompat_replaceAll=false}], hintText=null, hintLocales=[]}}, true)
--------- beginning of system
03-09 01:54:47.477   716  1292 W PackageConfigPersister: App-specific configuration not found for packageName: com.example.chatapp and userId: 0
03-09 01:54:47.478 32203 32203 I InputBundle: InputBundle.consumeEvent():1041 Skip consuming an event as keyboard status is INACTIVE
03-09 01:54:47.479 32203 32203 I AndroidIME: AbstractIme.onDeactivate():213 LatinIme.onDeactivate()
03-09 01:54:47.479 32203 32203 W SessionManager: SessionManager.endSession():88 Try to end a not begun session [IME_SESSION].
03-09 01:54:47.480 32203 32203 I KeyboardHeightUtil: KeyboardHeightUtil.getOemKeyboardHeightRatio():81 systemKeyboardHeightRatio:1.000000.
03-09 01:54:47.481 32203 32244 I NebulaeTrainingCacheMetricsProcessor: NebulaeTrainingCacheMetricsProcessor.processEndSession():575 End training cache session: com.example.chatapp_-1/
03-09 01:54:47.485 32203 32244 E UserFeatureCache: UserFeatureCache.getStore():760 Wrong feature id provided -1 for protobuf pft.
03-09 01:54:47.485 32203 32244 E UserFeatureCache: UserFeatureCache.getProto():684 Feature not enabled should not called: 19
03-09 01:54:47.488 32203 32244 I OnDeviceWmrCalculator: OnDeviceWmrCalculator.calculateWmr():94 WMR: 0.0000 (0 / 1)
03-09 01:54:47.517 32203 32203 I AndroidIME: InputBundleManager.loadActiveInputBundleId():531 loadActiveInputBundleId: en-US, ime_english_united_states
03-09 01:54:47.517 32203 32203 I AndroidIME: AbstractIme.onActivate():95 LatinIme.onActivate() : EditorInfo = EditorInfo{packageName=com.example.chatapp, inputType=28001, inputTypeString=Normal[MultiLine|AutoCorrect], enableLearning=true, autoCorrection=true, autoComplete=true, imeOptions=42000000, privateImeOptions=null, actionName=UNSPECIFIED, actionLabel=null, initialSelStart=0, initialSelEnd=0, initialCapsMode=0, label=null, fieldId=-1, fieldName=null, extras=Bundle[{android.support.text.emoji.emojiCompat_metadataVersion=10, androidx.core.view.inputmethod.EditorInfoCompat.STYLUS_HANDWRITING_ENABLED=true, android.support.text.emoji.emojiCompat_replaceAll=false}], hintText=null, hintLocales=[]}, IncognitoMode = false, DeviceLocked = false
03-09 01:54:47.520 32203 32203 I Delight5Facilitator: Delight5Facilitator.initializeForIme():745 initializeForIme() : Locale = [en_US], layout = qwerty
03-09 01:54:47.520 32203 32244 I NebulaeTrainingCacheMetricsProcessor: NebulaeTrainingCacheMetricsProcessor.processBeginSession():252 Begin training cache session: com.example.chatapp_-1/
03-09 01:54:47.521 32203 32203 I LatinIme: LatinIme.updateEnableInlineSuggestionsOnDecoderSideFlags():1255 inline flag updated to:false
03-09 01:54:47.523 32203 32203 I LatinIme: LatinIme.updateEnableInlineSuggestionsOnDecoderSideFlags():1255 inline flag updated to:false
03-09 01:54:47.527 32203 32203 I LatinIme: LatinIme.resetInputContext():2262 resetInputContext(): reason=1, externalEditsInfo=ExternalEditsInfo{action=0, offset=-1, text=null, originalText=null, edits=null}
03-09 01:54:47.527 32203 32203 I InputBundle: InputBundle.consumeEvent():1041 Skip consuming an event as keyboard status is INACTIVE
03-09 01:54:47.529 32203 32203 I KeyboardWrapper: KeyboardWrapper.activateKeyboard():582 activateKeyboard(): type=accessory, status=INACTIVE, imeDef=noh{stringId=ime_english_united_states, language=en-US, languageTag=en-US, processedConditions={writing_helper_enable_by_word_revert=false, true=true, enable_number_row=false, device=phone, enable_pk_simulator=false}, className=com.google.android.apps.inputmethod.libs.latin5.LatinIme, label=0, keyEventInterpreter=null, inlineComposing=true, autoCapital=true, announceAutoSelectedCandidate=true, statusIcon=0, indicatorIcon=0, indicatorLabel=US, displayAppCompletions=true, extraValues=noa{#0x7f0b02e3=TypedValue{t=0x3/d=0x0 "com.google.android.apps.inputmethod.libs.latin5.LatinIme"}}, processors=nqa@7c7a982, unacceptableMetaKeys=4098, languageSpecificSettings=0, asciiCapable=true, alwaysShowSuggestions=false, useAsciiPasswordKeyboard=false, keyboardGroupDef=npj@5ccee6, phenotypeFlagId=0, localizationLanguageTag=null, supportsInlineSuggestion=true}
03-09 01:54:47.529 32203 32203 I KeyboardManager: KeyboardManager.requestKeyboard():249 Creating keyboard accessory, imeId=ime_english_united_states, cacheKey=theme,!gsf,!pgsans,!pgsf,!use_system_font,BORDER,FLAVOR_DPI=XXHDPI,IS_LIGHT,KEYBOARD_WIDTH_CATEGORY=NORMAL,KEY_BORDER_SHAPE=1,LIGHT_THEME=true,PHYSICAL_DIAGONAL=6.1297245,POPUP,SCREEN_SHORTEST_WIDTH=411,SCREEN_SHORTEST_WIDTH_NO_SCALE=411,SW400DP,XXHDPI,bottom4dp,enable_popup_on_keypress=true,keyboard_redesign_google_sans=true,non_linear_scale,noshadow,overlay_builtin_dynamic_color_light_base.binarypb:gm3-light-fffaf8ff-ff495d92-d80dec30f0fb7f05984687320dd7999c,silkpopup
03-09 01:54:47.529 32203 32203 I KeyboardWrapper: KeyboardWrapper.onKeyboardReady():224 onKeyboardReady(): type=accessory(accessory), kb=com.google.android.libraries.inputmethod.keyboard.impl.Keyboard@d086fed
03-09 01:54:47.529 32203 32203 I KeyboardWrapper: KeyboardWrapper.doActivateKeyboard():612 doActivateKeyboard(): accessory
03-09 01:54:47.529 32203 32203 W Keyboard: Keyboard.getKeyboardViewHelper():604 null helper is returned: keyboardDef=npc{processedConditions={}, globalConditions={}, className=com.google.android.libraries.inputmethod.keyboard.impl.Keyboard, resourceIds=[#0x7f17004e], initialStates=0, keyboardViewDefs=[], persistentStates=0, persistentStatesPrefKey=null, popupBubbleLayoutId=#0x0, recentKeyLayoutId=#0x0, recentKeyPopupLayoutId=#0x0, recentKeyType=null, rememberRecentKey=NONE, sessionStates=0}, type=HEADER, helpersCreated={}, context.getResources().getConfiguration(): {1.0 310mcc260mnc [en_US] ldltr sw411dp w411dp h914dp 420dpi nrml long port finger qwerty/v/v dpad/v winConfig={ mBounds=Rect(0, 0 - 1080, 2400) mAppBounds=Rect(0, 0 - 1080, 2400) mMaxBounds=Rect(0, 0 - 1080, 2400) mDisplayRotation=ROTATION_0 mWindowingMode=fullscreen mActivityType=undefined mAlwaysOnTop=undefined mRotation=ROTATION_0} as.2 s.25 fontWeightAdjustment=0}
03-09 01:54:47.529 32203 32203 W Keyboard: Keyboard.getKeyboardViewHelper():604 null helper is returned: keyboardDef=npc{processedConditions={}, globalConditions={}, className=com.google.android.libraries.inputmethod.keyboard.impl.Keyboard, resourceIds=[#0x7f17004e], initialStates=0, keyboardViewDefs=[], persistentStates=0, persistentStatesPrefKey=null, popupBubbleLayoutId=#0x0, recentKeyLayoutId=#0x0, recentKeyPopupLayoutId=#0x0, recentKeyType=null, rememberRecentKey=NONE, sessionStates=0}, type=BODY, helpersCreated={}, context.getResources().getConfiguration(): {1.0 310mcc260mnc [en_US] ldltr sw411dp w411dp h914dp 420dpi nrml long port finger qwerty/v/v dpad/v winConfig={ mBounds=Rect(0, 0 - 1080, 2400) mAppBounds=Rect(0, 0 - 1080, 2400) mMaxBounds=Rect(0, 0 - 1080, 2400) mDisplayRotation=ROTATION_0 mWindowingMode=fullscreen mActivityType=undefined mAlwaysOnTop=undefined mRotation=ROTATION_0} as.2 s.25 fontWeightAdjustment=0}
03-09 01:54:47.529 32203 32203 I GlobeKeyExtension: GlobeKeyExtension.getKeyboardInitialStates():185 
03-09 01:54:47.529 32203 32203 W Keyboard: Keyboard.getKeyboardViewHelper():604 null helper is returned: keyboardDef=npc{processedConditions={}, globalConditions={}, className=com.google.android.libraries.inputmethod.keyboard.impl.Keyboard, resourceIds=[#0x7f17004e], initialStates=0, keyboardViewDefs=[], persistentStates=0, persistentStatesPrefKey=null, popupBubbleLayoutId=#0x0, recentKeyLayoutId=#0x0, recentKeyPopupLayoutId=#0x0, recentKeyType=null, rememberRecentKey=NONE, sessionStates=0}, type=HEADER, helpersCreated={}, context.getResources().getConfiguration(): {1.0 310mcc260mnc [en_US] ldltr sw411dp w411dp h914dp 420dpi nrml long port finger qwerty/v/v dpad/v winConfig={ mBounds=Rect(0, 0 - 1080, 2400) mAppBounds=Rect(0, 0 - 1080, 2400) mMaxBounds=Rect(0, 0 - 1080, 2400) mDisplayRotation=ROTATION_0 mWindowingMode=fullscreen mActivityType=undefined mAlwaysOnTop=undefined mRotation=ROTATION_0} as.2 s.25 fontWeightAdjustment=0}
03-09 01:54:47.529 32203 32203 W Keyboard: Keyboard.getKeyboardViewHelper():604 null helper is returned: keyboardDef=npc{processedConditions={}, globalConditions={}, className=com.google.android.libraries.inputmethod.keyboard.impl.Keyboard, resourceIds=[#0x7f17004e], initialStates=0, keyboardViewDefs=[], persistentStates=0, persistentStatesPrefKey=null, popupBubbleLayoutId=#0x0, recentKeyLayoutId=#0x0, recentKeyPopupLayoutId=#0x0, recentKeyType=null, rememberRecentKey=NONE, sessionStates=0}, type=BODY, helpersCreated={}, context.getResources().getConfiguration(): {1.0 310mcc260mnc [en_US] ldltr sw411dp w411dp h914dp 420dpi nrml long port finger qwerty/v/v dpad/v winConfig={ mBounds=Rect(0, 0 - 1080, 2400) mAppBounds=Rect(0, 0 - 1080, 2400) mMaxBounds=Rect(0, 0 - 1080, 2400) mDisplayRotation=ROTATION_0 mWindowingMode=fullscreen mActivityType=undefined mAlwaysOnTop=undefined mRotation=ROTATION_0} as.2 s.25 fontWeightAdjustment=0}
03-09 01:54:47.529 32203 32203 W Keyboard: Keyboard.getKeyboardViewHelper():604 null helper is returned: keyboardDef=npc{processedConditions={}, globalConditions={}, className=com.google.android.libraries.inputmethod.keyboard.impl.Keyboard, resourceIds=[#0x7f17004e], initialStates=0, keyboardViewDefs=[], persistentStates=0, persistentStatesPrefKey=null, popupBubbleLayoutId=#0x0, recentKeyLayoutId=#0x0, recentKeyPopupLayoutId=#0x0, recentKeyType=null, rememberRecentKey=NONE, sessionStates=0}, type=FLOATING_CANDIDATES, helpersCreated={}, context.getResources().getConfiguration(): {1.0 310mcc260mnc [en_US] ldltr sw411dp w411dp h914dp 420dpi nrml long port finger qwerty/v/v dpad/v winConfig={ mBounds=Rect(0, 0 - 1080, 2400) mAppBounds=Rect(0, 0 - 1080, 2400) mMaxBounds=Rect(0, 0 - 1080, 2400) mDisplayRotation=ROTATION_0 mWindowingMode=fullscreen mActivityType=undefined mAlwaysOnTop=undefined mRotation=ROTATION_0} as.2 s.25 fontWeightAdjustment=0}
03-09 01:54:47.530 32203 32203 W Keyboard: Keyboard.getKeyboardViewHelper():604 null helper is returned: keyboardDef=npc{processedConditions={}, globalConditions={}, className=com.google.android.libraries.inputmethod.keyboard.impl.Keyboard, resourceIds=[#0x7f17004e], initialStates=0, keyboardViewDefs=[], persistentStates=0, persistentStatesPrefKey=null, popupBubbleLayoutId=#0x0, recentKeyLayoutId=#0x0, recentKeyPopupLayoutId=#0x0, recentKeyType=null, rememberRecentKey=NONE, sessionStates=0}, type=WIDGET, helpersCreated={}, context.getResources().getConfiguration(): {1.0 310mcc260mnc [en_US] ldltr sw411dp w411dp h914dp 420dpi nrml long port finger qwerty/v/v dpad/v winConfig={ mBounds=Rect(0, 0 - 1080, 2400) mAppBounds=Rect(0, 0 - 1080, 2400) mMaxBounds=Rect(0, 0 - 1080, 2400) mDisplayRotation=ROTATION_0 mWindowingMode=fullscreen mActivityType=undefined mAlwaysOnTop=undefined mRotation=ROTATION_0} as.2 s.25 fontWeightAdjustment=0}
03-09 01:54:47.530 32203 32203 I KeyboardManager: KeyboardManager.requestKeyboard():249 Creating keyboard accessory_candidates_consumer, imeId=ime_english_united_states, cacheKey=theme,!gsf,!pgsans,!pgsf,!use_system_font,BORDER,FLAVOR_DPI=XXHDPI,IS_LIGHT,KEYBOARD_WIDTH_CATEGORY=NORMAL,KEY_BORDER_SHAPE=1,LIGHT_THEME=true,PHYSICAL_DIAGONAL=6.1297245,POPUP,SCREEN_SHORTEST_WIDTH=411,SCREEN_SHORTEST_WIDTH_NO_SCALE=411,SW400DP,XXHDPI,bottom4dp,enable_popup_on_keypress=true,keyboard_redesign_google_sans=true,non_linear_scale,noshadow,overlay_builtin_dynamic_color_light_base.binarypb:gm3-light-fffaf8ff-ff495d92-d80dec30f0fb7f05984687320dd7999c,silkpopup
03-09 01:54:47.530 32203 32203 I GlobeKeyExtension: GlobeKeyExtension.getKeyboardInitialStates():185 
03-09 01:54:47.531 32203 32203 W Keyboard: Keyboard.getKeyboardViewHelper():604 null helper is returned: keyboardDef=npc{processedConditions={}, globalConditions={global_theme_key=theme,!gsf,!pgsans,!pgsf,!use_system_font,BORDER,FLAVOR_DPI=XXHDPI,IS_LIGHT,KEYBOARD_WIDTH_CATEGORY=NORMAL,KEY_BORDER_SHAPE=1,LIGHT_THEME=true,PHYSICAL_DIAGONAL=6.1297245,POPUP,SCREEN_SHORTEST_WIDTH=411,SCREEN_SHORTEST_WIDTH_NO_SCALE=411,SW400DP,XXHDPI,bottom4dp,enable_popup_on_keypress=true,keyboard_redesign_google_sans=true,non_linear_scale,noshadow,overlay_builtin_dynamic_color_light_base.binarypb:gm3-light-fffaf8ff-ff495d92-d80dec30f0fb7f05984687320dd7999c,silkpopup, global_locale=en_US, global_density_dpi=420, global_orientation=1}, className=.latin.keyboard.AccessoryKeyboard, resourceIds=[#0x7f17004d], initialStates=0, keyboardViewDefs=[npr{direction=null, id=#0x7f0b0226, isScalable=false, layoutId=#0x7f0e0031, type=FLOATING_CANDIDATES, touchable=true, defaultShow=false}], persistentStates=0, persistentStatesPrefKey=null, popupBubbleLayoutId=#0x7f0e0606, recentKeyLayoutId=#0x0, recentKeyPopupLayoutId=#0x0, recentKeyType=null, rememberRecentKey=NONE, sessionStates=0}, type=HEADER, helpersCreated={FLOATING_CANDIDATES=nal@6cdec57}, context.getResources().getConfiguration(): {1.0 310mcc260mnc [en_US] ldltr sw411dp w411dp h914dp 420dpi nrml long port finger qwerty/v/v dpad/v winConfig={ mBounds=Rect(0, 0 - 1080, 2400) mAppBounds=Rect(0, 0 - 1080, 2400) mMaxBounds=Rect(0, 0 - 1080, 2400) mDisplayRotation=ROTATION_0 mWindowingMode=fullscreen mActivityType=undefined mAlwaysOnTop=undefined mRotation=ROTATION_0} as.2 s.25 fontWeightAdjustment=0}
03-09 01:54:47.531 32203 32203 W Keyboard: Keyboard.getKeyboardViewHelper():604 null helper is returned: keyboardDef=npc{processedConditions={}, globalConditions={global_theme_key=theme,!gsf,!pgsans,!pgsf,!use_system_font,BORDER,FLAVOR_DPI=XXHDPI,IS_LIGHT,KEYBOARD_WIDTH_CATEGORY=NORMAL,KEY_BORDER_SHAPE=1,LIGHT_THEME=true,PHYSICAL_DIAGONAL=6.1297245,POPUP,SCREEN_SHORTEST_WIDTH=411,SCREEN_SHORTEST_WIDTH_NO_SCALE=411,SW400DP,XXHDPI,bottom4dp,enable_popup_on_keypress=true,keyboard_redesign_google_sans=true,non_linear_scale,noshadow,overlay_builtin_dynamic_color_light_base.binarypb:gm3-light-fffaf8ff-ff495d92-d80dec30f0fb7f05984687320dd7999c,silkpopup, global_locale=en_US, global_density_dpi=420, global_orientation=1}, className=.latin.keyboard.AccessoryKeyboard, resourceIds=[#0x7f17004d], initialStates=0, keyboardViewDefs=[npr{direction=null, id=#0x7f0b0226, isScalable=false, layoutId=#0x7f0e0031, type=FLOATING_CANDIDATES, touchable=true, defaultShow=false}], persistentStates=0, persistentStatesPrefKey=null, popupBubbleLayoutId=#0x7f0e0606, recentKeyLayoutId=#0x0, recentKeyPopupLayoutId=#0x0, recentKeyType=null, rememberRecentKey=NONE, sessionStates=0}, type=BODY, helpersCreated={FLOATING_CANDIDATES=nal@6cdec57}, context.getResources().getConfiguration(): {1.0 310mcc260mnc [en_US] ldltr sw411dp w411dp h914dp 420dpi nrml long port finger qwerty/v/v dpad/v winConfig={ mBounds=Rect(0, 0 - 1080, 2400) mAppBounds=Rect(0, 0 - 1080, 2400) mMaxBounds=Rect(0, 0 - 1080, 2400) mDisplayRotation=ROTATION_0 mWindowingMode=fullscreen mActivityType=undefined mAlwaysOnTop=undefined mRotation=ROTATION_0} as.2 s.25 fontWeightAdjustment=0}
03-09 01:54:47.531 32203 32254 I Delight5Decoder: Delight5DecoderWrapper.setKeyboardLayout():552 setKeyboardLayout()
03-09 01:54:47.532 32203 32203 I AndroidIME: InputBundleManager.startInput():361 startInput() with npn[keyboardType=accessory, payload=null]
03-09 01:54:47.532 32203 32203 W ExtensionWrapper: ExtensionWrapper.setAllowUpdateNavigationBarStyle():885 class kmw is not activate
03-09 01:54:47.537 32203 32203 W ExtensionWrapper: ExtensionWrapper.setAllowUpdateNavigationBarStyle():885 class kmw is not activate
03-09 01:54:47.539 32203 32203 I GlobeKeyExtension: GlobeKeyExtension.onDeactivate():153 
03-09 01:54:47.540 32203 32203 I VoiceInputManagerWrapper: VoiceInputManagerWrapper.shutdown():131 shutdown()
03-09 01:54:47.540 32203 32203 I PkModeUpdater: PkModeUpdater.onActivate():74 onActivate true true
03-09 01:54:47.540 32203 32203 I AccessoryInputModeManager: AccessoryInputModeManager.onModeStarted():324 Accessory input mode started: PK
03-09 01:54:47.540 32203 32203 W ExtensionWrapper: ExtensionWrapper.setAllowUpdateNavigationBarStyle():885 class kmw is not activate
03-09 01:54:47.540 32203 32203 I WidgetViewShowingController: WidgetViewShowingController.showWidgetKeyboardInternal():532 Show companion widget
03-09 01:54:47.546 32203 32203 W ExtensionWrapper: ExtensionWrapper.setAllowUpdateNavigationBarStyle():885 class kmw is not activate
03-09 01:54:47.546 32203 32203 I WidgetViewShowingPositionHandler: WidgetViewShowingPositionHandler.updateAvailableArea():199 update available area Rect(21, 84 - 1059, 2333)
03-09 01:54:47.547 32203 32203 I GlobeKeyExtension: GlobeKeyExtension.onActivate():129 
03-09 01:54:47.548 32203 32203 I KeyboardModeUtils: KeyboardModeUtils.getKeyboardBottomOffset():435 inch: 0.000000 ydpi: 420.000000 adjustKeyboardBottomByDisplaySize: false currentDensityDpi: 420 defaultDensityDpi: 420 keyboardBottomToScreenPx: 0 keyboardBottomToNavBarPx: -63 navBarHeight: 63
03-09 01:54:47.548 32203 32203 I BaseKeyboardSizeHelper: BaseKeyboardSizeHelper.calculateMaxKeyboardBodyHeight():73 leave 281 height for app when ime window height:2274, header height:116 and isFullscreenMode:false, so the max keyboard body height is:1877
03-09 01:54:47.548 32203 32203 I BaseKeyboardSizeHelper: BaseKeyboardSizeHelper.calculateMaxKeyboardBodyHeight():73 leave 281 height for app when ime window height:2274, header height:116 and isFullscreenMode:false, so the max keyboard body height is:1877
03-09 01:54:47.548 32203 32203 I BaseKeyboardSizeHelper: BaseKeyboardSizeHelper.calculateMaxKeyboardBodyHeight():73 leave 281 height for app when ime window height:2274, header height:116 and isFullscreenMode:false, so the max keyboard body height is:1877
03-09 01:54:47.548 32203 32203 I BaseKeyboardSizeHelper: BaseKeyboardSizeHelper.calculateMaxKeyboardBodyHeight():73 leave 281 height for app when ime window height:2274, header height:116 and isFullscreenMode:false, so the max keyboard body height is:1877
03-09 01:54:47.548 32203 32203 W ExtensionWrapper: ExtensionWrapper.setExtensionViewVisibility():876 interface ndx is not activate
03-09 01:54:47.549 32203 32203 I VoiceInputManagerWrapper: VoiceInputManagerWrapper.cancelShutdown():109 cancelShutdown()
03-09 01:54:47.549 32203 32203 I VoiceInputManagerWrapper: VoiceInputManagerWrapper.syncLanguagePacks():121 syncLanguagePacks()
03-09 01:54:47.550 32203 32203 I VoiceInputManager: VoiceInputManager.onKeyboardActivated():1216 onKeyboardActivated() [UD]
03-09 01:54:47.551 32203  3654 I SpeechFactory: SpeechRecognitionFactory.maybeScheduleAutoPackDownloadForFallback():217 maybeScheduleAutoPackDownloadForFallback()
03-09 01:54:47.551 32203  3654 I FallbackOnDeviceRecognitionProvider: FallbackOnDeviceRecognitionProvider.maybeScheduleAutoPackDownload():213 maybeScheduleAutoPackDownload() for language tag en-US
03-09 01:54:47.552 32203 32203 I Module  : DeviceLockedStatusModuleProvider$Module.updateDeviceLockedStatus():103 repeatCheckTimes = 1, locked = false
03-09 01:54:47.553 32203 32203 I VoiceImeExtension: VoiceImeExtension.shouldStartVoiceInputAutomaticallyInCurrentInputBox():384 No private IME option set to start voice input.
03-09 01:54:47.556 32203 32203 I StylusModule: StylusModule.onUpdateToolType():774 Update tool type = 2
03-09 01:54:47.556   716  1271 D BackgroundInstallControlService: Package event received: 0
03-09 01:54:47.557 32203 10486 I SystemHapticSettings: SystemHapticSettings.updateSystemVibrationState():61 update vibration state: true
03-09 01:54:47.559 32203 32203 I AccessoryInputModeManager: AccessoryInputModeManager.onModeStarted():324 Accessory input mode started: STYLUS
03-09 01:54:47.560   716  1292 D ActivityManager: sync unfroze 3025 com.google.android.gms for 6
03-09 01:54:47.561 32203 32203 I WidgetViewShowingPositionHandler: WidgetViewShowingPositionHandler.updateAvailableArea():199 update available area Rect(21, 84 - 1059, 2333)
03-09 01:54:47.563   716  1271 D BackgroundInstallControlService: Package event received: 0
03-09 01:54:47.566 32203 32203 I HardKeyTracker: HardKeyTracker.unregisterKeySequence():229 Unregister key sequence omh{labelResId=2132020519, callback=cts@fb0d649, lastModifier=2, keyCodes=[32], actions=[0]}
03-09 01:54:47.566 32203 32203 I HardKeyTracker: HardKeyTracker.unregisterKeySequence():229 Unregister key sequence omh{labelResId=2132020519, callback=cts@50bab4e, lastModifier=0, keyCodes=[319], actions=[0]}
03-09 01:54:47.569   716  2331 D ImeInsetsSourceProvider: showImePostLayout cancelled, isScheduledAndReadyToShowIme: false, mImeRequester: null, serverVisible: true, frozen: false, mWindowContainer is: non-null, windowState: Window{8cba396 u0 InputMethod}, isDrawn: true, mGivenInsetsPending: false, dcTarget: Window{eb9fe06 u0 com.example.chatapp/com.example.chatapp.MainActivity}, controlTarget: Window{eb9fe06 u0 com.example.chatapp/com.example.chatapp.MainActivity}
03-09 01:54:47.570   716  2331 I ImeTracker: com.example.chatapp:dd9d108d: setFinished on previously finished token at PHASE_WM_ABORT_SHOW_IME_POST_LAYOUT with STATUS_CANCEL
03-09 01:54:47.570   716  2331 I ImeTracker: com.example.chatapp:dd9d108d: onCancelled at PHASE_WM_ABORT_SHOW_IME_POST_LAYOUT
03-09 01:54:47.571 32203 32203 I GoogleInputMethodService: GoogleInputMethodService$1.onKeyboardViewShown():331 onKeyboardViewShown: keyboardType=accessory, keyboardViewType=HEADER keyboardView=null
03-09 01:54:47.571 32203 32203 W Keyboard: Keyboard.getKeyboardViewHelper():604 null helper is returned: keyboardDef=npc{processedConditions={}, globalConditions={}, className=com.google.android.libraries.inputmethod.keyboard.impl.Keyboard, resourceIds=[#0x7f17004e], initialStates=0, keyboardViewDefs=[], persistentStates=0, persistentStatesPrefKey=null, popupBubbleLayoutId=#0x0, recentKeyLayoutId=#0x0, recentKeyPopupLayoutId=#0x0, recentKeyType=null, rememberRecentKey=NONE, sessionStates=0}, type=BODY, helpersCreated={}, context.getResources().getConfiguration(): {1.0 310mcc260mnc [en_US] ldltr sw411dp w411dp h914dp 420dpi nrml long port finger qwerty/v/v dpad/v winConfig={ mBounds=Rect(0, 0 - 1080, 2400) mAppBounds=Rect(0, 0 - 1080, 2400) mMaxBounds=Rect(0, 0 - 1080, 2400) mDisplayRotation=ROTATION_0 mWindowingMode=fullscreen mActivityType=undefined mAlwaysOnTop=undefined mRotation=ROTATION_0} as.2 s.25 fontWeightAdjustment=0}
03-09 01:54:47.571 32203 32203 I GoogleInputMethodService: GoogleInputMethodService$1.onKeyboardViewShown():331 onKeyboardViewShown: keyboardType=accessory, keyboardViewType=BODY keyboardView=null
03-09 01:54:47.571 32203 32203 W Keyboard: Keyboard.getKeyboardViewHelper():604 null helper is returned: keyboardDef=npc{processedConditions={}, globalConditions={}, className=com.google.android.libraries.inputmethod.keyboard.impl.Keyboard, resourceIds=[#0x7f17004e], initialStates=0, keyboardViewDefs=[], persistentStates=0, persistentStatesPrefKey=null, popupBubbleLayoutId=#0x0, recentKeyLayoutId=#0x0, recentKeyPopupLayoutId=#0x0, recentKeyType=null, rememberRecentKey=NONE, sessionStates=0}, type=BODY, helpersCreated={}, context.getResources().getConfiguration(): {1.0 310mcc260mnc [en_US] ldltr sw411dp w411dp h914dp 420dpi nrml long port finger qwerty/v/v dpad/v winConfig={ mBounds=Rect(0, 0 - 1080, 2400) mAppBounds=Rect(0, 0 - 1080, 2400) mMaxBounds=Rect(0, 0 - 1080, 2400) mDisplayRotation=ROTATION_0 mWindowingMode=fullscreen mActivityType=undefined mAlwaysOnTop=undefined mRotation=ROTATION_0} as.2 s.25 fontWeightAdjustment=0}
03-09 01:54:47.576   716  1292 D ActivityManager: sync unfroze 3044 com.google.android.adservices.api for 6
03-09 01:54:47.578   716  1271 D BackgroundInstallControlService: Package event received: 0
03-09 01:54:47.587  3025  3025 D BoundBrokerSvc: onBind: Intent { act=com.google.firebase.dynamiclinks.service.START xflg=0x4 pkg=com.google.android.gms }
03-09 01:54:47.587  3025  3025 D BoundBrokerSvc: Loading bound service for intent: Intent { act=com.google.firebase.dynamiclinks.service.START xflg=0x4 pkg=com.google.android.gms }
03-09 01:54:47.590   716  2568 W ProcessStats: Tracking association SourceState{f0bb7e5 com.google.android.gms/10147 BFgs #43917} whose proc state 4 is better than process ProcessState{7e24cf4 com.google.android.adservices.api/10199 pkg=com.google.android.adservices.api} proc state 14 (3 skipped)
03-09 01:54:47.590  3025  3025 D BoundBrokerSvc: onUnbind: Intent { act=com.google.android.gms.common.BIND_SHARED_PREFS xflg=0x4 pkg=com.google.android.gms }
03-09 01:54:47.601  3025  3025 D BoundBrokerSvc: onBind: Intent { act=com.google.android.gms.common.BIND_SHARED_PREFS xflg=0x4 pkg=com.google.android.gms }
03-09 01:54:47.601  3025  3025 D BoundBrokerSvc: Loading bound service for intent: Intent { act=com.google.android.gms.common.BIND_SHARED_PREFS xflg=0x4 pkg=com.google.android.gms }
03-09 01:54:47.736 32203 32203 W TooltipLifecycleManager: TooltipLifecycleManager.dismissTooltips():153 Tooltip with id spell_check_add_to_dictionary not found in tooltipManager.
03-09 01:54:48.115 32203 32203 I KeyboardViewController: KeyboardViewController.onKeyboardViewDetached():1401 the keyboard view accessory WIDGET com.google.android.libraries.inputmethod.companionwidget.widget.WidgetSoftKeyboardView{518b6a3 G.E...C.. ......ID 0,0-148,143 aid=158} is detaching is not the one saved com.google.android.libraries.inputmethod.companionwidget.widget.WidgetSoftKeyboardView{4aa55d2 V.E...C.. ........ 0,0-148,690 aid=389}
03-09 01:54:53.845 10698 10698 W dumpsys : Thread Pool max thread count is 0. Cannot cache binder as linkToDeath cannot be implemented. serviceName: package
03-09 01:54:53.991   919  1177 I artd    : GetBestInfo: odex next to the dex file (/data/app/~~yEW5pWbYu2w5n5JzdwoGcg==/com.google.android.gms-gFlHq_U2kQ3iP-7gMcMp7w==/oat/x86_64/base.odex) is kOatUpToDate with filter 'speed-profile' executable 'false'
03-09 01:54:53.994   919  1177 I artd    : GetBestInfo: odex next to the dex file (/data/app/~~yEW5pWbYu2w5n5JzdwoGcg==/com.google.android.gms-gFlHq_U2kQ3iP-7gMcMp7w==/oat/x86_64/split_AdsDynamite_installtime.odex) is kOatUpToDate with filter 'speed' executable 'false'
03-09 01:54:53.997   919  1177 I artd    : GetBestInfo: odex next to the dex file (/data/app/~~yEW5pWbYu2w5n5JzdwoGcg==/com.google.android.gms-gFlHq_U2kQ3iP-7gMcMp7w==/oat/x86_64/split_CronetDynamite_installtime.odex) is kOatUpToDate with filter 'speed-profile' executable 'false'
03-09 01:54:53.998   919  1177 I artd    : GetBestInfo: odex next to the dex file (/data/app/~~yEW5pWbYu2w5n5JzdwoGcg==/com.google.android.gms-gFlHq_U2kQ3iP-7gMcMp7w==/oat/x86_64/split_DynamiteLoader_installtime.odex) is kOatUpToDate with filter 'speed' executable 'false'
03-09 01:54:53.999   919  1177 I artd    : GetBestInfo: odex next to the dex file (/data/app/~~yEW5pWbYu2w5n5JzdwoGcg==/com.google.android.gms-gFlHq_U2kQ3iP-7gMcMp7w==/oat/x86_64/split_DynamiteModulesA_installtime.odex) is kOatUpToDate with filter 'speed' executable 'false'
03-09 01:54:54.003   919  1177 I artd    : GetBestInfo: odex next to the dex file (/data/app/~~yEW5pWbYu2w5n5JzdwoGcg==/com.google.android.gms-gFlHq_U2kQ3iP-7gMcMp7w==/oat/x86_64/split_DynamiteModulesC_installtime.odex) is kOatUpToDate with filter 'speed' executable 'false'
03-09 01:54:54.004   919  1177 I artd    : GetBestInfo: odex next to the dex file (/data/app/~~yEW5pWbYu2w5n5JzdwoGcg==/com.google.android.gms-gFlHq_U2kQ3iP-7gMcMp7w==/oat/x86_64/split_GoogleCertificates_installtime.odex) is kOatUpToDate with filter 'speed' executable 'false'
03-09 01:54:54.012   919  1177 I artd    : GetBestInfo: odex next to the dex file (/data/app/~~yEW5pWbYu2w5n5JzdwoGcg==/com.google.android.gms-gFlHq_U2kQ3iP-7gMcMp7w==/oat/x86_64/split_MapsDynamite_installtime.odex) is kOatUpToDate with filter 'speed' executable 'false'
03-09 01:54:54.015   919  1177 I artd    : GetBestInfo: odex next to the dex file (/data/app/~~yEW5pWbYu2w5n5JzdwoGcg==/com.google.android.gms-gFlHq_U2kQ3iP-7gMcMp7w==/oat/x86_64/split_MeasurementDynamite_installtime.odex) is kOatUpToDate with filter 'speed' executable 'false'
03-09 01:54:54.016   919  1177 I artd    : GetBestInfo: odex next to the dex file (/data/app/~~yEW5pWbYu2w5n5JzdwoGcg==/com.google.android.gms-gFlHq_U2kQ3iP-7gMcMp7w==/oat/x86_64/split_all_locale_splits.odex) is kOatUpToDate with filter 'speed' executable 'false'
03-09 01:54:54.018   919  1177 I artd    : GetBestInfo: /data/app/~~yEW5pWbYu2w5n5JzdwoGcg==/com.google.android.gms-gFlHq_U2kQ3iP-7gMcMp7w==/split_maps_core_dynamite_ondemand.apk has no usable artifacts
03-09 01:54:54.020   919  1177 W artd    : Could not get dex checksums for location /data/app/~~Da373jqV-LH-m_TB9UU-LQ==/com.google.android.gms-vL_Ca1iNV8hMiPmeZ_b9Xg==/base.apk, fd=-1
03-09 01:54:54.025   919  1177 I artd    : GetBestInfo: /data/user_de/0/com.google.android.gms/app_chimera/m/00000009/dl-VisionOcr.optional_250834100000.apk has no usable artifacts
03-09 01:54:54.027   919  1177 I artd    : GetBestInfo: /data/user_de/0/com.google.android.gms/app_chimera/m/00000001/CronetDynamite.apk has no usable artifacts
03-09 01:54:54.028   919  1177 W artd    : Could not get dex checksums for location /data/app/~~Da373jqV-LH-m_TB9UU-LQ==/com.google.android.gms-vL_Ca1iNV8hMiPmeZ_b9Xg==/base.apk, fd=-1
03-09 01:54:54.029   919  1177 W artd    : Could not get dex checksums for location /data/app/~~Da373jqV-LH-m_TB9UU-LQ==/com.google.android.gms-vL_Ca1iNV8hMiPmeZ_b9Xg==/base.apk, fd=-1
03-09 01:54:54.031   919  1177 I artd    : GetBestInfo: /data/user_de/0/com.google.android.gms/app_chimera/m/00000002/DynamiteLoader.apk has no usable artifacts
03-09 01:54:54.034   919  1177 W artd    : Could not get dex checksums for location /data/app/~~Da373jqV-LH-m_TB9UU-LQ==/com.google.android.gms-vL_Ca1iNV8hMiPmeZ_b9Xg==/base.apk, fd=-1
03-09 01:54:54.035   919  1177 W artd    : Could not get dex checksums for location /data/app/~~Da373jqV-LH-m_TB9UU-LQ==/com.google.android.gms-vL_Ca1iNV8hMiPmeZ_b9Xg==/base.apk, fd=-1
03-09 01:54:54.040   919  1177 I artd    : GetBestInfo: /data/user_de/0/com.google.android.gms/app_chimera/m/00000005/GoogleCertificates.apk has no usable artifacts
03-09 01:54:54.041   919  1177 W artd    : Could not get dex checksums for location /data/app/~~Da373jqV-LH-m_TB9UU-LQ==/com.google.android.gms-vL_Ca1iNV8hMiPmeZ_b9Xg==/base.apk, fd=-1
03-09 01:54:54.043   919  1177 W artd    : Could not get dex checksums for location /data/app/~~Da373jqV-LH-m_TB9UU-LQ==/com.google.android.gms-vL_Ca1iNV8hMiPmeZ_b9Xg==/base.apk, fd=-1
03-09 01:54:54.044   919  1177 W artd    : Could not get dex checksums for location /data/app/~~Da373jqV-LH-m_TB9UU-LQ==/com.google.android.gms-vL_Ca1iNV8hMiPmeZ_b9Xg==/base.apk, fd=-1
