--------- beginning of main
03-09 01:22:19.447 32203 32203 I KeyboardWrapper: KeyboardWrapper.activateKeyboard():582 activateKeyboard(): type=accessory, status=INACTIVE, imeDef=noh{stringId=password, language=und-Latn-x-password, languageTag=und-Latn-x-password, processedConditions={writing_helper_enable_by_word_revert=false, variant=qwerty, true=true, language=en-US, enable_number_row=true, device=phone, enable_number_row_in_password=true, enable_pk_simulator=false}, className=com.google.android.libraries.inputmethod.ime.password.PasswordIme, label=2132019347, keyEventInterpreter=null, inlineComposing=true, autoCapital=true, announceAutoSelectedCandidate=true, statusIcon=0, indicatorIcon=0, indicatorLabel=null, displayAppCompletions=false, extraValues=noa{}, processors=nqa@7c7a982, unacceptableMetaKeys=4098, languageSpecificSettings=0, asciiCapable=false, alwaysShowSuggestions=false, useAsciiPasswordKeyboard=false, keyboardGroupDef=npj@234f893, phenotypeFlagId=0, localizationLanguageTag=null, supportsInlineSuggestion=false}
03-09 01:22:19.447 32203 32203 I KeyboardManager: KeyboardManager.requestKeyboard():249 Creating keyboard accessory, imeId=password, cacheKey=theme,!gsf,!pgsans,!pgsf,!use_system_font,BORDER,FLAVOR_DPI=XXHDPI,IS_LIGHT,KEYBOARD_WIDTH_CATEGORY=NORMAL,KEY_BORDER_SHAPE=1,LIGHT_THEME=true,PHYSICAL_DIAGONAL=6.1297245,POPUP,SCREEN_SHORTEST_WIDTH=411,SCREEN_SHORTEST_WIDTH_NO_SCALE=411,SW400DP,XXHDPI,bottom4dp,enable_popup_on_keypress=true,keyboard_redesign_google_sans=true,non_linear_scale,noshadow,overlay_builtin_dynamic_color_light_base.binarypb:gm3-light-fffaf8ff-ff495d92-d80dec30f0fb7f05984687320dd7999c,silkpopup
03-09 01:22:19.448 32203 32203 I KeyboardWrapper: KeyboardWrapper.onKeyboardReady():224 onKeyboardReady(): type=accessory(accessory), kb=com.google.android.libraries.inputmethod.keyboard.impl.Keyboard@ebe60d2
03-09 01:22:19.448 32203 32203 I KeyboardWrapper: KeyboardWrapper.doActivateKeyboard():612 doActivateKeyboard(): accessory
03-09 01:22:19.448 32203 32203 W Keyboard: Keyboard.getKeyboardViewHelper():604 null helper is returned: keyboardDef=npc{processedConditions={}, globalConditions={}, className=com.google.android.libraries.inputmethod.keyboard.impl.Keyboard, resourceIds=[#0x7f17004e], initialStates=0, keyboardViewDefs=[], persistentStates=0, persistentStatesPrefKey=null, popupBubbleLayoutId=#0x0, recentKeyLayoutId=#0x0, recentKeyPopupLayoutId=#0x0, recentKeyType=null, rememberRecentKey=NONE, sessionStates=0}, type=HEADER, helpersCreated={}, context.getResources().getConfiguration(): {1.0 310mcc260mnc [en_US] ldltr sw411dp w411dp h914dp 420dpi nrml long port finger qwerty/v/v dpad/v winConfig={ mBounds=Rect(0, 0 - 1080, 2400) mAppBounds=Rect(0, 0 - 1080, 2400) mMaxBounds=Rect(0, 0 - 1080, 2400) mDisplayRotation=ROTATION_0 mWindowingMode=fullscreen mActivityType=undefined mAlwaysOnTop=undefined mRotation=ROTATION_0} as.2 s.25 fontWeightAdjustment=0}
03-09 01:22:19.448 32203 32203 W Keyboard: Keyboard.getKeyboardViewHelper():604 null helper is returned: keyboardDef=npc{processedConditions={}, globalConditions={}, className=com.google.android.libraries.inputmethod.keyboard.impl.Keyboard, resourceIds=[#0x7f17004e], initialStates=0, keyboardViewDefs=[], persistentStates=0, persistentStatesPrefKey=null, popupBubbleLayoutId=#0x0, recentKeyLayoutId=#0x0, recentKeyPopupLayoutId=#0x0, recentKeyType=null, rememberRecentKey=NONE, sessionStates=0}, type=BODY, helpersCreated={}, context.getResources().getConfiguration(): {1.0 310mcc260mnc [en_US] ldltr sw411dp w411dp h914dp 420dpi nrml long port finger qwerty/v/v dpad/v winConfig={ mBounds=Rect(0, 0 - 1080, 2400) mAppBounds=Rect(0, 0 - 1080, 2400) mMaxBounds=Rect(0, 0 - 1080, 2400) mDisplayRotation=ROTATION_0 mWindowingMode=fullscreen mActivityType=undefined mAlwaysOnTop=undefined mRotation=ROTATION_0} as.2 s.25 fontWeightAdjustment=0}
03-09 01:22:19.448 32203 32203 I GlobeKeyExtension: GlobeKeyExtension.getKeyboardInitialStates():185 
03-09 01:22:19.449 32203 32203 W Keyboard: Keyboard.getKeyboardViewHelper():604 null helper is returned: keyboardDef=npc{processedConditions={}, globalConditions={}, className=com.google.android.libraries.inputmethod.keyboard.impl.Keyboard, resourceIds=[#0x7f17004e], initialStates=0, keyboardViewDefs=[], persistentStates=0, persistentStatesPrefKey=null, popupBubbleLayoutId=#0x0, recentKeyLayoutId=#0x0, recentKeyPopupLayoutId=#0x0, recentKeyType=null, rememberRecentKey=NONE, sessionStates=0}, type=HEADER, helpersCreated={}, context.getResources().getConfiguration(): {1.0 310mcc260mnc [en_US] ldltr sw411dp w411dp h914dp 420dpi nrml long port finger qwerty/v/v dpad/v winConfig={ mBounds=Rect(0, 0 - 1080, 2400) mAppBounds=Rect(0, 0 - 1080, 2400) mMaxBounds=Rect(0, 0 - 1080, 2400) mDisplayRotation=ROTATION_0 mWindowingMode=fullscreen mActivityType=undefined mAlwaysOnTop=undefined mRotation=ROTATION_0} as.2 s.25 fontWeightAdjustment=0}
03-09 01:22:19.449 32203 32203 W Keyboard: Keyboard.getKeyboardViewHelper():604 null helper is returned: keyboardDef=npc{processedConditions={}, globalConditions={}, className=com.google.android.libraries.inputmethod.keyboard.impl.Keyboard, resourceIds=[#0x7f17004e], initialStates=0, keyboardViewDefs=[], persistentStates=0, persistentStatesPrefKey=null, popupBubbleLayoutId=#0x0, recentKeyLayoutId=#0x0, recentKeyPopupLayoutId=#0x0, recentKeyType=null, rememberRecentKey=NONE, sessionStates=0}, type=BODY, helpersCreated={}, context.getResources().getConfiguration(): {1.0 310mcc260mnc [en_US] ldltr sw411dp w411dp h914dp 420dpi nrml long port finger qwerty/v/v dpad/v winConfig={ mBounds=Rect(0, 0 - 1080, 2400) mAppBounds=Rect(0, 0 - 1080, 2400) mMaxBounds=Rect(0, 0 - 1080, 2400) mDisplayRotation=ROTATION_0 mWindowingMode=fullscreen mActivityType=undefined mAlwaysOnTop=undefined mRotation=ROTATION_0} as.2 s.25 fontWeightAdjustment=0}
03-09 01:22:19.449 32203 32203 W Keyboard: Keyboard.getKeyboardViewHelper():604 null helper is returned: keyboardDef=npc{processedConditions={}, globalConditions={}, className=com.google.android.libraries.inputmethod.keyboard.impl.Keyboard, resourceIds=[#0x7f17004e], initialStates=0, keyboardViewDefs=[], persistentStates=0, persistentStatesPrefKey=null, popupBubbleLayoutId=#0x0, recentKeyLayoutId=#0x0, recentKeyPopupLayoutId=#0x0, recentKeyType=null, rememberRecentKey=NONE, sessionStates=0}, type=FLOATING_CANDIDATES, helpersCreated={}, context.getResources().getConfiguration(): {1.0 310mcc260mnc [en_US] ldltr sw411dp w411dp h914dp 420dpi nrml long port finger qwerty/v/v dpad/v winConfig={ mBounds=Rect(0, 0 - 1080, 2400) mAppBounds=Rect(0, 0 - 1080, 2400) mMaxBounds=Rect(0, 0 - 1080, 2400) mDisplayRotation=ROTATION_0 mWindowingMode=fullscreen mActivityType=undefined mAlwaysOnTop=undefined mRotation=ROTATION_0} as.2 s.25 fontWeightAdjustment=0}
03-09 01:22:19.449 32203 32203 W Keyboard: Keyboard.getKeyboardViewHelper():604 null helper is returned: keyboardDef=npc{processedConditions={}, globalConditions={}, className=com.google.android.libraries.inputmethod.keyboard.impl.Keyboard, resourceIds=[#0x7f17004e], initialStates=0, keyboardViewDefs=[], persistentStates=0, persistentStatesPrefKey=null, popupBubbleLayoutId=#0x0, recentKeyLayoutId=#0x0, recentKeyPopupLayoutId=#0x0, recentKeyType=null, rememberRecentKey=NONE, sessionStates=0}, type=WIDGET, helpersCreated={}, context.getResources().getConfiguration(): {1.0 310mcc260mnc [en_US] ldltr sw411dp w411dp h914dp 420dpi nrml long port finger qwerty/v/v dpad/v winConfig={ mBounds=Rect(0, 0 - 1080, 2400) mAppBounds=Rect(0, 0 - 1080, 2400) mMaxBounds=Rect(0, 0 - 1080, 2400) mDisplayRotation=ROTATION_0 mWindowingMode=fullscreen mActivityType=undefined mAlwaysOnTop=undefined mRotation=ROTATION_0} as.2 s.25 fontWeightAdjustment=0}
03-09 01:22:19.449 32203 32203 I KeyboardManager: KeyboardManager.requestKeyboard():249 Creating keyboard accessory_candidates_consumer, imeId=password, cacheKey=theme,!gsf,!pgsans,!pgsf,!use_system_font,BORDER,FLAVOR_DPI=XXHDPI,IS_LIGHT,KEYBOARD_WIDTH_CATEGORY=NORMAL,KEY_BORDER_SHAPE=1,LIGHT_THEME=true,PHYSICAL_DIAGONAL=6.1297245,POPUP,SCREEN_SHORTEST_WIDTH=411,SCREEN_SHORTEST_WIDTH_NO_SCALE=411,SW400DP,XXHDPI,bottom4dp,enable_popup_on_keypress=true,keyboard_redesign_google_sans=true,non_linear_scale,noshadow,overlay_builtin_dynamic_color_light_base.binarypb:gm3-light-fffaf8ff-ff495d92-d80dec30f0fb7f05984687320dd7999c,silkpopup
03-09 01:22:19.449 32203 32203 I GlobeKeyExtension: GlobeKeyExtension.getKeyboardInitialStates():185 
03-09 01:22:19.450 32203 32203 W Keyboard: Keyboard.getKeyboardViewHelper():604 null helper is returned: keyboardDef=npc{processedConditions={}, globalConditions={global_theme_key=theme,!gsf,!pgsans,!pgsf,!use_system_font,BORDER,FLAVOR_DPI=XXHDPI,IS_LIGHT,KEYBOARD_WIDTH_CATEGORY=NORMAL,KEY_BORDER_SHAPE=1,LIGHT_THEME=true,PHYSICAL_DIAGONAL=6.1297245,POPUP,SCREEN_SHORTEST_WIDTH=411,SCREEN_SHORTEST_WIDTH_NO_SCALE=411,SW400DP,XXHDPI,bottom4dp,enable_popup_on_keypress=true,keyboard_redesign_google_sans=true,non_linear_scale,noshadow,overlay_builtin_dynamic_color_light_base.binarypb:gm3-light-fffaf8ff-ff495d92-d80dec30f0fb7f05984687320dd7999c,silkpopup, global_locale=en_US, global_density_dpi=420, global_orientation=1}, className=.latin.keyboard.AccessoryKeyboard, resourceIds=[#0x7f17004d], initialStates=0, keyboardViewDefs=[npr{direction=null, id=#0x7f0b0226, isScalable=false, layoutId=#0x7f0e0031, type=FLOATING_CANDIDATES, touchable=true, defaultShow=false}], persistentStates=0, persistentStatesPrefKey=null, popupBubbleLayoutId=#0x7f0e0606, recentKeyLayoutId=#0x0, recentKeyPopupLayoutId=#0x0, recentKeyType=null, rememberRecentKey=NONE, sessionStates=0}, type=HEADER, helpersCreated={FLOATING_CANDIDATES=nal@3144165}, context.getResources().getConfiguration(): {1.0 310mcc260mnc [en_US] ldltr sw411dp w411dp h914dp 420dpi nrml long port finger qwerty/v/v dpad/v winConfig={ mBounds=Rect(0, 0 - 1080, 2400) mAppBounds=Rect(0, 0 - 1080, 2400) mMaxBounds=Rect(0, 0 - 1080, 2400) mDisplayRotation=ROTATION_0 mWindowingMode=fullscreen mActivityType=undefined mAlwaysOnTop=undefined mRotation=ROTATION_0} as.2 s.25 fontWeightAdjustment=0}
03-09 01:22:19.451 32203 32203 W Keyboard: Keyboard.getKeyboardViewHelper():604 null helper is returned: keyboardDef=npc{processedConditions={}, globalConditions={global_theme_key=theme,!gsf,!pgsans,!pgsf,!use_system_font,BORDER,FLAVOR_DPI=XXHDPI,IS_LIGHT,KEYBOARD_WIDTH_CATEGORY=NORMAL,KEY_BORDER_SHAPE=1,LIGHT_THEME=true,PHYSICAL_DIAGONAL=6.1297245,POPUP,SCREEN_SHORTEST_WIDTH=411,SCREEN_SHORTEST_WIDTH_NO_SCALE=411,SW400DP,XXHDPI,bottom4dp,enable_popup_on_keypress=true,keyboard_redesign_google_sans=true,non_linear_scale,noshadow,overlay_builtin_dynamic_color_light_base.binarypb:gm3-light-fffaf8ff-ff495d92-d80dec30f0fb7f05984687320dd7999c,silkpopup, global_locale=en_US, global_density_dpi=420, global_orientation=1}, className=.latin.keyboard.AccessoryKeyboard, resourceIds=[#0x7f17004d], initialStates=0, keyboardViewDefs=[npr{direction=null, id=#0x7f0b0226, isScalable=false, layoutId=#0x7f0e0031, type=FLOATING_CANDIDATES, touchable=true, defaultShow=false}], persistentStates=0, persistentStatesPrefKey=null, popupBubbleLayoutId=#0x7f0e0606, recentKeyLayoutId=#0x0, recentKeyPopupLayoutId=#0x0, recentKeyType=null, rememberRecentKey=NONE, sessionStates=0}, type=BODY, helpersCreated={FLOATING_CANDIDATES=nal@3144165}, context.getResources().getConfiguration(): {1.0 310mcc260mnc [en_US] ldltr sw411dp w411dp h914dp 420dpi nrml long port finger qwerty/v/v dpad/v winConfig={ mBounds=Rect(0, 0 - 1080, 2400) mAppBounds=Rect(0, 0 - 1080, 2400) mMaxBounds=Rect(0, 0 - 1080, 2400) mDisplayRotation=ROTATION_0 mWindowingMode=fullscreen mActivityType=undefined mAlwaysOnTop=undefined mRotation=ROTATION_0} as.2 s.25 fontWeightAdjustment=0}
03-09 01:22:19.453 32203 32203 I AndroidIME: InputBundleManager.startInput():361 startInput() with npn[keyboardType=accessory, payload=null]
03-09 01:22:19.454 32203 32203 W ExtensionWrapper: ExtensionWrapper.setAllowUpdateNavigationBarStyle():885 class kmw is not activate
03-09 01:22:19.459 32203 32203 W ExtensionWrapper: ExtensionWrapper.setAllowUpdateNavigationBarStyle():885 class kmw is not activate
03-09 01:22:19.460 32203 32203 I GlobeKeyExtension: GlobeKeyExtension.onDeactivate():153 
03-09 01:22:19.461 32203 32203 I VoiceInputManagerWrapper: VoiceInputManagerWrapper.shutdown():131 shutdown()
03-09 01:22:19.461 32203 32203 I PkModeUpdater: PkModeUpdater.onActivate():74 onActivate true true
03-09 01:22:19.461 32203 32203 I AccessoryInputModeManager: AccessoryInputModeManager.onModeStarted():324 Accessory input mode started: STYLUS
03-09 01:22:19.461 32203 32203 W ExtensionWrapper: ExtensionWrapper.setAllowUpdateNavigationBarStyle():885 class kmw is not activate
03-09 01:22:19.462 32203 32203 I WidgetViewShowingController: WidgetViewShowingController.showWidgetKeyboardInternal():532 Show companion widget
03-09 01:22:19.469 32203 32203 W ExtensionWrapper: ExtensionWrapper.setAllowUpdateNavigationBarStyle():885 class kmw is not activate
03-09 01:22:19.469 32203 32203 I WidgetViewShowingPositionHandler: WidgetViewShowingPositionHandler.updateAvailableArea():199 update available area Rect(21, 84 - 1059, 2333)
03-09 01:22:19.471 32203 32203 I GlobeKeyExtension: GlobeKeyExtension.onActivate():129 
03-09 01:22:19.472 32203 32203 I KeyboardModeUtils: KeyboardModeUtils.getKeyboardBottomOffset():435 inch: 0.000000 ydpi: 420.000000 adjustKeyboardBottomByDisplaySize: false currentDensityDpi: 420 defaultDensityDpi: 420 keyboardBottomToScreenPx: 0 keyboardBottomToNavBarPx: -63 navBarHeight: 63
03-09 01:22:19.473 32203 32203 I BaseKeyboardSizeHelper: BaseKeyboardSizeHelper.calculateMaxKeyboardBodyHeight():73 leave 281 height for app when ime window height:2274, header height:116 and isFullscreenMode:false, so the max keyboard body height is:1877
03-09 01:22:19.474 32203 32203 I BaseKeyboardSizeHelper: BaseKeyboardSizeHelper.calculateMaxKeyboardBodyHeight():73 leave 281 height for app when ime window height:2274, header height:116 and isFullscreenMode:false, so the max keyboard body height is:1877
03-09 01:22:19.474 32203 32203 I BaseKeyboardSizeHelper: BaseKeyboardSizeHelper.calculateMaxKeyboardBodyHeight():73 leave 281 height for app when ime window height:2274, header height:116 and isFullscreenMode:false, so the max keyboard body height is:1877
03-09 01:22:19.475 32203 32203 I BaseKeyboardSizeHelper: BaseKeyboardSizeHelper.calculateMaxKeyboardBodyHeight():73 leave 281 height for app when ime window height:2274, header height:116 and isFullscreenMode:false, so the max keyboard body height is:1877
03-09 01:22:19.475 32203 32203 W ExtensionWrapper: ExtensionWrapper.setExtensionViewVisibility():876 interface ndx is not activate
03-09 01:22:19.475 32203 32203 I NewLanguagePromptExtension: NewLanguagePromptExtension.onActivate():189 Not activated NewLanguagePromptExtension: not a normal text input box.
03-09 01:22:19.475 32203 32203 I VoiceInputManagerWrapper: VoiceInputManagerWrapper.cancelShutdown():109 cancelShutdown()
03-09 01:22:19.475 32203 32203 I VoiceInputManagerWrapper: VoiceInputManagerWrapper.syncLanguagePacks():121 syncLanguagePacks()
03-09 01:22:19.476 32203 32203 I VoiceInputManager: VoiceInputManager.onKeyboardActivated():1216 onKeyboardActivated() [UD]
03-09 01:22:19.476 32203  3654 I SpeechFactory: SpeechRecognitionFactory.maybeScheduleAutoPackDownloadForFallback():217 maybeScheduleAutoPackDownloadForFallback()
03-09 01:22:19.476 32203  3654 I FallbackOnDeviceRecognitionProvider: FallbackOnDeviceRecognitionProvider.maybeScheduleAutoPackDownload():213 maybeScheduleAutoPackDownload() for language tag en-US
03-09 01:22:19.476 32203 32203 I HardKeyTracker: HardKeyTracker.unregisterKeySequence():229 Unregister key sequence omh{labelResId=2132020514, callback=cts@a150e37, lastModifier=2, keyCodes=[56], actions=[0]}
03-09 01:22:19.476 32203 32203 I HardKeyTracker: HardKeyTracker.unregisterKeySequence():229 Unregister key sequence omh{labelResId=2132020514, callback=cts@ad5ffa4, lastModifier=0, keyCodes=[317], actions=[0]}
03-09 01:22:19.476 32203 32203 I HardKeyTracker: HardKeyTracker.registerKeySequence():178 Register key sequence omh{labelResId=2132020514, callback=cts@59800ec, lastModifier=2, keyCodes=[56], actions=[0]}
03-09 01:22:19.476 32203 32203 I HardKeyTracker: HardKeyTracker.registerKeySequence():178 Register key sequence omh{labelResId=2132020514, callback=cts@4887cb5, lastModifier=0, keyCodes=[317], actions=[0]}
03-09 01:22:19.477 32203 32203 W AccessPointsManager: AccessPointsManager.addAccessPoint():1092 The holder controller #0x7f0b2471 is not registered
03-09 01:22:19.477 32203 32203 I Module  : DeviceLockedStatusModuleProvider$Module.updateDeviceLockedStatus():103 repeatCheckTimes = 1, locked = false
03-09 01:22:19.478 32203 32203 I HardKeyTracker: HardKeyTracker.unregisterKeySequence():229 Unregister key sequence omh{labelResId=2132020514, callback=cts@e457210, lastModifier=2, keyCodes=[56], actions=[0]}
03-09 01:22:19.478 32203 32203 I HardKeyTracker: HardKeyTracker.unregisterKeySequence():229 Unregister key sequence omh{labelResId=2132020514, callback=cts@4b2a109, lastModifier=0, keyCodes=[317], actions=[0]}
03-09 01:22:19.478 32203 32203 I HardKeyTracker: HardKeyTracker.registerKeySequence():178 Register key sequence omh{labelResId=2132020514, callback=cts@a183616, lastModifier=2, keyCodes=[56], actions=[0]}
03-09 01:22:19.478 32203 32203 I HardKeyTracker: HardKeyTracker.registerKeySequence():178 Register key sequence omh{labelResId=2132020514, callback=cts@7cdeb97, lastModifier=0, keyCodes=[317], actions=[0]}
03-09 01:22:19.478 32203 32203 I VoiceImeExtension: VoiceImeExtension.shouldStartVoiceInputAutomaticallyInCurrentInputBox():384 No private IME option set to start voice input.
03-09 01:22:19.479 32203  8734 I SystemHapticSettings: SystemHapticSettings.updateSystemVibrationState():61 update vibration state: true
03-09 01:22:19.481 32203 32203 I GoogleInputMethodService: GoogleInputMethodService$1.onKeyboardViewShown():331 onKeyboardViewShown: keyboardType=accessory, keyboardViewType=HEADER keyboardView=null
--------- beginning of system
03-09 01:22:19.481   716  1271 D BackgroundInstallControlService: Package event received: 0
03-09 01:22:19.482 32203 32203 W Keyboard: Keyboard.getKeyboardViewHelper():604 null helper is returned: keyboardDef=npc{processedConditions={}, globalConditions={}, className=com.google.android.libraries.inputmethod.keyboard.impl.Keyboard, resourceIds=[#0x7f17004e], initialStates=0, keyboardViewDefs=[], persistentStates=0, persistentStatesPrefKey=null, popupBubbleLayoutId=#0x0, recentKeyLayoutId=#0x0, recentKeyPopupLayoutId=#0x0, recentKeyType=null, rememberRecentKey=NONE, sessionStates=0}, type=BODY, helpersCreated={}, context.getResources().getConfiguration(): {1.0 310mcc260mnc [en_US] ldltr sw411dp w411dp h914dp 420dpi nrml long port finger qwerty/v/v dpad/v winConfig={ mBounds=Rect(0, 0 - 1080, 2400) mAppBounds=Rect(0, 0 - 1080, 2400) mMaxBounds=Rect(0, 0 - 1080, 2400) mDisplayRotation=ROTATION_0 mWindowingMode=fullscreen mActivityType=undefined mAlwaysOnTop=undefined mRotation=ROTATION_0} as.2 s.25 fontWeightAdjustment=0}
03-09 01:22:19.482 32203 32203 I GoogleInputMethodService: GoogleInputMethodService$1.onKeyboardViewShown():331 onKeyboardViewShown: keyboardType=accessory, keyboardViewType=BODY keyboardView=null
03-09 01:22:19.482 32203 32203 W Keyboard: Keyboard.getKeyboardViewHelper():604 null helper is returned: keyboardDef=npc{processedConditions={}, globalConditions={}, className=com.google.android.libraries.inputmethod.keyboard.impl.Keyboard, resourceIds=[#0x7f17004e], initialStates=0, keyboardViewDefs=[], persistentStates=0, persistentStatesPrefKey=null, popupBubbleLayoutId=#0x0, recentKeyLayoutId=#0x0, recentKeyPopupLayoutId=#0x0, recentKeyType=null, rememberRecentKey=NONE, sessionStates=0}, type=BODY, helpersCreated={}, context.getResources().getConfiguration(): {1.0 310mcc260mnc [en_US] ldltr sw411dp w411dp h914dp 420dpi nrml long port finger qwerty/v/v dpad/v winConfig={ mBounds=Rect(0, 0 - 1080, 2400) mAppBounds=Rect(0, 0 - 1080, 2400) mMaxBounds=Rect(0, 0 - 1080, 2400) mDisplayRotation=ROTATION_0 mWindowingMode=fullscreen mActivityType=undefined mAlwaysOnTop=undefined mRotation=ROTATION_0} as.2 s.25 fontWeightAdjustment=0}
03-09 01:22:19.511   716  2331 D ActivityManager: sync unfroze 3025 com.google.android.gms for 6
03-09 01:22:19.512   716  1271 D BackgroundInstallControlService: Package event received: 0
03-09 01:22:19.514   716  2331 D ActivityManager: sync unfroze 3044 com.google.android.adservices.api for 6
03-09 01:22:19.518   716  1271 D BackgroundInstallControlService: Package event received: 0
03-09 01:22:19.531  3025  3025 D BoundBrokerSvc: onBind: Intent { act=com.google.firebase.dynamiclinks.service.START xflg=0x4 pkg=com.google.android.gms }
03-09 01:22:19.531  3025  3025 D BoundBrokerSvc: Loading bound service for intent: Intent { act=com.google.firebase.dynamiclinks.service.START xflg=0x4 pkg=com.google.android.gms }
03-09 01:22:19.540   716  2329 W ProcessStats: Tracking association SourceState{f0bb7e5 com.google.android.gms/10147 BFgs #43336} whose proc state 4 is better than process ProcessState{7e24cf4 com.google.android.adservices.api/10199 pkg=com.google.android.adservices.api} proc state 14 (6 skipped)
03-09 01:22:19.635   716  2331 I ImeTracker: system_server:a59c6009: onRequestHide at ORIGIN_SERVER reason IME_REQUESTED_CHANGED_LISTENER fromUser false
03-09 01:22:19.642  1324  1393 D WindowManagerShell: onKeepClearAreasChanged: restricted={}, unrestricted={}
03-09 01:22:19.644   716  3512 D ImeInsetsSourceProvider: showImePostLayout aborted, isScheduledAndReadyToShowIme: false, mImeRequester: null, serverVisible: true, frozen: false, mWindowContainer is: non-null, windowState: Window{8cba396 u0 InputMethod}, isDrawn: true, mGivenInsetsPending: false, dcTarget: Window{aed239a u0 com.example.chatapp/com.example.chatapp.MainActivity}, controlTarget: Window{aed239a u0 com.example.chatapp/com.example.chatapp.MainActivity}
03-09 01:22:19.644 32203 32203 I GoogleInputMethodService: GoogleInputMethodService.onFinishInputView():1601 onFinishInputView(false)
03-09 01:22:19.644   716  3512 I ImeTracker: com.example.chatapp:347b64ff: setFinished on previously finished token at PHASE_WM_ABORT_SHOW_IME_POST_LAYOUT with STATUS_FAIL
03-09 01:22:19.644   716  3512 I ImeTracker: com.example.chatapp:347b64ff: onFailed at PHASE_WM_ABORT_SHOW_IME_POST_LAYOUT
03-09 01:22:19.644 32203 32203 W ExtensionWrapper: ExtensionWrapper.setAllowUpdateNavigationBarStyle():885 class kmw is not activate
03-09 01:22:19.645 32203 32203 W ExtensionWrapper: ExtensionWrapper.setAllowUpdateNavigationBarStyle():885 class kmw is not activate
03-09 01:22:19.646 32203 32203 I GlobeKeyExtension: GlobeKeyExtension.onDeactivate():153 
03-09 01:22:19.646 32203 32203 W TooltipLifecycleManager: TooltipLifecycleManager.dismissTooltips():153 Tooltip with id spell_check_add_to_dictionary not found in tooltipManager.
03-09 01:22:19.646 32203 32203 I VoiceInputManagerWrapper: VoiceInputManagerWrapper.shutdown():131 shutdown()
03-09 01:22:19.647 32203 32203 I AndroidIME: AbstractIme.onDeactivate():213 PasswordIme.onDeactivate()
03-09 01:22:19.654 32203 32203 I PrimesLoggerHolder: FrameMetricServiceImpl.stopAsFuture():239 Measurement not found: OnConfigurationChanged
03-09 01:22:19.654 32203 32203 I ImeTracker: system_server:a59c6009: onHidden
03-09 01:22:19.667   716   753 I ImeTracker: system_server:77c1ea51: onRequestShow at ORIGIN_SERVER reason CONTROLS_CHANGED fromUser false
03-09 01:22:19.669  9168  9168 I ImeTracker: system_server:77c1ea51: onCancelled at PHASE_CLIENT_ON_CONTROLS_CHANGED
03-09 01:22:20.178   716  2925 I ImeTracker: system_server:89098b67: onRequestHide at ORIGIN_SERVER reason IME_REQUESTED_CHANGED_LISTENER fromUser false
03-09 01:22:20.179   716   752 I ImeTracker: system_server:89098b67: onCancelled at PHASE_SERVER_SHOULD_HIDE
03-09 01:22:21.750   716  2329 D CoreBackPreview: Window{aed239a u0 com.example.chatapp/com.example.chatapp.MainActivity}: Setting back callback OnBackInvokedCallbackInfo{mCallback=android.window.IOnBackInvokedCallback$Stub$Proxy@86571e8, mPriority=0, mIsAnimationCallback=true, mOverrideBehavior=0}
03-09 01:22:21.855   716  1217 D ConnectivityService: NetReassign [no changes] [c 0] [a 0] [i 1]
03-09 01:22:22.110  9351  9351 W dumpsys : Thread Pool max thread count is 0. Cannot cache binder as linkToDeath cannot be implemented. serviceName: package
03-09 01:22:22.257   919  1177 I artd    : GetBestInfo: odex next to the dex file (/data/app/~~yEW5pWbYu2w5n5JzdwoGcg==/com.google.android.gms-gFlHq_U2kQ3iP-7gMcMp7w==/oat/x86_64/base.odex) is kOatUpToDate with filter 'speed-profile' executable 'false'
03-09 01:22:22.263   919  1177 I artd    : GetBestInfo: odex next to the dex file (/data/app/~~yEW5pWbYu2w5n5JzdwoGcg==/com.google.android.gms-gFlHq_U2kQ3iP-7gMcMp7w==/oat/x86_64/split_AdsDynamite_installtime.odex) is kOatUpToDate with filter 'speed' executable 'false'
03-09 01:22:22.265   919   941 I artd    : GetBestInfo: odex next to the dex file (/data/app/~~yEW5pWbYu2w5n5JzdwoGcg==/com.google.android.gms-gFlHq_U2kQ3iP-7gMcMp7w==/oat/x86_64/split_CronetDynamite_installtime.odex) is kOatUpToDate with filter 'speed-profile' executable 'false'
03-09 01:22:22.270   919   941 I artd    : GetBestInfo: odex next to the dex file (/data/app/~~yEW5pWbYu2w5n5JzdwoGcg==/com.google.android.gms-gFlHq_U2kQ3iP-7gMcMp7w==/oat/x86_64/split_DynamiteLoader_installtime.odex) is kOatUpToDate with filter 'speed' executable 'false'
03-09 01:22:22.275   919   941 I artd    : GetBestInfo: odex next to the dex file (/data/app/~~yEW5pWbYu2w5n5JzdwoGcg==/com.google.android.gms-gFlHq_U2kQ3iP-7gMcMp7w==/oat/x86_64/split_DynamiteModulesA_installtime.odex) is kOatUpToDate with filter 'speed' executable 'false'
03-09 01:22:22.277   919   941 I artd    : GetBestInfo: odex next to the dex file (/data/app/~~yEW5pWbYu2w5n5JzdwoGcg==/com.google.android.gms-gFlHq_U2kQ3iP-7gMcMp7w==/oat/x86_64/split_DynamiteModulesC_installtime.odex) is kOatUpToDate with filter 'speed' executable 'false'
03-09 01:22:22.278   919   941 I artd    : GetBestInfo: odex next to the dex file (/data/app/~~yEW5pWbYu2w5n5JzdwoGcg==/com.google.android.gms-gFlHq_U2kQ3iP-7gMcMp7w==/oat/x86_64/split_GoogleCertificates_installtime.odex) is kOatUpToDate with filter 'speed' executable 'false'
03-09 01:22:22.279   919   941 I artd    : GetBestInfo: odex next to the dex file (/data/app/~~yEW5pWbYu2w5n5JzdwoGcg==/com.google.android.gms-gFlHq_U2kQ3iP-7gMcMp7w==/oat/x86_64/split_MapsDynamite_installtime.odex) is kOatUpToDate with filter 'speed' executable 'false'
03-09 01:22:22.280   919   941 I artd    : GetBestInfo: odex next to the dex file (/data/app/~~yEW5pWbYu2w5n5JzdwoGcg==/com.google.android.gms-gFlHq_U2kQ3iP-7gMcMp7w==/oat/x86_64/split_MeasurementDynamite_installtime.odex) is kOatUpToDate with filter 'speed' executable 'false'
03-09 01:22:22.282   919   941 I artd    : GetBestInfo: odex next to the dex file (/data/app/~~yEW5pWbYu2w5n5JzdwoGcg==/com.google.android.gms-gFlHq_U2kQ3iP-7gMcMp7w==/oat/x86_64/split_all_locale_splits.odex) is kOatUpToDate with filter 'speed' executable 'false'
03-09 01:22:22.284   919   941 I artd    : GetBestInfo: /data/app/~~yEW5pWbYu2w5n5JzdwoGcg==/com.google.android.gms-gFlHq_U2kQ3iP-7gMcMp7w==/split_maps_core_dynamite_ondemand.apk has no usable artifacts
03-09 01:22:22.285   919   941 W artd    : Could not get dex checksums for location /data/app/~~Da373jqV-LH-m_TB9UU-LQ==/com.google.android.gms-vL_Ca1iNV8hMiPmeZ_b9Xg==/base.apk, fd=-1
03-09 01:22:22.288   919   941 I artd    : GetBestInfo: /data/user_de/0/com.google.android.gms/app_chimera/m/00000009/dl-VisionOcr.optional_250834100000.apk has no usable artifacts
03-09 01:22:22.289   919   941 I artd    : GetBestInfo: /data/user_de/0/com.google.android.gms/app_chimera/m/00000001/CronetDynamite.apk has no usable artifacts
03-09 01:22:22.292   919   941 W artd    : Could not get dex checksums for location /data/app/~~Da373jqV-LH-m_TB9UU-LQ==/com.google.android.gms-vL_Ca1iNV8hMiPmeZ_b9Xg==/base.apk, fd=-1
03-09 01:22:22.293   919   941 W artd    : Could not get dex checksums for location /data/app/~~Da373jqV-LH-m_TB9UU-LQ==/com.google.android.gms-vL_Ca1iNV8hMiPmeZ_b9Xg==/base.apk, fd=-1
03-09 01:22:22.294   919   941 I artd    : GetBestInfo: /data/user_de/0/com.google.android.gms/app_chimera/m/00000002/DynamiteLoader.apk has no usable artifacts
03-09 01:22:22.295   919   941 W artd    : Could not get dex checksums for location /data/app/~~Da373jqV-LH-m_TB9UU-LQ==/com.google.android.gms-vL_Ca1iNV8hMiPmeZ_b9Xg==/base.apk, fd=-1
03-09 01:22:22.295   919   941 W artd    : Could not get dex checksums for location /data/app/~~Da373jqV-LH-m_TB9UU-LQ==/com.google.android.gms-vL_Ca1iNV8hMiPmeZ_b9Xg==/base.apk, fd=-1
03-09 01:22:22.295   919   941 I artd    : GetBestInfo: /data/user_de/0/com.google.android.gms/app_chimera/m/00000005/GoogleCertificates.apk has no usable artifacts
03-09 01:22:22.296   919  1177 W artd    : Could not get dex checksums for location /data/app/~~Da373jqV-LH-m_TB9UU-LQ==/com.google.android.gms-vL_Ca1iNV8hMiPmeZ_b9Xg==/base.apk, fd=-1
03-09 01:22:22.296   919  1177 W artd    : Could not get dex checksums for location /data/app/~~Da373jqV-LH-m_TB9UU-LQ==/com.google.android.gms-vL_Ca1iNV8hMiPmeZ_b9Xg==/base.apk, fd=-1
03-09 01:22:22.297   919  1177 W artd    : Could not get dex checksums for location /data/app/~~Da373jqV-LH-m_TB9UU-LQ==/com.google.android.gms-vL_Ca1iNV8hMiPmeZ_b9Xg==/base.apk, fd=-1
03-09 01:22:22.298   919  1177 W artd    : Could not get dex checksums for location /data/app/~~Da373jqV-LH-m_TB9UU-LQ==/com.google.android.gms-vL_Ca1iNV8hMiPmeZ_b9Xg==/base.apk, fd=-1
03-09 01:22:22.303   919  1177 W artd    : Could not get dex checksums for location /data/app/~~Da373jqV-LH-m_TB9UU-LQ==/com.google.android.gms-vL_Ca1iNV8hMiPmeZ_b9Xg==/base.apk, fd=-1
03-09 01:22:22.304   919  1177 W artd    : Could not get dex checksums for location /data/app/~~Da373jqV-LH-m_TB9UU-LQ==/com.google.android.gms-vL_Ca1iNV8hMiPmeZ_b9Xg==/base.apk, fd=-1
03-09 01:22:22.309   919  1177 I artd    : GetBestInfo: /data/user_de/0/com.google.android.gms/app_chimera/m/00000008/dl-MlkitOcrCommon.optional_250834100800.apk has no usable artifacts
03-09 01:22:22.310   919  1177 W artd    : Could not get dex checksums for location /data/app/~~6kpW9_tVLFGX9XOf0H-Vgw==/com.android.vending-SvkSTJdxogsE4a8ru2WUhw==/base.apk, fd=-1
03-09 01:22:22.575  9168  9168 D KeyManager: Derived shared secret for conversation with rx1JtOr8fhOiJgbg2fqqv6HzQT32 (isSender=true)
03-09 01:22:23.914  1508  1818 D SatelliteController: iisInCarrierRoamingNbIotNtn: satellite is disabled
03-09 01:22:23.915   716  2329 W IPCThreadState: Sending oneway calls to frozen process.
03-09 01:22:24.343  1324  1393 D ShellBackPreview: Finishing gesture with event action: 1
03-09 01:22:24.343  1324  1393 D ShellBackPreview: onGestureFinished called while no gesture is started
03-09 01:22:24.353  9168  9168 W WindowOnBackDispatcher: sendCancelIfRunning: isInProgress=false callback=androidx.navigationevent.OnBackInvokedInput$createOnBackAnimationCallback$1@24fa884
03-09 01:22:24.354   716  2329 D CoreBackPreview: Window{aed239a u0 com.example.chatapp/com.example.chatapp.MainActivity}: Setting back callback OnBackInvokedCallbackInfo{mCallback=android.window.IOnBackInvokedCallback$Stub$Proxy@d18ee98, mPriority=-1, mIsAnimationCallback=false, mOverrideBehavior=0}
03-09 01:22:27.636   716  2329 D CoreBackPreview: Window{aed239a u0 com.example.chatapp/com.example.chatapp.MainActivity}: Setting back callback OnBackInvokedCallbackInfo{mCallback=android.window.IOnBackInvokedCallback$Stub$Proxy@de016f1, mPriority=0, mIsAnimationCallback=true, mOverrideBehavior=0}
03-09 01:22:27.780   716  1217 D ConnectivityService: NetReassign [no changes] [c 0] [a 0] [i 0]
03-09 01:22:27.794  9168  9168 D KeyManager: Derived shared secret for conversation with rx1JtOr8fhOiJgbg2fqqv6HzQT32 (isSender=true)
03-09 01:22:29.431   716   900 I ImeTracker: com.example.chatapp:cfce0f0: setFinished at PHASE_CLIENT_ANIMATION_CANCEL with STATUS_TIMEOUT
03-09 01:22:29.680 32203 32244 I ProtoXDBBufferWrapper: ProtoXDBBufferWrapper.flushToStorage():158 Flushed 8 data item(s) to storage.
03-09 01:22:32.105  9357  9357 W dumpsys : Thread Pool max thread count is 0. Cannot cache binder as linkToDeath cannot be implemented. serviceName: package
03-09 01:22:32.184   919  1177 I artd    : GetBestInfo: odex next to the dex file (/data/app/~~yEW5pWbYu2w5n5JzdwoGcg==/com.google.android.gms-gFlHq_U2kQ3iP-7gMcMp7w==/oat/x86_64/base.odex) is kOatUpToDate with filter 'speed-profile' executable 'false'
03-09 01:22:32.185   919  1177 I artd    : GetBestInfo: odex next to the dex file (/data/app/~~yEW5pWbYu2w5n5JzdwoGcg==/com.google.android.gms-gFlHq_U2kQ3iP-7gMcMp7w==/oat/x86_64/split_AdsDynamite_installtime.odex) is kOatUpToDate with filter 'speed' executable 'false'
03-09 01:22:32.186   919   941 I artd    : GetBestInfo: odex next to the dex file (/data/app/~~yEW5pWbYu2w5n5JzdwoGcg==/com.google.android.gms-gFlHq_U2kQ3iP-7gMcMp7w==/oat/x86_64/split_CronetDynamite_installtime.odex) is kOatUpToDate with filter 'speed-profile' executable 'false'
03-09 01:22:32.187   919   941 I artd    : GetBestInfo: odex next to the dex file (/data/app/~~yEW5pWbYu2w5n5JzdwoGcg==/com.google.android.gms-gFlHq_U2kQ3iP-7gMcMp7w==/oat/x86_64/split_DynamiteLoader_installtime.odex) is kOatUpToDate with filter 'speed' executable 'false'
03-09 01:22:32.188   919   941 I artd    : GetBestInfo: odex next to the dex file (/data/app/~~yEW5pWbYu2w5n5JzdwoGcg==/com.google.android.gms-gFlHq_U2kQ3iP-7gMcMp7w==/oat/x86_64/split_DynamiteModulesA_installtime.odex) is kOatUpToDate with filter 'speed' executable 'false'
03-09 01:22:32.189   919  1177 I artd    : GetBestInfo: odex next to the dex file (/data/app/~~yEW5pWbYu2w5n5JzdwoGcg==/com.google.android.gms-gFlHq_U2kQ3iP-7gMcMp7w==/oat/x86_64/split_DynamiteModulesC_installtime.odex) is kOatUpToDate with filter 'speed' executable 'false'
03-09 01:22:32.190   919  1177 I artd    : GetBestInfo: odex next to the dex file (/data/app/~~yEW5pWbYu2w5n5JzdwoGcg==/com.google.android.gms-gFlHq_U2kQ3iP-7gMcMp7w==/oat/x86_64/split_GoogleCertificates_installtime.odex) is kOatUpToDate with filter 'speed' executable 'false'
03-09 01:22:32.191   919   941 I artd    : GetBestInfo: odex next to the dex file (/data/app/~~yEW5pWbYu2w5n5JzdwoGcg==/com.google.android.gms-gFlHq_U2kQ3iP-7gMcMp7w==/oat/x86_64/split_MapsDynamite_installtime.odex) is kOatUpToDate with filter 'speed' executable 'false'
03-09 01:22:32.195   919  1177 I artd    : GetBestInfo: odex next to the dex file (/data/app/~~yEW5pWbYu2w5n5JzdwoGcg==/com.google.android.gms-gFlHq_U2kQ3iP-7gMcMp7w==/oat/x86_64/split_MeasurementDynamite_installtime.odex) is kOatUpToDate with filter 'speed' executable 'false'
03-09 01:22:32.196   919  1177 I artd    : GetBestInfo: odex next to the dex file (/data/app/~~yEW5pWbYu2w5n5JzdwoGcg==/com.google.android.gms-gFlHq_U2kQ3iP-7gMcMp7w==/oat/x86_64/split_all_locale_splits.odex) is kOatUpToDate with filter 'speed' executable 'false'
03-09 01:22:32.197   919  1177 I artd    : GetBestInfo: /data/app/~~yEW5pWbYu2w5n5JzdwoGcg==/com.google.android.gms-gFlHq_U2kQ3iP-7gMcMp7w==/split_maps_core_dynamite_ondemand.apk has no usable artifacts
03-09 01:22:32.198   919  1177 W artd    : Could not get dex checksums for location /data/app/~~Da373jqV-LH-m_TB9UU-LQ==/com.google.android.gms-vL_Ca1iNV8hMiPmeZ_b9Xg==/base.apk, fd=-1
03-09 01:22:32.200   919  1177 I artd    : GetBestInfo: /data/user_de/0/com.google.android.gms/app_chimera/m/00000009/dl-VisionOcr.optional_250834100000.apk has no usable artifacts
03-09 01:22:32.201   919  1177 I artd    : GetBestInfo: /data/user_de/0/com.google.android.gms/app_chimera/m/00000001/CronetDynamite.apk has no usable artifacts
03-09 01:22:32.201   919  1177 W artd    : Could not get dex checksums for location /data/app/~~Da373jqV-LH-m_TB9UU-LQ==/com.google.android.gms-vL_Ca1iNV8hMiPmeZ_b9Xg==/base.apk, fd=-1
03-09 01:22:32.202   919  1177 W artd    : Could not get dex checksums for location /data/app/~~Da373jqV-LH-m_TB9UU-LQ==/com.google.android.gms-vL_Ca1iNV8hMiPmeZ_b9Xg==/base.apk, fd=-1
03-09 01:22:32.203   919  1177 I artd    : GetBestInfo: /data/user_de/0/com.google.android.gms/app_chimera/m/00000002/DynamiteLoader.apk has no usable artifacts
03-09 01:22:32.203   919  1177 W artd    : Could not get dex checksums for location /data/app/~~Da373jqV-LH-m_TB9UU-LQ==/com.google.android.gms-vL_Ca1iNV8hMiPmeZ_b9Xg==/base.apk, fd=-1
03-09 01:22:32.204   919  1177 W artd    : Could not get dex checksums for location /data/app/~~Da373jqV-LH-m_TB9UU-LQ==/com.google.android.gms-vL_Ca1iNV8hMiPmeZ_b9Xg==/base.apk, fd=-1
03-09 01:22:32.205   919  1177 I artd    : GetBestInfo: /data/user_de/0/com.google.android.gms/app_chimera/m/00000005/GoogleCertificates.apk has no usable artifacts
03-09 01:22:32.205   919  1177 W artd    : Could not get dex checksums for location /data/app/~~Da373jqV-LH-m_TB9UU-LQ==/com.google.android.gms-vL_Ca1iNV8hMiPmeZ_b9Xg==/base.apk, fd=-1
03-09 01:22:32.206   919  1177 W artd    : Could not get dex checksums for location /data/app/~~Da373jqV-LH-m_TB9UU-LQ==/com.google.android.gms-vL_Ca1iNV8hMiPmeZ_b9Xg==/base.apk, fd=-1
03-09 01:22:32.207   919  1177 W artd    : Could not get dex checksums for location /data/app/~~Da373jqV-LH-m_TB9UU-LQ==/com.google.android.gms-vL_Ca1iNV8hMiPmeZ_b9Xg==/base.apk, fd=-1
03-09 01:22:32.207   919  1177 W artd    : Could not get dex checksums for location /data/app/~~Da373jqV-LH-m_TB9UU-LQ==/com.google.android.gms-vL_Ca1iNV8hMiPmeZ_b9Xg==/base.apk, fd=-1
03-09 01:22:32.208   919  1177 W artd    : Could not get dex checksums for location /data/app/~~Da373jqV-LH-m_TB9UU-LQ==/com.google.android.gms-vL_Ca1iNV8hMiPmeZ_b9Xg==/base.apk, fd=-1
03-09 01:22:32.208   919  1177 W artd    : Could not get dex checksums for location /data/app/~~Da373jqV-LH-m_TB9UU-LQ==/com.google.android.gms-vL_Ca1iNV8hMiPmeZ_b9Xg==/base.apk, fd=-1
03-09 01:22:32.209   919  1177 I artd    : GetBestInfo: /data/user_de/0/com.google.android.gms/app_chimera/m/00000008/dl-MlkitOcrCommon.optional_250834100800.apk has no usable artifacts
03-09 01:22:32.210   919  1177 W artd    : Could not get dex checksums for location /data/app/~~6kpW9_tVLFGX9XOf0H-Vgw==/com.android.vending-SvkSTJdxogsE4a8ru2WUhw==/base.apk, fd=-1
03-09 01:22:33.914  1508  1818 D SatelliteController: iisInCarrierRoamingNbIotNtn: satellite is disabled
03-09 01:22:33.915   716  2925 W IPCThreadState: Sending oneway calls to frozen process.
03-09 01:22:34.598  3025  3025 D BoundBrokerSvc: onUnbind: Intent { act=com.google.firebase.dynamiclinks.service.START xflg=0x4 pkg=com.google.android.gms }
03-09 01:22:39.611   716  1217 D InetDiagMessage: Destroyed 0 sockets, proto=IPPROTO_TCP, family=AF_INET, states=14
03-09 01:22:39.611   716  1217 D InetDiagMessage: Destroyed 0 sockets, proto=IPPROTO_TCP, family=AF_INET6, states=14
03-09 01:22:39.611   716  1217 D InetDiagMessage: Destroyed live tcp sockets for uids={10199} in 1ms
03-09 01:22:39.612   716  1217 D InetDiagMessage: Destroyed 0 sockets, proto=IPPROTO_TCP, family=AF_INET, states=14
03-09 01:22:39.612   716  1217 D InetDiagMessage: Destroyed 0 sockets, proto=IPPROTO_TCP, family=AF_INET6, states=14
03-09 01:22:39.612   716  1217 D InetDiagMessage: Destroyed live tcp sockets for uids={20199} in 1ms
03-09 01:22:39.648 32203 32203 I VoiceInputManagerWrapper: VoiceInputManagerWrapper.shutdownVoiceInternal():148 shutdownVoiceInternal()
03-09 01:22:39.648 32203 32203 W NotificationCenter: NotificationCenter.unregisterListener():480 Listener iro@7eeb8ec was not registered for notification class onz
03-09 01:22:42.111  9360  9360 W dumpsys : Thread Pool max thread count is 0. Cannot cache binder as linkToDeath cannot be implemented. serviceName: package
03-09 01:22:42.211   919  1177 I artd    : GetBestInfo: odex next to the dex file (/data/app/~~yEW5pWbYu2w5n5JzdwoGcg==/com.google.android.gms-gFlHq_U2kQ3iP-7gMcMp7w==/oat/x86_64/base.odex) is kOatUpToDate with filter 'speed-profile' executable 'false'
03-09 01:22:42.213   919  1177 I artd    : GetBestInfo: odex next to the dex file (/data/app/~~yEW5pWbYu2w5n5JzdwoGcg==/com.google.android.gms-gFlHq_U2kQ3iP-7gMcMp7w==/oat/x86_64/split_AdsDynamite_installtime.odex) is kOatUpToDate with filter 'speed' executable 'false'
03-09 01:22:42.214   919  1177 I artd    : GetBestInfo: odex next to the dex file (/data/app/~~yEW5pWbYu2w5n5JzdwoGcg==/com.google.android.gms-gFlHq_U2kQ3iP-7gMcMp7w==/oat/x86_64/split_CronetDynamite_installtime.odex) is kOatUpToDate with filter 'speed-profile' executable 'false'
03-09 01:22:42.216   919  1177 I artd    : GetBestInfo: odex next to the dex file (/data/app/~~yEW5pWbYu2w5n5JzdwoGcg==/com.google.android.gms-gFlHq_U2kQ3iP-7gMcMp7w==/oat/x86_64/split_DynamiteLoader_installtime.odex) is kOatUpToDate with filter 'speed' executable 'false'
03-09 01:22:42.217   919  1177 I artd    : GetBestInfo: odex next to the dex file (/data/app/~~yEW5pWbYu2w5n5JzdwoGcg==/com.google.android.gms-gFlHq_U2kQ3iP-7gMcMp7w==/oat/x86_64/split_DynamiteModulesA_installtime.odex) is kOatUpToDate with filter 'speed' executable 'false'
03-09 01:22:42.218   919  1177 I artd    : GetBestInfo: odex next to the dex file (/data/app/~~yEW5pWbYu2w5n5JzdwoGcg==/com.google.android.gms-gFlHq_U2kQ3iP-7gMcMp7w==/oat/x86_64/split_DynamiteModulesC_installtime.odex) is kOatUpToDate with filter 'speed' executable 'false'
03-09 01:22:42.220   919  1177 I artd    : GetBestInfo: odex next to the dex file (/data/app/~~yEW5pWbYu2w5n5JzdwoGcg==/com.google.android.gms-gFlHq_U2kQ3iP-7gMcMp7w==/oat/x86_64/split_GoogleCertificates_installtime.odex) is kOatUpToDate with filter 'speed' executable 'false'
03-09 01:22:42.221   919  1177 I artd    : GetBestInfo: odex next to the dex file (/data/app/~~yEW5pWbYu2w5n5JzdwoGcg==/com.google.android.gms-gFlHq_U2kQ3iP-7gMcMp7w==/oat/x86_64/split_MapsDynamite_installtime.odex) is kOatUpToDate with filter 'speed' executable 'false'
03-09 01:22:42.222   919  1177 I artd    : GetBestInfo: odex next to the dex file (/data/app/~~yEW5pWbYu2w5n5JzdwoGcg==/com.google.android.gms-gFlHq_U2kQ3iP-7gMcMp7w==/oat/x86_64/split_MeasurementDynamite_installtime.odex) is kOatUpToDate with filter 'speed' executable 'false'
03-09 01:22:42.223   919  1177 I artd    : GetBestInfo: odex next to the dex file (/data/app/~~yEW5pWbYu2w5n5JzdwoGcg==/com.google.android.gms-gFlHq_U2kQ3iP-7gMcMp7w==/oat/x86_64/split_all_locale_splits.odex) is kOatUpToDate with filter 'speed' executable 'false'
03-09 01:22:42.224   919  1177 I artd    : GetBestInfo: /data/app/~~yEW5pWbYu2w5n5JzdwoGcg==/com.google.android.gms-gFlHq_U2kQ3iP-7gMcMp7w==/split_maps_core_dynamite_ondemand.apk has no usable artifacts
03-09 01:22:42.224   919  1177 W artd    : Could not get dex checksums for location /data/app/~~Da373jqV-LH-m_TB9UU-LQ==/com.google.android.gms-vL_Ca1iNV8hMiPmeZ_b9Xg==/base.apk, fd=-1
03-09 01:22:42.225   919  1177 I artd    : GetBestInfo: /data/user_de/0/com.google.android.gms/app_chimera/m/00000009/dl-VisionOcr.optional_250834100000.apk has no usable artifacts
03-09 01:22:42.226   919  1177 I artd    : GetBestInfo: /data/user_de/0/com.google.android.gms/app_chimera/m/00000001/CronetDynamite.apk has no usable artifacts
03-09 01:22:42.226   919  1177 W artd    : Could not get dex checksums for location /data/app/~~Da373jqV-LH-m_TB9UU-LQ==/com.google.android.gms-vL_Ca1iNV8hMiPmeZ_b9Xg==/base.apk, fd=-1
03-09 01:22:42.226   919  1177 W artd    : Could not get dex checksums for location /data/app/~~Da373jqV-LH-m_TB9UU-LQ==/com.google.android.gms-vL_Ca1iNV8hMiPmeZ_b9Xg==/base.apk, fd=-1
03-09 01:22:42.227   919  1177 I artd    : GetBestInfo: /data/user_de/0/com.google.android.gms/app_chimera/m/00000002/DynamiteLoader.apk has no usable artifacts
03-09 01:22:42.227   919  1177 W artd    : Could not get dex checksums for location /data/app/~~Da373jqV-LH-m_TB9UU-LQ==/com.google.android.gms-vL_Ca1iNV8hMiPmeZ_b9Xg==/base.apk, fd=-1
03-09 01:22:42.227   919  1177 W artd    : Could not get dex checksums for location /data/app/~~Da373jqV-LH-m_TB9UU-LQ==/com.google.android.gms-vL_Ca1iNV8hMiPmeZ_b9Xg==/base.apk, fd=-1
03-09 01:22:42.228   919  1177 I artd    : GetBestInfo: /data/user_de/0/com.google.android.gms/app_chimera/m/00000005/GoogleCertificates.apk has no usable artifacts
03-09 01:22:42.228   919  1177 W artd    : Could not get dex checksums for location /data/app/~~Da373jqV-LH-m_TB9UU-LQ==/com.google.android.gms-vL_Ca1iNV8hMiPmeZ_b9Xg==/base.apk, fd=-1
03-09 01:22:42.228   919  1177 W artd    : Could not get dex checksums for location /data/app/~~Da373jqV-LH-m_TB9UU-LQ==/com.google.android.gms-vL_Ca1iNV8hMiPmeZ_b9Xg==/base.apk, fd=-1
03-09 01:22:42.228   919  1177 W artd    : Could not get dex checksums for location /data/app/~~Da373jqV-LH-m_TB9UU-LQ==/com.google.android.gms-vL_Ca1iNV8hMiPmeZ_b9Xg==/base.apk, fd=-1
03-09 01:22:42.229   919  1177 W artd    : Could not get dex checksums for location /data/app/~~Da373jqV-LH-m_TB9UU-LQ==/com.google.android.gms-vL_Ca1iNV8hMiPmeZ_b9Xg==/base.apk, fd=-1
03-09 01:22:42.229   919  1177 W artd    : Could not get dex checksums for location /data/app/~~Da373jqV-LH-m_TB9UU-LQ==/com.google.android.gms-vL_Ca1iNV8hMiPmeZ_b9Xg==/base.apk, fd=-1
03-09 01:22:42.230   919  1177 W artd    : Could not get dex checksums for location /data/app/~~Da373jqV-LH-m_TB9UU-LQ==/com.google.android.gms-vL_Ca1iNV8hMiPmeZ_b9Xg==/base.apk, fd=-1
03-09 01:22:42.231   919  1177 I artd    : GetBestInfo: /data/user_de/0/com.google.android.gms/app_chimera/m/00000008/dl-MlkitOcrCommon.optional_250834100800.apk has no usable artifacts
03-09 01:22:42.231   919  1177 W artd    : Could not get dex checksums for location /data/app/~~6kpW9_tVLFGX9XOf0H-Vgw==/com.android.vending-SvkSTJdxogsE4a8ru2WUhw==/base.apk, fd=-1
03-09 01:22:43.914  1508  1818 D SatelliteController: iisInCarrierRoamingNbIotNtn: satellite is disabled
03-09 01:22:43.914   716  1919 W IPCThreadState: Sending oneway calls to frozen process.
03-09 01:22:44.661   716   881 D ActivityManager: freezing 3025 com.google.android.gms
03-09 01:22:44.663   716   881 D ActivityManager: freezing 3044 com.google.android.adservices.api
03-09 01:22:44.666   716  1217 D InetDiagMessage: Destroyed 0 sockets, proto=IPPROTO_TCP, family=AF_INET, states=14
03-09 01:22:44.666   716  1217 D InetDiagMessage: Destroyed 0 sockets, proto=IPPROTO_TCP, family=AF_INET6, states=14
03-09 01:22:44.667   716  1217 D InetDiagMessage: Destroyed live tcp sockets for uids={10199} in 1ms
03-09 01:22:52.152  9364  9364 W dumpsys : Thread Pool max thread count is 0. Cannot cache binder as linkToDeath cannot be implemented. serviceName: package
03-09 01:22:52.225  1649  9031 I adbd    : host-9: connection terminated: write failed
03-09 01:22:52.233  1649  1649 I adbd    : BlockingConnectionAdapter(host-9): stopping
03-09 01:22:52.234  1649  9030 I adbd    : host-9: read failed: Success
03-09 01:22:52.236  1649  1649 I adbd    : BlockingConnectionAdapter(host-9): stopped
03-09 01:22:52.242  1649  1649 I adbd    : BlockingConnectionAdapter(host-9): destructing
03-09 01:22:52.243  1649  1649 I adbd    : BlockingConnectionAdapter(host-9): already stopped
03-09 01:22:52.265   716  2925 W FastPrintWriter: Write failure
03-09 01:22:52.265   716  2925 W FastPrintWriter: java.io.IOException: write failed: EPIPE (Broken pipe)
03-09 01:22:52.265   716  2925 W FastPrintWriter: 	at libcore.io.IoBridge.write(IoBridge.java:651)
03-09 01:22:52.265   716  2925 W FastPrintWriter: 	at java.io.FileOutputStream.write(FileOutputStream.java:436)
03-09 01:22:52.265   716  2925 W FastPrintWriter: 	at com.android.internal.util.FastPrintWriter.flushBytesLocked(FastPrintWriter.java:355)
03-09 01:22:52.265   716  2925 W FastPrintWriter: 	at com.android.internal.util.FastPrintWriter.flushLocked(FastPrintWriter.java:378)
03-09 01:22:52.265   716  2925 W FastPrintWriter: 	at com.android.internal.util.FastPrintWriter.appendLocked(FastPrintWriter.java:323)
03-09 01:22:52.265   716  2925 W FastPrintWriter: 	at com.android.internal.util.FastPrintWriter.print(FastPrintWriter.java:500)
03-09 01:22:52.265   716  2925 W FastPrintWriter: 	at java.io.PrintWriter.println(PrintWriter.java:822)
03-09 01:22:52.265   716  2925 W FastPrintWriter: 	at android.util.PrintWriterPrinter.println(PrintWriterPrinter.java:39)
03-09 01:22:52.265   716  2925 W FastPrintWriter: 	at android.content.IntentFilter.dump(IntentFilter.java:2822)
03-09 01:22:52.265   716  2925 W FastPrintWriter: 	at com.android.server.IntentResolver.dumpMap(IntentResolver.java:251)
03-09 01:22:52.265   716  2925 W FastPrintWriter: 	at com.android.server.IntentResolver.dump(IntentResolver.java:305)
03-09 01:22:52.265   716  2925 W FastPrintWriter: 	at com.android.server.pm.resolution.ComponentResolverBase.dumpReceiverResolvers(ComponentResolverBase.java:339)
03-09 01:22:52.265   716  2925 W FastPrintWriter: 	at com.android.server.pm.DumpHelper.doDump(DumpHelper.java:418)
03-09 01:22:52.265   716  2925 W FastPrintWriter: 	at com.android.server.pm.PackageManagerService$IPackageManagerImpl.dump(PackageManagerService.java:6720)
03-09 01:22:52.265   716  2925 W FastPrintWriter: 	at android.os.Binder.doDump(Binder.java:1072)
03-09 01:22:52.265   716  2925 W FastPrintWriter: 	at android.os.Binder.dump(Binder.java:1062)
03-09 01:22:52.265   716  2925 W FastPrintWriter: 	at android.os.Binder.onTransact(Binder.java:932)
03-09 01:22:52.265   716  2925 W FastPrintWriter: 	at android.content.pm.IPackageManager$Stub.onTransact(IPackageManager.java:4729)
03-09 01:22:52.265   716  2925 W FastPrintWriter: 	at com.android.server.pm.PackageManagerService$IPackageManagerImpl.onTransact(PackageManagerService.java:6668)
