--------- beginning of main
03-09 01:58:47.405  4355  4390 D AudioRecordExtImpl: checkBoostPermission, audioBoostEnable is disabled
03-09 01:58:47.425  4355  4390 V ListServiceUtils: getListValueByName module:control package:audioBoostEnable cost 0us return 0
03-09 01:58:47.425  4355  4390 D AudioRecordExtImpl: checkBoostPermission, audioBoostEnable is disabled
03-09 01:58:47.445  4355  4390 V ListServiceUtils: getListValueByName module:control package:audioBoostEnable cost 1us return 0
03-09 01:58:47.445  4355  4390 D AudioRecordExtImpl: checkBoostPermission, audioBoostEnable is disabled
03-09 01:58:47.464  4355  4390 V ListServiceUtils: getListValueByName module:control package:audioBoostEnable cost 0us return 0
03-09 01:58:47.465  4355  4390 D AudioRecordExtImpl: checkBoostPermission, audioBoostEnable is disabled
03-09 01:58:47.485  4355  4390 V ListServiceUtils: getListValueByName module:control package:audioBoostEnable cost 0us return 0
03-09 01:58:47.485  4355  4390 D AudioRecordExtImpl: checkBoostPermission, audioBoostEnable is disabled
03-09 01:58:47.501   917  4395 W AudioALSACaptureDataProviderNormal: readThread, latency_in_s,0.000005,0.019717,0.003038, totalTime 0.022760 > logTimeout 0.022000 TIMEOUT!!
03-09 01:58:47.505  4355  4390 V ListServiceUtils: getListValueByName module:control package:audioBoostEnable cost 1us return 0
03-09 01:58:47.505  4355  4390 D AudioRecordExtImpl: checkBoostPermission, audioBoostEnable is disabled
03-09 01:58:47.527  4355  4390 V ListServiceUtils: getListValueByName module:control package:audioBoostEnable cost 1us return 0
03-09 01:58:47.527  4355  4390 D AudioRecordExtImpl: checkBoostPermission, audioBoostEnable is disabled
03-09 01:58:47.544  4355  4390 V ListServiceUtils: getListValueByName module:control package:audioBoostEnable cost 0us return 0
03-09 01:58:47.544  4355  4390 D AudioRecordExtImpl: checkBoostPermission, audioBoostEnable is disabled
03-09 01:58:47.564  4355  4390 V ListServiceUtils: getListValueByName module:control package:audioBoostEnable cost 0us return 0
03-09 01:58:47.564  4355  4390 D AudioRecordExtImpl: checkBoostPermission, audioBoostEnable is disabled
03-09 01:58:47.571  1388  1388 D AALLightSensor: oldLux=59 [SA:59 LA:56] newLux=59 (oriLux: 60)
03-09 01:58:47.585  4355  4390 V ListServiceUtils: getListValueByName module:control package:audioBoostEnable cost 0us return 0
03-09 01:58:47.586  4355  4390 D AudioRecordExtImpl: checkBoostPermission, audioBoostEnable is disabled
03-09 01:58:47.605  4355  4390 V ListServiceUtils: getListValueByName module:control package:audioBoostEnable cost 1us return 0
03-09 01:58:47.606  4355  4390 D AudioRecordExtImpl: checkBoostPermission, audioBoostEnable is disabled
03-09 01:58:47.625  4355  4390 V ListServiceUtils: getListValueByName module:control package:audioBoostEnable cost 1us return 0
03-09 01:58:47.625  4355  4390 D AudioRecordExtImpl: checkBoostPermission, audioBoostEnable is disabled
03-09 01:58:47.646  4355  4390 V ListServiceUtils: getListValueByName module:control package:audioBoostEnable cost 1us return 0
03-09 01:58:47.646  4355  4390 D AudioRecordExtImpl: checkBoostPermission, audioBoostEnable is disabled
03-09 01:58:47.666  4355  4390 V ListServiceUtils: getListValueByName module:control package:audioBoostEnable cost 1us return 0
03-09 01:58:47.666  4355  4390 D AudioRecordExtImpl: checkBoostPermission, audioBoostEnable is disabled
03-09 01:58:47.685  4355  4390 V ListServiceUtils: getListValueByName module:control package:audioBoostEnable cost 0us return 0
03-09 01:58:47.685  4355  4390 D AudioRecordExtImpl: checkBoostPermission, audioBoostEnable is disabled
03-09 01:58:47.705  4355  4390 V ListServiceUtils: getListValueByName module:control package:audioBoostEnable cost 0us return 0
03-09 01:58:47.705  4355  4390 D AudioRecordExtImpl: checkBoostPermission, audioBoostEnable is disabled
03-09 01:58:47.726  4355  4390 V ListServiceUtils: getListValueByName module:control package:audioBoostEnable cost 0us return 0
03-09 01:58:47.726  4355  4390 D AudioRecordExtImpl: checkBoostPermission, audioBoostEnable is disabled
03-09 01:58:47.746  4355  4390 V ListServiceUtils: getListValueByName module:control package:audioBoostEnable cost 0us return 0
03-09 01:58:47.746  4355  4390 D AudioRecordExtImpl: checkBoostPermission, audioBoostEnable is disabled
03-09 01:58:47.765  4355  4390 V ListServiceUtils: getListValueByName module:control package:audioBoostEnable cost 0us return 0
03-09 01:58:47.765  4355  4390 D AudioRecordExtImpl: checkBoostPermission, audioBoostEnable is disabled
03-09 01:58:47.784  4355  4390 V ListServiceUtils: getListValueByName module:control package:audioBoostEnable cost 0us return 0
03-09 01:58:47.784  4355  4390 D AudioRecordExtImpl: checkBoostPermission, audioBoostEnable is disabled
03-09 01:58:47.806  4355  4390 V ListServiceUtils: getListValueByName module:control package:audioBoostEnable cost 0us return 0
03-09 01:58:47.806  4355  4390 D AudioRecordExtImpl: checkBoostPermission, audioBoostEnable is disabled
03-09 01:58:47.826  4355  4390 V ListServiceUtils: getListValueByName module:control package:audioBoostEnable cost 0us return 0
03-09 01:58:47.826  4355  4390 D AudioRecordExtImpl: checkBoostPermission, audioBoostEnable is disabled
03-09 01:58:47.844  4355  4390 V ListServiceUtils: getListValueByName module:control package:audioBoostEnable cost 0us return 0
03-09 01:58:47.845  4355  4390 D AudioRecordExtImpl: checkBoostPermission, audioBoostEnable is disabled
03-09 01:58:47.866  4355  4390 V ListServiceUtils: getListValueByName module:control package:audioBoostEnable cost 0us return 0
03-09 01:58:47.866  4355  4390 D AudioRecordExtImpl: checkBoostPermission, audioBoostEnable is disabled
03-09 01:58:47.886  4355  4390 V ListServiceUtils: getListValueByName module:control package:audioBoostEnable cost 1us return 0
03-09 01:58:47.886  4355  4390 D AudioRecordExtImpl: checkBoostPermission, audioBoostEnable is disabled
03-09 01:58:47.904  4355  4390 V ListServiceUtils: getListValueByName module:control package:audioBoostEnable cost 0us return 0
03-09 01:58:47.905  4355  4390 D AudioRecordExtImpl: checkBoostPermission, audioBoostEnable is disabled
03-09 01:58:47.925  4355  4390 V ListServiceUtils: getListValueByName module:control package:audioBoostEnable cost 0us return 0
03-09 01:58:47.925  4355  4390 D AudioRecordExtImpl: checkBoostPermission, audioBoostEnable is disabled
03-09 01:58:47.946  4355  4390 V ListServiceUtils: getListValueByName module:control package:audioBoostEnable cost 1us return 0
03-09 01:58:47.946  4355  4390 D AudioRecordExtImpl: checkBoostPermission, audioBoostEnable is disabled
03-09 01:58:47.966  4355  4390 V ListServiceUtils: getListValueByName module:control package:audioBoostEnable cost 0us return 0
03-09 01:58:47.966  4355  4390 D AudioRecordExtImpl: checkBoostPermission, audioBoostEnable is disabled
03-09 01:58:47.984  4355  4390 V ListServiceUtils: getListValueByName module:control package:audioBoostEnable cost 0us return 0
03-09 01:58:47.985  4355  4390 D AudioRecordExtImpl: checkBoostPermission, audioBoostEnable is disabled
03-09 01:58:48.005  4355  4390 V ListServiceUtils: getListValueByName module:control package:audioBoostEnable cost 1us return 0
03-09 01:58:48.005  4355  4390 D AudioRecordExtImpl: checkBoostPermission, audioBoostEnable is disabled
03-09 01:58:48.009  1047  1047 I BufferQueueProducer: [com.whatsapp/com.whatsapp.Conversation#2302](this:0xb400007abfb838f8,id:-1,api:0,p:-1,c:1047) queueBuffer: fps=1.98 dur=1008.04 max=509.94 min=498.10
03-09 01:58:48.018  2568  2860 D CommonScenarios-113-10251: transportLayerQosChange TransportLayerData{link_index=34, uid=10251, uplink_srtt=48, uplink_packets=1, uplink_retrans_packets=0, uplink_retrans_rate=0, downlink_srtt=52, downlink_packets=1, downlink_retrans_packets=0, downlink_retrans_rate=0, downlink_rate=0, uplink_udp_packets=0, downlink_udp_packets=0, uplink_tcp_rate=52, uplink_udp_rate=0, downlink_tcp_rate=52, downlink_udp_rate=0}
03-09 01:58:48.018  2568  2860 D CommonScenarios-113-10251: ActiveState process message 2
03-09 01:58:48.018  2568  2860 D CommonScenarios-113-10251: ActiveState EVENT_NETWORK_KPI_CHANGE
03-09 01:58:48.018  2568  2860 D CommonScenarios-113-10251: scenarios low package
03-09 01:58:48.018  2568  2860 D CommonScenarios-113-10251: ActiveState EVENT_NETWORK_KPI_CHANGE score is invalid
03-09 01:58:48.025  4355  4390 V ListServiceUtils: getListValueByName module:control package:audioBoostEnable cost 0us return 0
03-09 01:58:48.026  4355  4390 D AudioRecordExtImpl: checkBoostPermission, audioBoostEnable is disabled
03-09 01:58:48.044  4355  4390 V ListServiceUtils: getListValueByName module:control package:audioBoostEnable cost 1us return 0
03-09 01:58:48.044  4355  4390 D AudioRecordExtImpl: checkBoostPermission, audioBoostEnable is disabled
03-09 01:58:48.064  4355  4390 V ListServiceUtils: getListValueByName module:control package:audioBoostEnable cost 0us return 0
03-09 01:58:48.065  4355  4390 D AudioRecordExtImpl: checkBoostPermission, audioBoostEnable is disabled
03-09 01:58:48.084  4355  4390 V ListServiceUtils: getListValueByName module:control package:audioBoostEnable cost 0us return 0
03-09 01:58:48.085  4355  4390 D AudioRecordExtImpl: checkBoostPermission, audioBoostEnable is disabled
03-09 01:58:48.106  4355  4390 V ListServiceUtils: getListValueByName module:control package:audioBoostEnable cost 0us return 0
03-09 01:58:48.106  4355  4390 D AudioRecordExtImpl: checkBoostPermission, audioBoostEnable is disabled
03-09 01:58:48.126  4355  4390 V ListServiceUtils: getListValueByName module:control package:audioBoostEnable cost 0us return 0
03-09 01:58:48.126  4355  4390 D AudioRecordExtImpl: checkBoostPermission, audioBoostEnable is disabled
03-09 01:58:48.146  4355  4390 V ListServiceUtils: getListValueByName module:control package:audioBoostEnable cost 1us return 0
03-09 01:58:48.146  4355  4390 D AudioRecordExtImpl: checkBoostPermission, audioBoostEnable is disabled
03-09 01:58:48.164  4355  4390 V ListServiceUtils: getListValueByName module:control package:audioBoostEnable cost 0us return 0
03-09 01:58:48.164  4355  4390 D AudioRecordExtImpl: checkBoostPermission, audioBoostEnable is disabled
03-09 01:58:48.184  4355  4390 V ListServiceUtils: getListValueByName module:control package:audioBoostEnable cost 0us return 0
03-09 01:58:48.184  4355  4390 D AudioRecordExtImpl: checkBoostPermission, audioBoostEnable is disabled
03-09 01:58:48.204  4355  4390 V ListServiceUtils: getListValueByName module:control package:audioBoostEnable cost 0us return 0
03-09 01:58:48.204  4355  4390 D AudioRecordExtImpl: checkBoostPermission, audioBoostEnable is disabled
03-09 01:58:48.224  4355  4390 V ListServiceUtils: getListValueByName module:control package:audioBoostEnable cost 0us return 0
03-09 01:58:48.224  4355  4390 D AudioRecordExtImpl: checkBoostPermission, audioBoostEnable is disabled
03-09 01:58:48.246  4355  4390 V ListServiceUtils: getListValueByName module:control package:audioBoostEnable cost 0us return 0
03-09 01:58:48.246  4355  4390 D AudioRecordExtImpl: checkBoostPermission, audioBoostEnable is disabled
03-09 01:58:48.265  4355  4390 V ListServiceUtils: getListValueByName module:control package:audioBoostEnable cost 0us return 0
03-09 01:58:48.265  4355  4390 D AudioRecordExtImpl: checkBoostPermission, audioBoostEnable is disabled
03-09 01:58:48.286  4355  4390 V ListServiceUtils: getListValueByName module:control package:audioBoostEnable cost 1us return 0
03-09 01:58:48.286  4355  4390 D AudioRecordExtImpl: checkBoostPermission, audioBoostEnable is disabled
03-09 01:58:48.306  4355  4390 V ListServiceUtils: getListValueByName module:control package:audioBoostEnable cost 0us return 0
03-09 01:58:48.306  4355  4390 D AudioRecordExtImpl: checkBoostPermission, audioBoostEnable is disabled
03-09 01:58:48.325  4355  4390 V ListServiceUtils: getListValueByName module:control package:audioBoostEnable cost 1us return 0
03-09 01:58:48.325  4355  4390 D AudioRecordExtImpl: checkBoostPermission, audioBoostEnable is disabled
03-09 01:58:48.346  4355  4390 V ListServiceUtils: getListValueByName module:control package:audioBoostEnable cost 0us return 0
03-09 01:58:48.346  4355  4390 D AudioRecordExtImpl: checkBoostPermission, audioBoostEnable is disabled
03-09 01:58:48.365  4355  4390 V ListServiceUtils: getListValueByName module:control package:audioBoostEnable cost 0us return 0
03-09 01:58:48.365  4355  4390 D AudioRecordExtImpl: checkBoostPermission, audioBoostEnable is disabled
03-09 01:58:48.385  4355  4390 V ListServiceUtils: getListValueByName module:control package:audioBoostEnable cost 1us return 0
03-09 01:58:48.385  4355  4390 D AudioRecordExtImpl: checkBoostPermission, audioBoostEnable is disabled
03-09 01:58:48.405  4355  4390 V ListServiceUtils: getListValueByName module:control package:audioBoostEnable cost 1us return 0
03-09 01:58:48.405  4355  4390 D AudioRecordExtImpl: checkBoostPermission, audioBoostEnable is disabled
03-09 01:58:48.425  4355  4390 V ListServiceUtils: getListValueByName module:control package:audioBoostEnable cost 0us return 0
03-09 01:58:48.425  4355  4390 D AudioRecordExtImpl: checkBoostPermission, audioBoostEnable is disabled
03-09 01:58:48.446  4355  4390 V ListServiceUtils: getListValueByName module:control package:audioBoostEnable cost 1us return 0
03-09 01:58:48.446  4355  4390 D AudioRecordExtImpl: checkBoostPermission, audioBoostEnable is disabled
03-09 01:58:48.465  4355  4390 V ListServiceUtils: getListValueByName module:control package:audioBoostEnable cost 0us return 0
03-09 01:58:48.465  4355  4390 D AudioRecordExtImpl: checkBoostPermission, audioBoostEnable is disabled
03-09 01:58:48.486  4355  4390 V ListServiceUtils: getListValueByName module:control package:audioBoostEnable cost 0us return 0
03-09 01:58:48.486  4355  4390 D AudioRecordExtImpl: checkBoostPermission, audioBoostEnable is disabled
03-09 01:58:48.505  4355  4390 V ListServiceUtils: getListValueByName module:control package:audioBoostEnable cost 0us return 0
03-09 01:58:48.505  4355  4390 D AudioRecordExtImpl: checkBoostPermission, audioBoostEnable is disabled
03-09 01:58:48.526  4355  4390 V ListServiceUtils: getListValueByName module:control package:audioBoostEnable cost 0us return 0
03-09 01:58:48.526  4355  4390 D AudioRecordExtImpl: checkBoostPermission, audioBoostEnable is disabled
03-09 01:58:48.544  4355  4390 V ListServiceUtils: getListValueByName module:control package:audioBoostEnable cost 1us return 0
03-09 01:58:48.544  4355  4390 D AudioRecordExtImpl: checkBoostPermission, audioBoostEnable is disabled
03-09 01:58:48.565  4355  4390 V ListServiceUtils: getListValueByName module:control package:audioBoostEnable cost 0us return 0
03-09 01:58:48.565  4355  4390 D AudioRecordExtImpl: checkBoostPermission, audioBoostEnable is disabled
03-09 01:58:48.585  4355  4390 V ListServiceUtils: getListValueByName module:control package:audioBoostEnable cost 0us return 0
03-09 01:58:48.585  4355  4390 D AudioRecordExtImpl: checkBoostPermission, audioBoostEnable is disabled
03-09 01:58:48.604  4355  4390 V ListServiceUtils: getListValueByName module:control package:audioBoostEnable cost 0us return 0
03-09 01:58:48.604  4355  4390 D AudioRecordExtImpl: checkBoostPermission, audioBoostEnable is disabled
03-09 01:58:48.624  4355  4390 V ListServiceUtils: getListValueByName module:control package:audioBoostEnable cost 0us return 0
03-09 01:58:48.624  4355  4390 D AudioRecordExtImpl: checkBoostPermission, audioBoostEnable is disabled
03-09 01:58:48.644  4355  4390 V ListServiceUtils: getListValueByName module:control package:audioBoostEnable cost 1us return 0
03-09 01:58:48.644  4355  4390 D AudioRecordExtImpl: checkBoostPermission, audioBoostEnable is disabled
03-09 01:58:48.665  4355  4390 V ListServiceUtils: getListValueByName module:control package:audioBoostEnable cost 0us return 0
03-09 01:58:48.665  4355  4390 D AudioRecordExtImpl: checkBoostPermission, audioBoostEnable is disabled
03-09 01:58:48.684  4355  4390 V ListServiceUtils: getListValueByName module:control package:audioBoostEnable cost 0us return 0
03-09 01:58:48.684  4355  4390 D AudioRecordExtImpl: checkBoostPermission, audioBoostEnable is disabled
03-09 01:58:48.705  4355  4390 V ListServiceUtils: getListValueByName module:control package:audioBoostEnable cost 0us return 0
03-09 01:58:48.705  4355  4390 D AudioRecordExtImpl: checkBoostPermission, audioBoostEnable is disabled
03-09 01:58:48.724  4355  4390 V ListServiceUtils: getListValueByName module:control package:audioBoostEnable cost 1us return 0
03-09 01:58:48.724  4355  4390 D AudioRecordExtImpl: checkBoostPermission, audioBoostEnable is disabled
03-09 01:58:48.746  4355  4390 V ListServiceUtils: getListValueByName module:control package:audioBoostEnable cost 0us return 0
03-09 01:58:48.746  4355  4390 D AudioRecordExtImpl: checkBoostPermission, audioBoostEnable is disabled
03-09 01:58:48.766  4355  4390 V ListServiceUtils: getListValueByName module:control package:audioBoostEnable cost 1us return 0
03-09 01:58:48.766  4355  4390 D AudioRecordExtImpl: checkBoostPermission, audioBoostEnable is disabled
03-09 01:58:48.785  4355  4390 V ListServiceUtils: getListValueByName module:control package:audioBoostEnable cost 0us return 0
03-09 01:58:48.785  4355  4390 D AudioRecordExtImpl: checkBoostPermission, audioBoostEnable is disabled
03-09 01:58:48.805  4355  4390 V ListServiceUtils: getListValueByName module:control package:audioBoostEnable cost 0us return 0
03-09 01:58:48.805  4355  4390 D AudioRecordExtImpl: checkBoostPermission, audioBoostEnable is disabled
03-09 01:58:48.825  4355  4390 V ListServiceUtils: getListValueByName module:control package:audioBoostEnable cost 0us return 0
03-09 01:58:48.826  4355  4390 D AudioRecordExtImpl: checkBoostPermission, audioBoostEnable is disabled
03-09 01:58:48.844  4355  4390 V ListServiceUtils: getListValueByName module:control package:audioBoostEnable cost 0us return 0
03-09 01:58:48.844  4355  4390 D AudioRecordExtImpl: checkBoostPermission, audioBoostEnable is disabled
03-09 01:58:48.865  4355  4390 V ListServiceUtils: getListValueByName module:control package:audioBoostEnable cost 0us return 0
03-09 01:58:48.865  4355  4390 D AudioRecordExtImpl: checkBoostPermission, audioBoostEnable is disabled
03-09 01:58:48.882  2633  2633 D AtCmdIndication: handleMessage what:1001
03-09 01:58:48.883  2633  2633 D AtCmdParser: [PHONE0]< com.oplus.telephony.AtCmdParser$2@13f2fa4 urc ind:+ECSQ: 77,55,-387,1,1,-20,-407,32768,17,28,32767,32767,32767
03-09 01:58:48.884  4355  4390 V ListServiceUtils: getListValueByName module:control package:audioBoostEnable cost 0us return 0
03-09 01:58:48.884  4355  4390 D AudioRecordExtImpl: checkBoostPermission, audioBoostEnable is disabled
03-09 01:58:48.891  2544  2544 D OplusTelephonyController: onSignalStrengthChanged: SignalStrength=SignalStrength:{mCdma=CellSignalStrengthCdma: cdmaDbm=2147483647 cdmaEcio=2147483647 evdoDbm=2147483647 evdoEcio=2147483647 evdoSnr=2147483647 level=0,mGsm=CellSignalStrengthGsm: rssi=2147483647 ber=2147483647 mTa=2147483647 mLevel=0,mWcdma=CellSignalStrengthWcdma: ss=2147483647 ber=2147483647 rscp=2147483647 ecno=2147483647 level=0,mTdscdma=CellSignalStrengthTdscdma: rssi=2147483647 ber=2147483647 rscp=2147483647 level=0,mLte=CellSignalStrengthLte: rssi=2147483647 rsrp=2147483647 rsrq=2147483647 rssnr=2147483647 cqiTableIndex=2147483647 cqi=2147483647 ta=2147483647 level=0 parametersUseForLevel=0,mNr=CellSignalStrengthNr:{ csiRsrp = 2147483647 csiRsrq = 2147483647 csiCqiTableIndex = 2147483647 csiCqiReport = [] ssRsrp = -102 ssRsrq = -5 ssSinr = 4 level = 1 parametersUseForLevel = 0 timingAdvance = 2147483647 },primary=CellSignalStrengthNr}
03-09 01:58:48.904  4355  4390 V ListServiceUtils: getListValueByName module:control package:audioBoostEnable cost 0us return 0
03-09 01:58:48.904  4355  4390 D AudioRecordExtImpl: checkBoostPermission, audioBoostEnable is disabled
03-09 01:58:48.925  4355  4390 V ListServiceUtils: getListValueByName module:control package:audioBoostEnable cost 1us return 0
03-09 01:58:48.925  4355  4390 D AudioRecordExtImpl: checkBoostPermission, audioBoostEnable is disabled
03-09 01:58:48.938  1047  1047 I BufferQueueProducer: [StatusBar#80](this:0xb400007ad1b5b8f8,id:-1,api:0,p:-1,c:1047) queueBuffer: fps=0.38 dur=2645.21 max=2645.21 min=2645.21
03-09 01:58:48.945  4355  4390 V ListServiceUtils: getListValueByName module:control package:audioBoostEnable cost 0us return 0
03-09 01:58:48.945  4355  4390 D AudioRecordExtImpl: checkBoostPermission, audioBoostEnable is disabled
03-09 01:58:48.964  4355  4390 V ListServiceUtils: getListValueByName module:control package:audioBoostEnable cost 0us return 0
03-09 01:58:48.964  4355  4390 D AudioRecordExtImpl: checkBoostPermission, audioBoostEnable is disabled
03-09 01:58:48.984  4355  4390 V ListServiceUtils: getListValueByName module:control package:audioBoostEnable cost 0us return 0
03-09 01:58:48.984  4355  4390 D AudioRecordExtImpl: checkBoostPermission, audioBoostEnable is disabled
03-09 01:58:49.004  4355  4390 V ListServiceUtils: getListValueByName module:control package:audioBoostEnable cost 1us return 0
03-09 01:58:49.005  4355  4390 D AudioRecordExtImpl: checkBoostPermission, audioBoostEnable is disabled
03-09 01:58:49.011  1047  1047 I BufferQueueProducer: [com.whatsapp/com.whatsapp.Conversation#2302](this:0xb400007abfb838f8,id:-1,api:0,p:-1,c:1047) queueBuffer: fps=2.00 dur=1002.38 max=504.18 min=498.21
03-09 01:58:49.024  4355  4390 V ListServiceUtils: getListValueByName module:control package:audioBoostEnable cost 1us return 0
03-09 01:58:49.025  4355  4390 D AudioRecordExtImpl: checkBoostPermission, audioBoostEnable is disabled
03-09 01:58:49.043  2568  2860 D CommonScenarios-113-10251: transportLayerQosChange TransportLayerData{link_index=34, uid=10251, uplink_srtt=0, uplink_packets=0, uplink_retrans_packets=0, uplink_retrans_rate=0, downlink_srtt=52, downlink_packets=0, downlink_retrans_packets=0, downlink_retrans_rate=0, downlink_rate=0, uplink_udp_packets=0, downlink_udp_packets=0, uplink_tcp_rate=0, uplink_udp_rate=0, downlink_tcp_rate=0, downlink_udp_rate=0}
03-09 01:58:49.043  2568  2860 D CommonScenarios-113-10251: ActiveState process message 2
03-09 01:58:49.044  2568  2860 D CommonScenarios-113-10251: ActiveState EVENT_NETWORK_KPI_CHANGE
03-09 01:58:49.044  2568  2860 D CommonScenarios-113-10251: transport layer data is invalid
03-09 01:58:49.044  2568  2860 D CommonScenarios-113-10251: ActiveState EVENT_NETWORK_KPI_CHANGE score is invalid
03-09 01:58:49.045  4355  4390 V ListServiceUtils: getListValueByName module:control package:audioBoostEnable cost 1us return 0
03-09 01:58:49.045  4355  4390 D AudioRecordExtImpl: checkBoostPermission, audioBoostEnable is disabled
03-09 01:58:49.064  4355  4390 V ListServiceUtils: getListValueByName module:control package:audioBoostEnable cost 0us return 0
03-09 01:58:49.064  4355  4390 D AudioRecordExtImpl: checkBoostPermission, audioBoostEnable is disabled
03-09 01:58:49.085  4355  4390 V ListServiceUtils: getListValueByName module:control package:audioBoostEnable cost 0us return 0
03-09 01:58:49.085  4355  4390 D AudioRecordExtImpl: checkBoostPermission, audioBoostEnable is disabled
03-09 01:58:49.106  4355  4390 V ListServiceUtils: getListValueByName module:control package:audioBoostEnable cost 0us return 0
03-09 01:58:49.106  4355  4390 D AudioRecordExtImpl: checkBoostPermission, audioBoostEnable is disabled
03-09 01:58:49.126  4355  4390 V ListServiceUtils: getListValueByName module:control package:audioBoostEnable cost 0us return 0
03-09 01:58:49.126  4355  4390 D AudioRecordExtImpl: checkBoostPermission, audioBoostEnable is disabled
03-09 01:58:49.144  4355  4390 V ListServiceUtils: getListValueByName module:control package:audioBoostEnable cost 1us return 0
03-09 01:58:49.144  4355  4390 D AudioRecordExtImpl: checkBoostPermission, audioBoostEnable is disabled
03-09 01:58:49.166  4355  4390 V ListServiceUtils: getListValueByName module:control package:audioBoostEnable cost 0us return 0
03-09 01:58:49.166  4355  4390 D AudioRecordExtImpl: checkBoostPermission, audioBoostEnable is disabled
03-09 01:58:49.186  4355  4390 V ListServiceUtils: getListValueByName module:control package:audioBoostEnable cost 1us return 0
03-09 01:58:49.186  4355  4390 D AudioRecordExtImpl: checkBoostPermission, audioBoostEnable is disabled
03-09 01:58:49.205  4355  4390 V ListServiceUtils: getListValueByName module:control package:audioBoostEnable cost 2us return 0
03-09 01:58:49.205  4355  4390 D AudioRecordExtImpl: checkBoostPermission, audioBoostEnable is disabled
03-09 01:58:49.225  4355  4390 V ListServiceUtils: getListValueByName module:control package:audioBoostEnable cost 1us return 0
03-09 01:58:49.225  4355  4390 D AudioRecordExtImpl: checkBoostPermission, audioBoostEnable is disabled
03-09 01:58:49.245  4355  4390 V ListServiceUtils: getListValueByName module:control package:audioBoostEnable cost 0us return 0
03-09 01:58:49.245  4355  4390 D AudioRecordExtImpl: checkBoostPermission, audioBoostEnable is disabled
03-09 01:58:49.264  4355  4390 V ListServiceUtils: getListValueByName module:control package:audioBoostEnable cost 0us return 0
03-09 01:58:49.265  4355  4390 D AudioRecordExtImpl: checkBoostPermission, audioBoostEnable is disabled
03-09 01:58:49.285  4355  4390 V ListServiceUtils: getListValueByName module:control package:audioBoostEnable cost 0us return 0
03-09 01:58:49.285  4355  4390 D AudioRecordExtImpl: checkBoostPermission, audioBoostEnable is disabled
03-09 01:58:49.306  4355  4390 V ListServiceUtils: getListValueByName module:control package:audioBoostEnable cost 1us return 0
03-09 01:58:49.306  4355  4390 D AudioRecordExtImpl: checkBoostPermission, audioBoostEnable is disabled
03-09 01:58:49.326  4355  4390 V ListServiceUtils: getListValueByName module:control package:audioBoostEnable cost 1us return 0
03-09 01:58:49.326  4355  4390 D AudioRecordExtImpl: checkBoostPermission, audioBoostEnable is disabled
03-09 01:58:49.345  4355  4390 V ListServiceUtils: getListValueByName module:control package:audioBoostEnable cost 1us return 0
03-09 01:58:49.346  4355  4390 D AudioRecordExtImpl: checkBoostPermission, audioBoostEnable is disabled
03-09 01:58:49.366  4355  4390 V ListServiceUtils: getListValueByName module:control package:audioBoostEnable cost 0us return 0
03-09 01:58:49.366  4355  4390 D AudioRecordExtImpl: checkBoostPermission, audioBoostEnable is disabled
03-09 01:58:49.385  4355  4390 V ListServiceUtils: getListValueByName module:control package:audioBoostEnable cost 1us return 0
03-09 01:58:49.385  4355  4390 D AudioRecordExtImpl: checkBoostPermission, audioBoostEnable is disabled
03-09 01:58:49.405  4355  4390 V ListServiceUtils: getListValueByName module:control package:audioBoostEnable cost 1us return 0
03-09 01:58:49.405  4355  4390 D AudioRecordExtImpl: checkBoostPermission, audioBoostEnable is disabled
03-09 01:58:49.425  4355  4390 V ListServiceUtils: getListValueByName module:control package:audioBoostEnable cost 0us return 0
03-09 01:58:49.425  4355  4390 D AudioRecordExtImpl: checkBoostPermission, audioBoostEnable is disabled
03-09 01:58:49.446  4355  4390 V ListServiceUtils: getListValueByName module:control package:audioBoostEnable cost 0us return 0
03-09 01:58:49.446  4355  4390 D AudioRecordExtImpl: checkBoostPermission, audioBoostEnable is disabled
03-09 01:58:49.465  4355  4390 V ListServiceUtils: getListValueByName module:control package:audioBoostEnable cost 0us return 0
03-09 01:58:49.465  4355  4390 D AudioRecordExtImpl: checkBoostPermission, audioBoostEnable is disabled
03-09 01:58:49.484  4355  4390 V ListServiceUtils: getListValueByName module:control package:audioBoostEnable cost 1us return 0
03-09 01:58:49.484  4355  4390 D AudioRecordExtImpl: checkBoostPermission, audioBoostEnable is disabled
03-09 01:58:49.505  4355  4390 V ListServiceUtils: getListValueByName module:control package:audioBoostEnable cost 0us return 0
03-09 01:58:49.506  4355  4390 D AudioRecordExtImpl: checkBoostPermission, audioBoostEnable is disabled
03-09 01:58:49.524  4355  4390 V ListServiceUtils: getListValueByName module:control package:audioBoostEnable cost 0us return 0
03-09 01:58:49.524  4355  4390 D AudioRecordExtImpl: checkBoostPermission, audioBoostEnable is disabled
03-09 01:58:49.544  4355  4390 V ListServiceUtils: getListValueByName module:control package:audioBoostEnable cost 0us return 0
03-09 01:58:49.544  4355  4390 D AudioRecordExtImpl: checkBoostPermission, audioBoostEnable is disabled
03-09 01:58:49.565  4355  4390 V ListServiceUtils: getListValueByName module:control package:audioBoostEnable cost 0us return 0
03-09 01:58:49.565  4355  4390 D AudioRecordExtImpl: checkBoostPermission, audioBoostEnable is disabled
03-09 01:58:49.584  4355  4390 V ListServiceUtils: getListValueByName module:control package:audioBoostEnable cost 0us return 0
03-09 01:58:49.585  4355  4390 D AudioRecordExtImpl: checkBoostPermission, audioBoostEnable is disabled
03-09 01:58:49.605  4355  4390 V ListServiceUtils: getListValueByName module:control package:audioBoostEnable cost 0us return 0
03-09 01:58:49.605  4355  4390 D AudioRecordExtImpl: checkBoostPermission, audioBoostEnable is disabled
03-09 01:58:49.625  4355  4390 V ListServiceUtils: getListValueByName module:control package:audioBoostEnable cost 0us return 0
03-09 01:58:49.625  4355  4390 D AudioRecordExtImpl: checkBoostPermission, audioBoostEnable is disabled
03-09 01:58:49.646  4355  4390 V ListServiceUtils: getListValueByName module:control package:audioBoostEnable cost 1us return 0
03-09 01:58:49.646  4355  4390 D AudioRecordExtImpl: checkBoostPermission, audioBoostEnable is disabled
03-09 01:58:49.665  4355  4390 V ListServiceUtils: getListValueByName module:control package:audioBoostEnable cost 0us return 0
03-09 01:58:49.666  4355  4390 D AudioRecordExtImpl: checkBoostPermission, audioBoostEnable is disabled
03-09 01:58:49.685  4355  4390 V ListServiceUtils: getListValueByName module:control package:audioBoostEnable cost 1us return 0
03-09 01:58:49.685  4355  4390 D AudioRecordExtImpl: checkBoostPermission, audioBoostEnable is disabled
03-09 01:58:49.704  4355  4390 V ListServiceUtils: getListValueByName module:control package:audioBoostEnable cost 0us return 0
03-09 01:58:49.704  4355  4390 D AudioRecordExtImpl: checkBoostPermission, audioBoostEnable is disabled
03-09 01:58:49.724  4355  4390 V ListServiceUtils: getListValueByName module:control package:audioBoostEnable cost 0us return 0
03-09 01:58:49.724  4355  4390 D AudioRecordExtImpl: checkBoostPermission, audioBoostEnable is disabled
03-09 01:58:49.745  4355  4390 V ListServiceUtils: getListValueByName module:control package:audioBoostEnable cost 1us return 0
03-09 01:58:49.746  4355  4390 D AudioRecordExtImpl: checkBoostPermission, audioBoostEnable is disabled
03-09 01:58:49.764  4355  4390 V ListServiceUtils: getListValueByName module:control package:audioBoostEnable cost 1us return 0
03-09 01:58:49.765  4355  4390 D AudioRecordExtImpl: checkBoostPermission, audioBoostEnable is disabled
03-09 01:58:49.784  4355  4390 V ListServiceUtils: getListValueByName module:control package:audioBoostEnable cost 1us return 0
03-09 01:58:49.785  4355  4390 D AudioRecordExtImpl: checkBoostPermission, audioBoostEnable is disabled
03-09 01:58:49.805  4355  4390 V ListServiceUtils: getListValueByName module:control package:audioBoostEnable cost 1us return 0
03-09 01:58:49.805  4355  4390 D AudioRecordExtImpl: checkBoostPermission, audioBoostEnable is disabled
03-09 01:58:49.825  4355  4390 V ListServiceUtils: getListValueByName module:control package:audioBoostEnable cost 0us return 0
03-09 01:58:49.825  4355  4390 D AudioRecordExtImpl: checkBoostPermission, audioBoostEnable is disabled
03-09 01:58:49.845  4355  4390 V ListServiceUtils: getListValueByName module:control package:audioBoostEnable cost 1us return 0
03-09 01:58:49.845  4355  4390 D AudioRecordExtImpl: checkBoostPermission, audioBoostEnable is disabled
03-09 01:58:49.864  4355  4390 V ListServiceUtils: getListValueByName module:control package:audioBoostEnable cost 1us return 0
03-09 01:58:49.864  4355  4390 D AudioRecordExtImpl: checkBoostPermission, audioBoostEnable is disabled
03-09 01:58:49.886  4355  4390 V ListServiceUtils: getListValueByName module:control package:audioBoostEnable cost 0us return 0
03-09 01:58:49.886  4355  4390 D AudioRecordExtImpl: checkBoostPermission, audioBoostEnable is disabled
03-09 01:58:49.905  4355  4390 V ListServiceUtils: getListValueByName module:control package:audioBoostEnable cost 0us return 0
03-09 01:58:49.905  4355  4390 D AudioRecordExtImpl: checkBoostPermission, audioBoostEnable is disabled
03-09 01:58:49.927  4355  4390 V ListServiceUtils: getListValueByName module:control package:audioBoostEnable cost 1us return 0
03-09 01:58:49.927  4355  4390 D AudioRecordExtImpl: checkBoostPermission, audioBoostEnable is disabled
03-09 01:58:49.946  4355  4390 V ListServiceUtils: getListValueByName module:control package:audioBoostEnable cost 0us return 0
03-09 01:58:49.946  4355  4390 D AudioRecordExtImpl: checkBoostPermission, audioBoostEnable is disabled
03-09 01:58:49.964  4355  4390 V ListServiceUtils: getListValueByName module:control package:audioBoostEnable cost 1us return 0
03-09 01:58:49.965  4355  4390 D AudioRecordExtImpl: checkBoostPermission, audioBoostEnable is disabled
03-09 01:58:49.985  4355  4390 V ListServiceUtils: getListValueByName module:control package:audioBoostEnable cost 0us return 0
03-09 01:58:49.986  4355  4390 D AudioRecordExtImpl: checkBoostPermission, audioBoostEnable is disabled
03-09 01:58:50.005  4355  4390 V ListServiceUtils: getListValueByName module:control package:audioBoostEnable cost 1us return 0
03-09 01:58:50.005  4355  4390 D AudioRecordExtImpl: checkBoostPermission, audioBoostEnable is disabled
03-09 01:58:50.025  1047  1047 I BufferQueueProducer: [com.whatsapp/com.whatsapp.Conversation#2302](this:0xb400007abfb838f8,id:-1,api:0,p:-1,c:1047) queueBuffer: fps=1.97 dur=1013.70 max=515.17 min=498.53
03-09 01:58:50.025  4355  4390 V ListServiceUtils: getListValueByName module:control package:audioBoostEnable cost 0us return 0
03-09 01:58:50.026  4355  4390 D AudioRecordExtImpl: checkBoostPermission, audioBoostEnable is disabled
03-09 01:58:50.044  4355  4390 V ListServiceUtils: getListValueByName module:control package:audioBoostEnable cost 0us return 0
03-09 01:58:50.044  4355  4390 D AudioRecordExtImpl: checkBoostPermission, audioBoostEnable is disabled
03-09 01:58:50.065  4355  4390 V ListServiceUtils: getListValueByName module:control package:audioBoostEnable cost 0us return 0
03-09 01:58:50.065  4355  4390 D AudioRecordExtImpl: checkBoostPermission, audioBoostEnable is disabled
03-09 01:58:50.066  2568  2860 D CommonScenarios-113-10251: transportLayerQosChange TransportLayerData{link_index=34, uid=10251, uplink_srtt=0, uplink_packets=0, uplink_retrans_packets=0, uplink_retrans_rate=0, downlink_srtt=52, downlink_packets=0, downlink_retrans_packets=0, downlink_retrans_rate=0, downlink_rate=0, uplink_udp_packets=0, downlink_udp_packets=0, uplink_tcp_rate=0, uplink_udp_rate=0, downlink_tcp_rate=0, downlink_udp_rate=0}
03-09 01:58:50.067  2568  2860 D CommonScenarios-113-10251: ActiveState process message 2
03-09 01:58:50.067  2568  2860 D CommonScenarios-113-10251: ActiveState EVENT_NETWORK_KPI_CHANGE
03-09 01:58:50.067  2568  2860 D CommonScenarios-113-10251: transport layer data is invalid
03-09 01:58:50.067  2568  2860 D CommonScenarios-113-10251: ActiveState EVENT_NETWORK_KPI_CHANGE score is invalid
03-09 01:58:50.086  4355  4390 V ListServiceUtils: getListValueByName module:control package:audioBoostEnable cost 1us return 0
03-09 01:58:50.086  4355  4390 D AudioRecordExtImpl: checkBoostPermission, audioBoostEnable is disabled
03-09 01:58:50.104  4355  4390 V ListServiceUtils: getListValueByName module:control package:audioBoostEnable cost 0us return 0
03-09 01:58:50.104  4355  4390 D AudioRecordExtImpl: checkBoostPermission, audioBoostEnable is disabled
03-09 01:58:50.107  3620  3774 I bt_shim_scanner: handle_remote_properties: handle_remote_properties Update device_type=0x3 addr_type=0x1
03-09 01:58:50.124  4355  4390 V ListServiceUtils: getListValueByName module:control package:audioBoostEnable cost 0us return 0
03-09 01:58:50.125  4355  4390 D AudioRecordExtImpl: checkBoostPermission, audioBoostEnable is disabled
03-09 01:58:50.144  4355  4390 V ListServiceUtils: getListValueByName module:control package:audioBoostEnable cost 1us return 0
03-09 01:58:50.144  4355  4390 D AudioRecordExtImpl: checkBoostPermission, audioBoostEnable is disabled
03-09 01:58:50.165  4355  4390 V ListServiceUtils: getListValueByName module:control package:audioBoostEnable cost 0us return 0
03-09 01:58:50.165  4355  4390 D AudioRecordExtImpl: checkBoostPermission, audioBoostEnable is disabled
03-09 01:58:50.185  4355  4390 V ListServiceUtils: getListValueByName module:control package:audioBoostEnable cost 1us return 0
03-09 01:58:50.185  4355  4390 D AudioRecordExtImpl: checkBoostPermission, audioBoostEnable is disabled
03-09 01:58:50.199  3620  3774 I bt_shim_scanner: handle_remote_properties: handle_remote_properties Update device_type=0x3 addr_type=0x1
03-09 01:58:50.205  4355  4390 V ListServiceUtils: getListValueByName module:control package:audioBoostEnable cost 0us return 0
03-09 01:58:50.205  4355  4390 D AudioRecordExtImpl: checkBoostPermission, audioBoostEnable is disabled
03-09 01:58:50.214  1716  1716 D EnvelopeDetectorController: isEnvelopeAssistantEnabled isCancelNotification: true currentUserId: 0 userId: 0
03-09 01:58:50.225  4355  4390 V ListServiceUtils: getListValueByName module:control package:audioBoostEnable cost 1us return 0
03-09 01:58:50.225  4355  4390 D AudioRecordExtImpl: checkBoostPermission, audioBoostEnable is disabled
03-09 01:58:50.245  4355  4390 V ListServiceUtils: getListValueByName module:control package:audioBoostEnable cost 1us return 0
03-09 01:58:50.245  4355  4390 D AudioRecordExtImpl: checkBoostPermission, audioBoostEnable is disabled
03-09 01:58:50.264  4355  4390 V ListServiceUtils: getListValueByName module:control package:audioBoostEnable cost 0us return 0
03-09 01:58:50.265  4355  4390 D AudioRecordExtImpl: checkBoostPermission, audioBoostEnable is disabled
03-09 01:58:50.280   917  4395 W AudioALSACaptureDataProviderNormal: readThread, latency_in_s,0.000004,0.021473,0.000539, totalTime 0.022016 > logTimeout 0.022000 TIMEOUT!!
03-09 01:58:50.287  4355  4390 V ListServiceUtils: getListValueByName module:control package:audioBoostEnable cost 0us return 0
03-09 01:58:50.287  4355  4390 D AudioRecordExtImpl: checkBoostPermission, audioBoostEnable is disabled
03-09 01:58:50.302  1047  1047 I BufferQueueProducer: [StatusBar#80](this:0xb400007ad1b5b8f8,id:-1,api:0,p:-1,c:1047) queueBuffer: fps=0.73 dur=1363.98 max=1363.98 min=1363.98
03-09 01:58:50.305  4355  4390 V ListServiceUtils: getListValueByName module:control package:audioBoostEnable cost 0us return 0
03-09 01:58:50.305  4355  4390 D AudioRecordExtImpl: checkBoostPermission, audioBoostEnable is disabled
03-09 01:58:50.325  4355  4390 V ListServiceUtils: getListValueByName module:control package:audioBoostEnable cost 1us return 0
03-09 01:58:50.325  4355  4390 D AudioRecordExtImpl: checkBoostPermission, audioBoostEnable is disabled
03-09 01:58:50.345  4355  4390 V ListServiceUtils: getListValueByName module:control package:audioBoostEnable cost 0us return 0
03-09 01:58:50.345  4355  4390 D AudioRecordExtImpl: checkBoostPermission, audioBoostEnable is disabled
03-09 01:58:50.365  4355  4390 V ListServiceUtils: getListValueByName module:control package:audioBoostEnable cost 0us return 0
03-09 01:58:50.365  4355  4390 D AudioRecordExtImpl: checkBoostPermission, audioBoostEnable is disabled
03-09 01:58:50.384  4355  4390 V ListServiceUtils: getListValueByName module:control package:audioBoostEnable cost 1us return 0
03-09 01:58:50.385  4355  4390 D AudioRecordExtImpl: checkBoostPermission, audioBoostEnable is disabled
03-09 01:58:50.405  4355  4390 V ListServiceUtils: getListValueByName module:control package:audioBoostEnable cost 0us return 0
03-09 01:58:50.405  4355  4390 D AudioRecordExtImpl: checkBoostPermission, audioBoostEnable is disabled
03-09 01:58:50.424  4355  4390 V ListServiceUtils: getListValueByName module:control package:audioBoostEnable cost 0us return 0
03-09 01:58:50.424  4355  4390 D AudioRecordExtImpl: checkBoostPermission, audioBoostEnable is disabled
03-09 01:58:50.444 23487 23556 D CloudConfig_stgyHelper: mspVersionCanSupport mspKitVersion : 51922
03-09 01:58:50.444  4355  4390 V ListServiceUtils: getListValueByName module:control package:audioBoostEnable cost 0us return 0
03-09 01:58:50.445  4355  4390 D AudioRecordExtImpl: checkBoostPermission, audioBoostEnable is disabled
03-09 01:58:50.449 23487 23556 D CloudConfig_stgyHelper: getSupportKitMode strategyEntity : StrategyEntity(sdkInterval=1800000, strategyMode=1, minSDKVersion=1000, minKitVersion=2011900, validReqPeriod=7200000, maxReqProduct=100, forceKitIfKit=false, backoff=120, enable=true, defaultLimit=RateLimitConfig{maxCalls=1, timeWindowSeconds=1800, callIntervalSeconds=0}, productLimits={})
03-09 01:58:50.449 23487 23556 D CloudConfig_stgyHelper: getSupportKitMode localSdkVersion : 1221
03-09 01:58:50.456 23487 23557 D CloudConfig_stgyHelper: mspVersionCanSupport mspKitVersion : 51922
03-09 01:58:50.462 23487 23557 D CloudConfig_stgyHelper: getSupportKitMode strategyEntity : StrategyEntity(sdkInterval=1800000, strategyMode=1, minSDKVersion=1000, minKitVersion=2011900, validReqPeriod=7200000, maxReqProduct=100, forceKitIfKit=false, backoff=120, enable=true, defaultLimit=RateLimitConfig{maxCalls=1, timeWindowSeconds=1800, callIntervalSeconds=0}, productLimits={})
03-09 01:58:50.462 23487 23557 D CloudConfig_stgyHelper: getSupportKitMode localSdkVersion : 1221
03-09 01:58:50.466  4355  4390 V ListServiceUtils: getListValueByName module:control package:audioBoostEnable cost 1us return 0
03-09 01:58:50.466  4355  4390 D AudioRecordExtImpl: checkBoostPermission, audioBoostEnable is disabled
03-09 01:58:50.486  4355  4390 V ListServiceUtils: getListValueByName module:control package:audioBoostEnable cost 1us return 0
03-09 01:58:50.486  4355  4390 D AudioRecordExtImpl: checkBoostPermission, audioBoostEnable is disabled
03-09 01:58:50.501  4355  4390 V ListServiceUtils: getListValueByName module:control package:audioBoostEnable cost 0us return 0
03-09 01:58:50.501  4355  4390 D AudioRecordExtImpl: checkBoostPermission, audioBoostEnable is disabled
03-09 01:58:50.519 23487 23561 D CloudConfig_stgyHelper: mspVersionCanSupport mspKitVersion : 51922
03-09 01:58:50.525 23487 23561 D CloudConfig_stgyHelper: getSupportKitMode strategyEntity : StrategyEntity(sdkInterval=1800000, strategyMode=1, minSDKVersion=1000, minKitVersion=2011900, validReqPeriod=7200000, maxReqProduct=100, forceKitIfKit=false, backoff=120, enable=true, defaultLimit=RateLimitConfig{maxCalls=1, timeWindowSeconds=1800, callIntervalSeconds=0}, productLimits={})
03-09 01:58:50.525 23487 23561 D CloudConfig_stgyHelper: getSupportKitMode localSdkVersion : 1221
03-09 01:58:50.525  4355  4390 V ListServiceUtils: getListValueByName module:control package:audioBoostEnable cost 1us return 0
03-09 01:58:50.525  4355  4390 D AudioRecordExtImpl: checkBoostPermission, audioBoostEnable is disabled
03-09 01:58:50.545  4355  4390 V ListServiceUtils: getListValueByName module:control package:audioBoostEnable cost 0us return 0
03-09 01:58:50.545  4355  4390 D AudioRecordExtImpl: checkBoostPermission, audioBoostEnable is disabled
03-09 01:58:50.565  4355  4390 V ListServiceUtils: getListValueByName module:control package:audioBoostEnable cost 0us return 0
03-09 01:58:50.565  4355  4390 D AudioRecordExtImpl: checkBoostPermission, audioBoostEnable is disabled
03-09 01:58:50.584  4355  4390 V ListServiceUtils: getListValueByName module:control package:audioBoostEnable cost 1us return 0
03-09 01:58:50.585  4355  4390 D AudioRecordExtImpl: checkBoostPermission, audioBoostEnable is disabled
03-09 01:58:50.604  4355  4390 V ListServiceUtils: getListValueByName module:control package:audioBoostEnable cost 0us return 0
03-09 01:58:50.605  4355  4390 D AudioRecordExtImpl: checkBoostPermission, audioBoostEnable is disabled
03-09 01:58:50.624  4355  4390 V ListServiceUtils: getListValueByName module:control package:audioBoostEnable cost 1us return 0
03-09 01:58:50.625  4355  4390 D AudioRecordExtImpl: checkBoostPermission, audioBoostEnable is disabled
03-09 01:58:50.645  4355  4390 V ListServiceUtils: getListValueByName module:control package:audioBoostEnable cost 1us return 0
03-09 01:58:50.645  4355  4390 D AudioRecordExtImpl: checkBoostPermission, audioBoostEnable is disabled
03-09 01:58:50.665  4355  4390 V ListServiceUtils: getListValueByName module:control package:audioBoostEnable cost 1us return 0
03-09 01:58:50.665  4355  4390 D AudioRecordExtImpl: checkBoostPermission, audioBoostEnable is disabled
03-09 01:58:50.685  4355  4390 V ListServiceUtils: getListValueByName module:control package:audioBoostEnable cost 0us return 0
03-09 01:58:50.685  4355  4390 D AudioRecordExtImpl: checkBoostPermission, audioBoostEnable is disabled
03-09 01:58:50.704  4355  4390 V ListServiceUtils: getListValueByName module:control package:audioBoostEnable cost 0us return 0
03-09 01:58:50.705  4355  4390 D AudioRecordExtImpl: checkBoostPermission, audioBoostEnable is disabled
03-09 01:58:50.725  4355  4390 V ListServiceUtils: getListValueByName module:control package:audioBoostEnable cost 1us return 0
03-09 01:58:50.725  4355  4390 D AudioRecordExtImpl: checkBoostPermission, audioBoostEnable is disabled
03-09 01:58:50.745  4355  4390 V ListServiceUtils: getListValueByName module:control package:audioBoostEnable cost 1us return 0
03-09 01:58:50.745  4355  4390 D AudioRecordExtImpl: checkBoostPermission, audioBoostEnable is disabled
03-09 01:58:50.765  4355  4390 V ListServiceUtils: getListValueByName module:control package:audioBoostEnable cost 0us return 0
03-09 01:58:50.765  4355  4390 D AudioRecordExtImpl: checkBoostPermission, audioBoostEnable is disabled
03-09 01:58:50.784  4355  4390 V ListServiceUtils: getListValueByName module:control package:audioBoostEnable cost 0us return 0
03-09 01:58:50.784  4355  4390 D AudioRecordExtImpl: checkBoostPermission, audioBoostEnable is disabled
03-09 01:58:50.803  2633  2633 D AtCmdIndication: handleMessage what:1001
03-09 01:58:50.803  2633  2633 D AtCmdParser: [PHONE0]< com.oplus.telephony.AtCmdParser$2@13f2fa4 urc ind:+ECSQ: 70,55,-373,1,1,-34,-407,32768,17,28,32767,32767,32767
03-09 01:58:50.806  4355  4390 V ListServiceUtils: getListValueByName module:control package:audioBoostEnable cost 0us return 0
03-09 01:58:50.806  4355  4390 D AudioRecordExtImpl: checkBoostPermission, audioBoostEnable is disabled
03-09 01:58:50.811  2544  2544 D OplusTelephonyController: onSignalStrengthChanged: SignalStrength=SignalStrength:{mCdma=CellSignalStrengthCdma: cdmaDbm=2147483647 cdmaEcio=2147483647 evdoDbm=2147483647 evdoEcio=2147483647 evdoSnr=2147483647 level=0,mGsm=CellSignalStrengthGsm: rssi=2147483647 ber=2147483647 mTa=2147483647 mLevel=0,mWcdma=CellSignalStrengthWcdma: ss=2147483647 ber=2147483647 rscp=2147483647 ecno=2147483647 level=0,mTdscdma=CellSignalStrengthTdscdma: rssi=2147483647 ber=2147483647 rscp=2147483647 level=0,mLte=CellSignalStrengthLte: rssi=2147483647 rsrp=2147483647 rsrq=2147483647 rssnr=2147483647 cqiTableIndex=2147483647 cqi=2147483647 ta=2147483647 level=0 parametersUseForLevel=0,mNr=CellSignalStrengthNr:{ csiRsrp = 2147483647 csiRsrq = 2147483647 csiCqiTableIndex = 2147483647 csiCqiReport = [] ssRsrp = -102 ssRsrq = -9 ssSinr = 4 level = 1 parametersUseForLevel = 0 timingAdvance = 2147483647 },primary=CellSignalStrengthNr}
03-09 01:58:50.826  4355  4390 V ListServiceUtils: getListValueByName module:control package:audioBoostEnable cost 0us return 0
03-09 01:58:50.826  4355  4390 D AudioRecordExtImpl: checkBoostPermission, audioBoostEnable is disabled
03-09 01:58:50.845  4355  4390 V ListServiceUtils: getListValueByName module:control package:audioBoostEnable cost 0us return 0
03-09 01:58:50.845  4355  4390 D AudioRecordExtImpl: checkBoostPermission, audioBoostEnable is disabled
03-09 01:58:50.867  4355  4390 V ListServiceUtils: getListValueByName module:control package:audioBoostEnable cost 1us return 0
03-09 01:58:50.867  4355  4390 D AudioRecordExtImpl: checkBoostPermission, audioBoostEnable is disabled
03-09 01:58:50.886  4355  4390 V ListServiceUtils: getListValueByName module:control package:audioBoostEnable cost 0us return 0
03-09 01:58:50.886  4355  4390 D AudioRecordExtImpl: checkBoostPermission, audioBoostEnable is disabled
03-09 01:58:50.905  4355  4390 V ListServiceUtils: getListValueByName module:control package:audioBoostEnable cost 0us return 0
03-09 01:58:50.905  4355  4390 D AudioRecordExtImpl: checkBoostPermission, audioBoostEnable is disabled
03-09 01:58:50.924  4355  4390 V ListServiceUtils: getListValueByName module:control package:audioBoostEnable cost 1us return 0
03-09 01:58:50.925  4355  4390 D AudioRecordExtImpl: checkBoostPermission, audioBoostEnable is disabled
03-09 01:58:50.945  4355  4390 V ListServiceUtils: getListValueByName module:control package:audioBoostEnable cost 1us return 0
03-09 01:58:50.945  4355  4390 D AudioRecordExtImpl: checkBoostPermission, audioBoostEnable is disabled
03-09 01:58:50.965  4355  4390 V ListServiceUtils: getListValueByName module:control package:audioBoostEnable cost 1us return 0
03-09 01:58:50.965  4355  4390 D AudioRecordExtImpl: checkBoostPermission, audioBoostEnable is disabled
