03-09 01:58:54.805  4355  4390 V ListServiceUtils: getListValueByName module:control package:audioBoostEnable cost 0us return 0
03-09 01:58:54.805  4355  4390 D AudioRecordExtImpl: checkBoostPermission, audioBoostEnable is disabled
03-09 01:58:54.826  4355  4390 V ListServiceUtils: getListValueByName module:control package:audioBoostEnable cost 0us return 0
03-09 01:58:54.826  4355  4390 D AudioRecordExtImpl: checkBoostPermission, audioBoostEnable is disabled
03-09 01:58:54.844  4355  4390 V ListServiceUtils: getListValueByName module:control package:audioBoostEnable cost 0us return 0
03-09 01:58:54.845  4355  4390 D AudioRecordExtImpl: checkBoostPermission, audioBoostEnable is disabled
03-09 01:58:54.866  4355  4390 V ListServiceUtils: getListValueByName module:control package:audioBoostEnable cost 0us return 0
03-09 01:58:54.866  4355  4390 D AudioRecordExtImpl: checkBoostPermission, audioBoostEnable is disabled
03-09 01:58:54.885  4355  4390 V ListServiceUtils: getListValueByName module:control package:audioBoostEnable cost 0us return 0
03-09 01:58:54.885  4355  4390 D AudioRecordExtImpl: checkBoostPermission, audioBoostEnable is disabled
03-09 01:58:54.905  4355  4390 V ListServiceUtils: getListValueByName module:control package:audioBoostEnable cost 0us return 0
03-09 01:58:54.905  4355  4390 D AudioRecordExtImpl: checkBoostPermission, audioBoostEnable is disabled
03-09 01:58:54.925  4355  4390 V ListServiceUtils: getListValueByName module:control package:audioBoostEnable cost 0us return 0
03-09 01:58:54.926  4355  4390 D AudioRecordExtImpl: checkBoostPermission, audioBoostEnable is disabled
03-09 01:58:54.945  4355  4390 V ListServiceUtils: getListValueByName module:control package:audioBoostEnable cost 0us return 0
03-09 01:58:54.945  4355  4390 D AudioRecordExtImpl: checkBoostPermission, audioBoostEnable is disabled
03-09 01:58:54.965  4355  4390 V ListServiceUtils: getListValueByName module:control package:audioBoostEnable cost 0us return 0
03-09 01:58:54.965  4355  4390 D AudioRecordExtImpl: checkBoostPermission, audioBoostEnable is disabled
03-09 01:58:54.985  4355  4390 V ListServiceUtils: getListValueByName module:control package:audioBoostEnable cost 0us return 0
03-09 01:58:54.985  4355  4390 D AudioRecordExtImpl: checkBoostPermission, audioBoostEnable is disabled
03-09 01:58:55.005  4355  4390 V ListServiceUtils: getListValueByName module:control package:audioBoostEnable cost 0us return 0
03-09 01:58:55.006  4355  4390 D AudioRecordExtImpl: checkBoostPermission, audioBoostEnable is disabled
03-09 01:58:55.022   917  4395 W AudioALSACaptureDataProviderNormal: readThread, latency_in_s,0.000005,0.023065,0.000230, totalTime 0.023299 > logTimeout 0.022000 TIMEOUT!!
03-09 01:58:55.029  4355  4390 V ListServiceUtils: getListValueByName module:control package:audioBoostEnable cost 0us return 0
03-09 01:58:55.029  4355  4390 D AudioRecordExtImpl: checkBoostPermission, audioBoostEnable is disabled
03-09 01:58:55.030  1047  1047 I BufferQueueProducer: [com.whatsapp/com.whatsapp.Conversation#2302](this:0xb400007abfb838f8,id:-1,api:0,p:-1,c:1047) queueBuffer: fps=1.99 dur=1002.77 max=501.61 min=501.16
03-09 01:58:55.046  4355  4390 V ListServiceUtils: getListValueByName module:control package:audioBoostEnable cost 1us return 0
03-09 01:58:55.046  4355  4390 D AudioRecordExtImpl: checkBoostPermission, audioBoostEnable is disabled
03-09 01:58:55.065  4355  4390 V ListServiceUtils: getListValueByName module:control package:audioBoostEnable cost 1us return 0
03-09 01:58:55.065  4355  4390 D AudioRecordExtImpl: checkBoostPermission, audioBoostEnable is disabled
03-09 01:58:55.085  4355  4390 V ListServiceUtils: getListValueByName module:control package:audioBoostEnable cost 0us return 0
03-09 01:58:55.085  4355  4390 D AudioRecordExtImpl: checkBoostPermission, audioBoostEnable is disabled
03-09 01:58:55.105  4355  4390 V ListServiceUtils: getListValueByName module:control package:audioBoostEnable cost 0us return 0
03-09 01:58:55.105  4355  4390 D AudioRecordExtImpl: checkBoostPermission, audioBoostEnable is disabled
03-09 01:58:55.126  4355  4390 V ListServiceUtils: getListValueByName module:control package:audioBoostEnable cost 0us return 0
03-09 01:58:55.126  4355  4390 D AudioRecordExtImpl: checkBoostPermission, audioBoostEnable is disabled
03-09 01:58:55.144  4355  4390 V ListServiceUtils: getListValueByName module:control package:audioBoostEnable cost 0us return 0
03-09 01:58:55.145  4355  4390 D AudioRecordExtImpl: checkBoostPermission, audioBoostEnable is disabled
03-09 01:58:55.165  4355  4390 V ListServiceUtils: getListValueByName module:control package:audioBoostEnable cost 0us return 0
03-09 01:58:55.165  4355  4390 D AudioRecordExtImpl: checkBoostPermission, audioBoostEnable is disabled
03-09 01:58:55.186  4355  4390 V ListServiceUtils: getListValueByName module:control package:audioBoostEnable cost 1us return 0
03-09 01:58:55.186  4355  4390 D AudioRecordExtImpl: checkBoostPermission, audioBoostEnable is disabled
03-09 01:58:55.187  2568  2860 D CommonScenarios-113-10251: transportLayerQosChange TransportLayerData{link_index=34, uid=10251, uplink_srtt=0, uplink_packets=0, uplink_retrans_packets=0, uplink_retrans_rate=0, downlink_srtt=52, downlink_packets=0, downlink_retrans_packets=0, downlink_retrans_rate=0, downlink_rate=0, uplink_udp_packets=0, downlink_udp_packets=0, uplink_tcp_rate=0, uplink_udp_rate=0, downlink_tcp_rate=0, downlink_udp_rate=0}
03-09 01:58:55.187  2568  2860 D CommonScenarios-113-10251: ActiveState process message 2
03-09 01:58:55.187  2568  2860 D CommonScenarios-113-10251: ActiveState EVENT_NETWORK_KPI_CHANGE
03-09 01:58:55.187  2568  2860 D CommonScenarios-113-10251: transport layer data is invalid
03-09 01:58:55.187  2568  2860 D CommonScenarios-113-10251: ActiveState EVENT_NETWORK_KPI_CHANGE score is invalid
03-09 01:58:55.206  4355  4390 V ListServiceUtils: getListValueByName module:control package:audioBoostEnable cost 1us return 0
03-09 01:58:55.206  4355  4390 D AudioRecordExtImpl: checkBoostPermission, audioBoostEnable is disabled
03-09 01:58:55.226  4355  4390 V ListServiceUtils: getListValueByName module:control package:audioBoostEnable cost 0us return 0
03-09 01:58:55.226  4355  4390 D AudioRecordExtImpl: checkBoostPermission, audioBoostEnable is disabled
03-09 01:58:55.245  4355  4390 V ListServiceUtils: getListValueByName module:control package:audioBoostEnable cost 0us return 0
03-09 01:58:55.246  4355  4390 D AudioRecordExtImpl: checkBoostPermission, audioBoostEnable is disabled
03-09 01:58:55.266  4355  4390 V ListServiceUtils: getListValueByName module:control package:audioBoostEnable cost 0us return 0
03-09 01:58:55.266  4355  4390 D AudioRecordExtImpl: checkBoostPermission, audioBoostEnable is disabled
03-09 01:58:55.286  4355  4390 V ListServiceUtils: getListValueByName module:control package:audioBoostEnable cost 0us return 0
03-09 01:58:55.286  4355  4390 D AudioRecordExtImpl: checkBoostPermission, audioBoostEnable is disabled
03-09 01:58:55.305  4355  4390 V ListServiceUtils: getListValueByName module:control package:audioBoostEnable cost 0us return 0
03-09 01:58:55.305  4355  4390 D AudioRecordExtImpl: checkBoostPermission, audioBoostEnable is disabled
03-09 01:58:55.326  4355  4390 V ListServiceUtils: getListValueByName module:control package:audioBoostEnable cost 0us return 0
03-09 01:58:55.326  4355  4390 D AudioRecordExtImpl: checkBoostPermission, audioBoostEnable is disabled
03-09 01:58:55.346  4355  4390 V ListServiceUtils: getListValueByName module:control package:audioBoostEnable cost 0us return 0
03-09 01:58:55.346  4355  4390 D AudioRecordExtImpl: checkBoostPermission, audioBoostEnable is disabled
03-09 01:58:55.366  4355  4390 V ListServiceUtils: getListValueByName module:control package:audioBoostEnable cost 0us return 0
03-09 01:58:55.366  4355  4390 D AudioRecordExtImpl: checkBoostPermission, audioBoostEnable is disabled
03-09 01:58:55.385  4355  4390 V ListServiceUtils: getListValueByName module:control package:audioBoostEnable cost 0us return 0
03-09 01:58:55.386  4355  4390 D AudioRecordExtImpl: checkBoostPermission, audioBoostEnable is disabled
03-09 01:58:55.406  4355  4390 V ListServiceUtils: getListValueByName module:control package:audioBoostEnable cost 0us return 0
03-09 01:58:55.406  4355  4390 D AudioRecordExtImpl: checkBoostPermission, audioBoostEnable is disabled
03-09 01:58:55.425  4355  4390 V ListServiceUtils: getListValueByName module:control package:audioBoostEnable cost 0us return 0
03-09 01:58:55.425  4355  4390 D AudioRecordExtImpl: checkBoostPermission, audioBoostEnable is disabled
03-09 01:58:55.445  4355  4390 V ListServiceUtils: getListValueByName module:control package:audioBoostEnable cost 1us return 0
03-09 01:58:55.445  4355  4390 D AudioRecordExtImpl: checkBoostPermission, audioBoostEnable is disabled
03-09 01:58:55.450   940   958 D power@timer: [mtkPowerTimer] visRead:0
03-09 01:58:55.466  4355  4390 V ListServiceUtils: getListValueByName module:control package:audioBoostEnable cost 0us return 0
03-09 01:58:55.466  4355  4390 D AudioRecordExtImpl: checkBoostPermission, audioBoostEnable is disabled
03-09 01:58:55.485  4355  4390 V ListServiceUtils: getListValueByName module:control package:audioBoostEnable cost 0us return 0
03-09 01:58:55.485  4355  4390 D AudioRecordExtImpl: checkBoostPermission, audioBoostEnable is disabled
03-09 01:58:55.506  4355  4390 V ListServiceUtils: getListValueByName module:control package:audioBoostEnable cost 0us return 0
03-09 01:58:55.506  4355  4390 D AudioRecordExtImpl: checkBoostPermission, audioBoostEnable is disabled
03-09 01:58:55.527  4355  4390 V ListServiceUtils: getListValueByName module:control package:audioBoostEnable cost 1us return 0
03-09 01:58:55.527  4355  4390 D AudioRecordExtImpl: checkBoostPermission, audioBoostEnable is disabled
03-09 01:58:55.545  4355  4390 V ListServiceUtils: getListValueByName module:control package:audioBoostEnable cost 1us return 0
03-09 01:58:55.546  4355  4390 D AudioRecordExtImpl: checkBoostPermission, audioBoostEnable is disabled
03-09 01:58:55.565  4355  4390 V ListServiceUtils: getListValueByName module:control package:audioBoostEnable cost 1us return 0
03-09 01:58:55.566  4355  4390 D AudioRecordExtImpl: checkBoostPermission, audioBoostEnable is disabled
03-09 01:58:55.585  4355  4390 V ListServiceUtils: getListValueByName module:control package:audioBoostEnable cost 0us return 0
03-09 01:58:55.585  4355  4390 D AudioRecordExtImpl: checkBoostPermission, audioBoostEnable is disabled
03-09 01:58:55.604  4355  4390 V ListServiceUtils: getListValueByName module:control package:audioBoostEnable cost 0us return 0
03-09 01:58:55.605  4355  4390 D AudioRecordExtImpl: checkBoostPermission, audioBoostEnable is disabled
03-09 01:58:55.625  4355  4390 V ListServiceUtils: getListValueByName module:control package:audioBoostEnable cost 0us return 0
03-09 01:58:55.625  4355  4390 D AudioRecordExtImpl: checkBoostPermission, audioBoostEnable is disabled
03-09 01:58:55.646  4355  4390 V ListServiceUtils: getListValueByName module:control package:audioBoostEnable cost 0us return 0
03-09 01:58:55.646  4355  4390 D AudioRecordExtImpl: checkBoostPermission, audioBoostEnable is disabled
03-09 01:58:55.666  4355  4390 V ListServiceUtils: getListValueByName module:control package:audioBoostEnable cost 0us return 0
03-09 01:58:55.666  4355  4390 D AudioRecordExtImpl: checkBoostPermission, audioBoostEnable is disabled
03-09 01:58:55.672  1388  1388 D AALLightSensor: oldLux=59 [SA:59 LA:56] newLux=59 (oriLux: 60)
03-09 01:58:55.685  4355  4390 V ListServiceUtils: getListValueByName module:control package:audioBoostEnable cost 1us return 0
03-09 01:58:55.685  4355  4390 D AudioRecordExtImpl: checkBoostPermission, audioBoostEnable is disabled
03-09 01:58:55.695 28332 31334 D ShellSubscriberWorkerThread: the first 8 bytes empty, and RestData length > 8 
03-09 01:58:55.704  1716  2191 D OplusSlaParams: getGameHighTemperatureUpThreshold = 430
03-09 01:58:55.704  4355  4390 V ListServiceUtils: getListValueByName module:control package:audioBoostEnable cost 0us return 0
03-09 01:58:55.704  4355  4390 D AudioRecordExtImpl: checkBoostPermission, audioBoostEnable is disabled
03-09 01:58:55.704  1716  2191 D OplusSlaParams: getGameHighTemperatureUpThreshold = 430
03-09 01:58:55.724  4355  4390 V ListServiceUtils: getListValueByName module:control package:audioBoostEnable cost 0us return 0
03-09 01:58:55.725  4355  4390 D AudioRecordExtImpl: checkBoostPermission, audioBoostEnable is disabled
03-09 01:58:55.745  4355  4390 V ListServiceUtils: getListValueByName module:control package:audioBoostEnable cost 1us return 0
03-09 01:58:55.745  4355  4390 D AudioRecordExtImpl: checkBoostPermission, audioBoostEnable is disabled
03-09 01:58:55.765  4355  4390 V ListServiceUtils: getListValueByName module:control package:audioBoostEnable cost 1us return 0
03-09 01:58:55.765  4355  4390 D AudioRecordExtImpl: checkBoostPermission, audioBoostEnable is disabled
03-09 01:58:55.784  4355  4390 V ListServiceUtils: getListValueByName module:control package:audioBoostEnable cost 0us return 0
03-09 01:58:55.785  4355  4390 D AudioRecordExtImpl: checkBoostPermission, audioBoostEnable is disabled
03-09 01:58:55.806  4355  4390 V ListServiceUtils: getListValueByName module:control package:audioBoostEnable cost 1us return 0
03-09 01:58:55.806  4355  4390 D AudioRecordExtImpl: checkBoostPermission, audioBoostEnable is disabled
03-09 01:58:55.824  4355  4390 V ListServiceUtils: getListValueByName module:control package:audioBoostEnable cost 1us return 0
03-09 01:58:55.825  4355  4390 D AudioRecordExtImpl: checkBoostPermission, audioBoostEnable is disabled
03-09 01:58:55.845  4355  4390 V ListServiceUtils: getListValueByName module:control package:audioBoostEnable cost 0us return 0
03-09 01:58:55.845  4355  4390 D AudioRecordExtImpl: checkBoostPermission, audioBoostEnable is disabled
03-09 01:58:55.864  4355  4390 V ListServiceUtils: getListValueByName module:control package:audioBoostEnable cost 0us return 0
03-09 01:58:55.865  4355  4390 D AudioRecordExtImpl: checkBoostPermission, audioBoostEnable is disabled
03-09 01:58:55.886  4355  4390 V ListServiceUtils: getListValueByName module:control package:audioBoostEnable cost 1us return 0
03-09 01:58:55.886  4355  4390 D AudioRecordExtImpl: checkBoostPermission, audioBoostEnable is disabled
03-09 01:58:55.904  4355  4390 V ListServiceUtils: getListValueByName module:control package:audioBoostEnable cost 0us return 0
03-09 01:58:55.904  4355  4390 D AudioRecordExtImpl: checkBoostPermission, audioBoostEnable is disabled
03-09 01:58:55.922   917  4395 W AudioALSACaptureDataProviderNormal: readThread, latency_in_s,0.000003,0.019927,0.003661, totalTime 0.023592 > logTimeout 0.022000 TIMEOUT!!
03-09 01:58:55.925  4355  4390 V ListServiceUtils: getListValueByName module:control package:audioBoostEnable cost 0us return 0
03-09 01:58:55.925  4355  4390 D AudioRecordExtImpl: checkBoostPermission, audioBoostEnable is disabled
03-09 01:58:55.944  4355  4390 V ListServiceUtils: getListValueByName module:control package:audioBoostEnable cost 0us return 0
03-09 01:58:55.945  4355  4390 D AudioRecordExtImpl: checkBoostPermission, audioBoostEnable is disabled
03-09 01:58:55.966  4355  4390 V ListServiceUtils: getListValueByName module:control package:audioBoostEnable cost 1us return 0
03-09 01:58:55.966  4355  4390 D AudioRecordExtImpl: checkBoostPermission, audioBoostEnable is disabled
03-09 01:58:55.985  4355  4390 V ListServiceUtils: getListValueByName module:control package:audioBoostEnable cost 0us return 0
03-09 01:58:55.985  4355  4390 D AudioRecordExtImpl: checkBoostPermission, audioBoostEnable is disabled
03-09 01:58:56.004  4355  4390 V ListServiceUtils: getListValueByName module:control package:audioBoostEnable cost 0us return 0
03-09 01:58:56.005  4355  4390 D AudioRecordExtImpl: checkBoostPermission, audioBoostEnable is disabled
03-09 01:58:56.025  4355  4390 V ListServiceUtils: getListValueByName module:control package:audioBoostEnable cost 1us return 0
03-09 01:58:56.026  4355  4390 D AudioRecordExtImpl: checkBoostPermission, audioBoostEnable is disabled
03-09 01:58:56.034  1047  1047 I BufferQueueProducer: [com.whatsapp/com.whatsapp.Conversation#2302](this:0xb400007abfb838f8,id:-1,api:0,p:-1,c:1047) queueBuffer: fps=1.99 dur=1004.22 max=502.46 min=501.75
03-09 01:58:56.044  4355  4390 V ListServiceUtils: getListValueByName module:control package:audioBoostEnable cost 0us return 0
03-09 01:58:56.045  4355  4390 D AudioRecordExtImpl: checkBoostPermission, audioBoostEnable is disabled
03-09 01:58:56.065  4355  4390 V ListServiceUtils: getListValueByName module:control package:audioBoostEnable cost 0us return 0
03-09 01:58:56.065  4355  4390 D AudioRecordExtImpl: checkBoostPermission, audioBoostEnable is disabled
03-09 01:58:56.085  4355  4390 V ListServiceUtils: getListValueByName module:control package:audioBoostEnable cost 0us return 0
03-09 01:58:56.086  4355  4390 D AudioRecordExtImpl: checkBoostPermission, audioBoostEnable is disabled
03-09 01:58:56.101  1047  1047 I BufferQueueProducer: [StatusBar#80](this:0xb400007ad1b5b8f8,id:-1,api:0,p:-1,c:1047) queueBuffer: fps=0.56 dur=1788.79 max=1788.79 min=1788.79
03-09 01:58:56.105  4355  4390 V ListServiceUtils: getListValueByName module:control package:audioBoostEnable cost 0us return 0
03-09 01:58:56.105  4355  4390 D AudioRecordExtImpl: checkBoostPermission, audioBoostEnable is disabled
03-09 01:58:56.125  4355  4390 V ListServiceUtils: getListValueByName module:control package:audioBoostEnable cost 0us return 0
03-09 01:58:56.125  4355  4390 D AudioRecordExtImpl: checkBoostPermission, audioBoostEnable is disabled
03-09 01:58:56.145  4355  4390 V ListServiceUtils: getListValueByName module:control package:audioBoostEnable cost 0us return 0
03-09 01:58:56.145  4355  4390 D AudioRecordExtImpl: checkBoostPermission, audioBoostEnable is disabled
03-09 01:58:56.165  4355  4390 V ListServiceUtils: getListValueByName module:control package:audioBoostEnable cost 0us return 0
03-09 01:58:56.165  4355  4390 D AudioRecordExtImpl: checkBoostPermission, audioBoostEnable is disabled
03-09 01:58:56.184  4355  4390 V ListServiceUtils: getListValueByName module:control package:audioBoostEnable cost 0us return 0
03-09 01:58:56.184  4355  4390 D AudioRecordExtImpl: checkBoostPermission, audioBoostEnable is disabled
03-09 01:58:56.204  4355  4390 V ListServiceUtils: getListValueByName module:control package:audioBoostEnable cost 1us return 0
03-09 01:58:56.204  4355  4390 D AudioRecordExtImpl: checkBoostPermission, audioBoostEnable is disabled
03-09 01:58:56.210  2568  2860 D CommonScenarios-113-10251: transportLayerQosChange TransportLayerData{link_index=34, uid=10251, uplink_srtt=0, uplink_packets=0, uplink_retrans_packets=0, uplink_retrans_rate=0, downlink_srtt=52, downlink_packets=0, downlink_retrans_packets=0, downlink_retrans_rate=0, downlink_rate=0, uplink_udp_packets=0, downlink_udp_packets=0, uplink_tcp_rate=0, uplink_udp_rate=0, downlink_tcp_rate=0, downlink_udp_rate=0}
03-09 01:58:56.211  2568  2860 D CommonScenarios-113-10251: ActiveState process message 2
03-09 01:58:56.211  2568  2860 D CommonScenarios-113-10251: ActiveState EVENT_NETWORK_KPI_CHANGE
03-09 01:58:56.211  2568  2860 D CommonScenarios-113-10251: transport layer data is invalid
03-09 01:58:56.211  2568  2860 D CommonScenarios-113-10251: ActiveState EVENT_NETWORK_KPI_CHANGE score is invalid
03-09 01:58:56.225  4355  4390 V ListServiceUtils: getListValueByName module:control package:audioBoostEnable cost 1us return 0
03-09 01:58:56.225  4355  4390 D AudioRecordExtImpl: checkBoostPermission, audioBoostEnable is disabled
03-09 01:58:56.244  4355  4390 V ListServiceUtils: getListValueByName module:control package:audioBoostEnable cost 0us return 0
03-09 01:58:56.244  4355  4390 D AudioRecordExtImpl: checkBoostPermission, audioBoostEnable is disabled
03-09 01:58:56.266  4355  4390 V ListServiceUtils: getListValueByName module:control package:audioBoostEnable cost 1us return 0
03-09 01:58:56.266  4355  4390 D AudioRecordExtImpl: checkBoostPermission, audioBoostEnable is disabled
03-09 01:58:56.284  4355  4390 V ListServiceUtils: getListValueByName module:control package:audioBoostEnable cost 1us return 0
03-09 01:58:56.285  4355  4390 D AudioRecordExtImpl: checkBoostPermission, audioBoostEnable is disabled
03-09 01:58:56.299  2307  2307 D OplusPrivacyDotViewController: scheduleUpdate: 
03-09 01:58:56.299  2307  2814 D OplusPrivacyDotViewController: processNextViewState: 
03-09 01:58:56.300  2307  2814 D OplusPrivacyDotViewController: resolveState ViewState(systemPrivacyEventIsActive=false, shadeExpanded=false, qsExpanded=false, rtl=false, rotation=0, height=12, x=50, y=42, cornerIndex=1, designatedCorner=android.widget.FrameLayout{28f5dfe G.E...... ......ID 0,0-12,12 #7f0a051b app:id/icons_container viewInfo = }, contentDescription=null, chipAnimationStart=false, preDraw=false) shouldShowDot false
03-09 01:58:56.305  4355  4390 V ListServiceUtils: getListValueByName module:control package:audioBoostEnable cost 0us return 0
03-09 01:58:56.305  4355  4390 D AudioRecordExtImpl: checkBoostPermission, audioBoostEnable is disabled
03-09 01:58:56.324  4355  4390 V ListServiceUtils: getListValueByName module:control package:audioBoostEnable cost 0us return 0
03-09 01:58:56.325  4355  4390 D AudioRecordExtImpl: checkBoostPermission, audioBoostEnable is disabled
03-09 01:58:56.334  1047  1047 I BufferQueueProducer: [NavigationBar_displayId_0#75](this:0xb400007ac04898f8,id:-1,api:0,p:-1,c:1047) queueBuffer: fps=0.02 dur=60017.22 max=60017.22 min=60017.22
03-09 01:58:56.345  4355  4390 V ListServiceUtils: getListValueByName module:control package:audioBoostEnable cost 1us return 0
03-09 01:58:56.345  4355  4390 D AudioRecordExtImpl: checkBoostPermission, audioBoostEnable is disabled
03-09 01:58:56.365  4355  4390 V ListServiceUtils: getListValueByName module:control package:audioBoostEnable cost 1us return 0
03-09 01:58:56.365  4355  4390 D AudioRecordExtImpl: checkBoostPermission, audioBoostEnable is disabled
03-09 01:58:56.384  4355  4390 V ListServiceUtils: getListValueByName module:control package:audioBoostEnable cost 0us return 0
03-09 01:58:56.384  4355  4390 D AudioRecordExtImpl: checkBoostPermission, audioBoostEnable is disabled
03-09 01:58:56.404  4355  4390 V ListServiceUtils: getListValueByName module:control package:audioBoostEnable cost 0us return 0
03-09 01:58:56.404  4355  4390 D AudioRecordExtImpl: checkBoostPermission, audioBoostEnable is disabled
